Archive member included to satisfy reference by file (symbol)

c:/nxp/mcuxpressoide_10.3.0_2200/ide/plugins/com.nxp.mcuxpresso.tools.win32_10.3.0.201811011841/tools/bin/../lib/gcc/arm-none-eabi/7.3.1/../../../../arm-none-eabi/lib/thumb/v7e-m/fpv4-sp/hard\libcr_nohost_nf.a(_cr__main.o)
                              ./startup/startup_mk64f12.o (__main)
c:/nxp/mcuxpressoide_10.3.0_2200/ide/plugins/com.nxp.mcuxpresso.tools.win32_10.3.0.201811011841/tools/bin/../lib/gcc/arm-none-eabi/7.3.1/../../../../arm-none-eabi/lib/thumb/v7e-m/fpv4-sp/hard\libcr_nohost_nf.a(_cr_assert.o)
                              ./utilities/fsl_debug_console.o (__assertion_failed)
c:/nxp/mcuxpressoide_10.3.0_2200/ide/plugins/com.nxp.mcuxpresso.tools.win32_10.3.0.201811011841/tools/bin/../lib/gcc/arm-none-eabi/7.3.1/../../../../arm-none-eabi/lib/thumb/v7e-m/fpv4-sp/hard\libcr_nohost_nf.a(__ciob.o)
                              c:/nxp/mcuxpressoide_10.3.0_2200/ide/plugins/com.nxp.mcuxpresso.tools.win32_10.3.0.201811011841/tools/bin/../lib/gcc/arm-none-eabi/7.3.1/../../../../arm-none-eabi/lib/thumb/v7e-m/fpv4-sp/hard\libcr_nohost_nf.a(_cr_assert.o) (__Ciob)
c:/nxp/mcuxpressoide_10.3.0_2200/ide/plugins/com.nxp.mcuxpresso.tools.win32_10.3.0.201811011841/tools/bin/../lib/gcc/arm-none-eabi/7.3.1/../../../../arm-none-eabi/lib/thumb/v7e-m/fpv4-sp/hard\libcr_nohost_nf.a(__sys_appexit.o)
                              c:/nxp/mcuxpressoide_10.3.0_2200/ide/plugins/com.nxp.mcuxpresso.tools.win32_10.3.0.201811011841/tools/bin/../lib/gcc/arm-none-eabi/7.3.1/../../../../arm-none-eabi/lib/thumb/v7e-m/fpv4-sp/hard\libcr_nohost_nf.a(_cr_assert.o) (__sys_appexit)
c:/nxp/mcuxpressoide_10.3.0_2200/ide/plugins/com.nxp.mcuxpresso.tools.win32_10.3.0.201811011841/tools/bin/../lib/gcc/arm-none-eabi/7.3.1/../../../../arm-none-eabi/lib/thumb/v7e-m/fpv4-sp/hard\libcr_c.a(memcpy.o)
                              ./drivers/fsl_ftfx_cache.o (memcpy)
c:/nxp/mcuxpressoide_10.3.0_2200/ide/plugins/com.nxp.mcuxpresso.tools.win32_10.3.0.201811011841/tools/bin/../lib/gcc/arm-none-eabi/7.3.1/../../../../arm-none-eabi/lib/thumb/v7e-m/fpv4-sp/hard\libcr_c.a(memset.o)
                              ./utilities/fsl_debug_console.o (memset)
c:/nxp/mcuxpressoide_10.3.0_2200/ide/plugins/com.nxp.mcuxpresso.tools.win32_10.3.0.201811011841/tools/bin/../lib/gcc/arm-none-eabi/7.3.1/../../../../arm-none-eabi/lib/thumb/v7e-m/fpv4-sp/hard\libcr_c.a(_deferredlazyseek.o)
                              c:/nxp/mcuxpressoide_10.3.0_2200/ide/plugins/com.nxp.mcuxpresso.tools.win32_10.3.0.201811011841/tools/bin/../lib/gcc/arm-none-eabi/7.3.1/../../../../arm-none-eabi/lib/thumb/v7e-m/fpv4-sp/hard\libcr_nohost_nf.a(_cr_assert.o) (__flsbuf)
c:/nxp/mcuxpressoide_10.3.0_2200/ide/plugins/com.nxp.mcuxpresso.tools.win32_10.3.0.201811011841/tools/bin/../lib/gcc/arm-none-eabi/7.3.1/../../../../arm-none-eabi/lib/thumb/v7e-m/fpv4-sp/hard\libcr_c.a(_fflush.o)
                              c:/nxp/mcuxpressoide_10.3.0_2200/ide/plugins/com.nxp.mcuxpresso.tools.win32_10.3.0.201811011841/tools/bin/../lib/gcc/arm-none-eabi/7.3.1/../../../../arm-none-eabi/lib/thumb/v7e-m/fpv4-sp/hard\libcr_c.a(_deferredlazyseek.o) (_fflush)
c:/nxp/mcuxpressoide_10.3.0_2200/ide/plugins/com.nxp.mcuxpresso.tools.win32_10.3.0.201811011841/tools/bin/../lib/gcc/arm-none-eabi/7.3.1/../../../../arm-none-eabi/lib/thumb/v7e-m/fpv4-sp/hard\libcr_c.a(_writebuf.o)
                              c:/nxp/mcuxpressoide_10.3.0_2200/ide/plugins/com.nxp.mcuxpresso.tools.win32_10.3.0.201811011841/tools/bin/../lib/gcc/arm-none-eabi/7.3.1/../../../../arm-none-eabi/lib/thumb/v7e-m/fpv4-sp/hard\libcr_c.a(_deferredlazyseek.o) (_Cwritebuf)
c:/nxp/mcuxpressoide_10.3.0_2200/ide/plugins/com.nxp.mcuxpresso.tools.win32_10.3.0.201811011841/tools/bin/../lib/gcc/arm-none-eabi/7.3.1/../../../../arm-none-eabi/lib/thumb/v7e-m/fpv4-sp/hard\libcr_c.a(alloc.o)
                              ./drivers/fsl_common.o (malloc)
c:/nxp/mcuxpressoide_10.3.0_2200/ide/plugins/com.nxp.mcuxpresso.tools.win32_10.3.0.201811011841/tools/bin/../lib/gcc/arm-none-eabi/7.3.1/../../../../arm-none-eabi/lib/thumb/v7e-m/fpv4-sp/hard\libcr_c.a(fputs.o)
                              c:/nxp/mcuxpressoide_10.3.0_2200/ide/plugins/com.nxp.mcuxpresso.tools.win32_10.3.0.201811011841/tools/bin/../lib/gcc/arm-none-eabi/7.3.1/../../../../arm-none-eabi/lib/thumb/v7e-m/fpv4-sp/hard\libcr_nohost_nf.a(_cr_assert.o) (fputs)
c:/nxp/mcuxpressoide_10.3.0_2200/ide/plugins/com.nxp.mcuxpresso.tools.win32_10.3.0.201811011841/tools/bin/../lib/gcc/arm-none-eabi/7.3.1/../../../../arm-none-eabi/lib/thumb/v7e-m/fpv4-sp/hard\libcr_c.a(fseek.o)
                              c:/nxp/mcuxpressoide_10.3.0_2200/ide/plugins/com.nxp.mcuxpresso.tools.win32_10.3.0.201811011841/tools/bin/../lib/gcc/arm-none-eabi/7.3.1/../../../../arm-none-eabi/lib/thumb/v7e-m/fpv4-sp/hard\libcr_c.a(_deferredlazyseek.o) (fseek)
[...]
Memory Configuration

Name             Origin             Length             Attributes
PROGRAM_FLASH    0x00000000         0x00100000         xr
SRAM_UPPER       0x20000000         0x00030000         xrw
SRAM_LOWER       0x1fff0000         0x00010000         xrw
FLEX_RAM         0x14000000         0x00001000         xrw
*default*        0x00000000         0xffffffff

Linker script and memory map

LOAD ./utilities/fsl_assert.o
LOAD ./utilities/fsl_debug_console.o
LOAD ./utilities/fsl_str.o
LOAD ./startup/startup_mk64f12.o
LOAD ./source/freertos_sem.o
LOAD ./source/semihost_hardfault.o
LOAD ./drivers/fsl_clock.o
LOAD ./drivers/fsl_common.o
LOAD ./drivers/fsl_ftfx_cache.o
LOAD ./drivers/fsl_ftfx_controller.o
LOAD ./drivers/fsl_ftfx_flash.o
LOAD ./drivers/fsl_ftfx_flexnvm.o
LOAD ./drivers/fsl_gpio.o
LOAD ./drivers/fsl_smc.o
LOAD ./drivers/fsl_uart.o
LOAD ./device/system_MK64F12.o
LOAD ./component/uart/uart_adapter.o
LOAD ./component/serial_manager/serial_manager.o
LOAD ./component/serial_manager/serial_port_uart.o
LOAD ./component/lists/generic_list.o
LOAD ./board/board.o
LOAD ./board/clock_config.o
LOAD ./board/pin_mux.o
LOAD ./amazon-freertos/FreeRTOS/portable/fsl_tickless_systick.o
LOAD ./amazon-freertos/FreeRTOS/portable/heap_4.o
LOAD ./amazon-freertos/FreeRTOS/portable/port.o
LOAD ./amazon-freertos/FreeRTOS/event_groups.o
LOAD ./amazon-freertos/FreeRTOS/list.o
LOAD ./amazon-freertos/FreeRTOS/queue.o
LOAD ./amazon-freertos/FreeRTOS/stream_buffer.o
LOAD ./amazon-freertos/FreeRTOS/tasks.o
LOAD ./amazon-freertos/FreeRTOS/timers.o
START GROUP
LOAD c:/nxp/mcuxpressoide_10.3.0_2200/ide/plugins/com.nxp.mcuxpresso.tools.win32_10.3.0.201811011841/tools/bin/../lib/gcc/arm-none-eabi/7.3.1/../../../../arm-none-eabi/lib/thumb/v7e-m/fpv4-sp/hard\libcr_nohost_nf.a
LOAD c:/nxp/mcuxpressoide_10.3.0_2200/ide/plugins/com.nxp.mcuxpresso.tools.win32_10.3.0.201811011841/tools/bin/../lib/gcc/arm-none-eabi/7.3.1/../../../../arm-none-eabi/lib/thumb/v7e-m/fpv4-sp/hard\libcr_c.a
LOAD c:/nxp/mcuxpressoide_10.3.0_2200/ide/plugins/com.nxp.mcuxpresso.tools.win32_10.3.0.201811011841/tools/bin/../lib/gcc/arm-none-eabi/7.3.1/thumb/v7e-m/fpv4-sp/hard\libcr_eabihelpers.a
END GROUP
                0x00000000                __base_PROGRAM_FLASH = 0x0
                0x00000000                __base_Flash = 0x0
                0x00100000                __top_PROGRAM_FLASH = 0x100000
                0x00100000                __top_Flash = 0x100000
                0x20000000                __base_SRAM_UPPER = 0x20000000
                0x20000000                __base_RAM = 0x20000000
                0x20030000                __top_SRAM_UPPER = 0x20030000
                0x20030000                __top_RAM = 0x20030000
                0x1fff0000                __base_SRAM_LOWER = 0x1fff0000
                0x1fff0000                __base_RAM2 = 0x1fff0000
                0x20000000                __top_SRAM_LOWER = 0x20000000
                0x20000000                __top_RAM2 = 0x20000000
                0x14000000                __base_FLEX_RAM = 0x14000000
                0x14000000                __base_RAM3 = 0x14000000
                0x14001000                __top_FLEX_RAM = 0x14001000
                0x14001000                __top_RAM3 = 0x14001000

.text           0x00000000     0x6af0
 FILL mask 0xff
                0x00000000                __vectors_start__ = ABSOLUTE (.)
 *(SORT_BY_ALIGNMENT(.isr_vector))
 .isr_vector    0x00000000      0x198 ./startup/startup_mk64f12.o
                0x00000000                g_pfnVectors
                0x00000000                __Vectors
                0x00000198                . = ALIGN (0x4)
                0x00000198                __section_table_start = .
                0x00000198                __data_section_table = .
                0x00000198        0x4 LONG 0x6af0 LOADADDR (.data)
                0x0000019c        0x4 LONG 0x20000000 ADDR (.data)
                0x000001a0        0x4 LONG 0x10 SIZEOF (.data)
                0x000001a4        0x4 LONG 0x6af0 LOADADDR (.data_RAM2)
                0x000001a8        0x4 LONG 0x1fff0000 ADDR (.data_RAM2)
                0x000001ac        0x4 LONG 0x0 SIZEOF (.data_RAM2)
                0x000001b0        0x4 LONG 0x6af0 LOADADDR (.data_RAM3)
                0x000001b4        0x4 LONG 0x14000000 ADDR (.data_RAM3)
                0x000001b8        0x4 LONG 0x0 SIZEOF (.data_RAM3)
                0x000001bc                __data_section_table_end = .
                0x000001bc                __bss_section_table = .
                0x000001bc        0x4 LONG 0x20000010 ADDR (.bss)
                0x000001c0        0x4 LONG 0x2ac0 SIZEOF (.bss)
                0x000001c4        0x4 LONG 0x1fff0000 ADDR (.bss_RAM2)
                0x000001c8        0x4 LONG 0x0 SIZEOF (.bss_RAM2)
                0x000001cc        0x4 LONG 0x14000000 ADDR (.bss_RAM3)
                0x000001d0        0x4 LONG 0x0 SIZEOF (.bss_RAM3)
                0x000001d4                __bss_section_table_end = .
                0x000001d4                __section_table_end = .
 *(SORT_BY_ALIGNMENT(.after_vectors*))
 .after_vectors.reset
                0x000001d4       0x4c ./startup/startup_mk64f12.o
                0x000001d4                ResetISR
 .after_vectors.init_data
                0x00000220       0x1e ./startup/startup_mk64f12.o
                0x00000220                data_init
 .after_vectors.init_bss
                0x0000023e       0x12 ./startup/startup_mk64f12.o
                0x0000023e                bss_init
 .after_vectors
                0x00000250       0x14 ./startup/startup_mk64f12.o
                0x00000250                NMI_Handler
                0x00000254                MemManage_Handler
                0x00000256                BusFault_Handler
                0x00000258                UsageFault_Handler
                0x0000025c                DebugMon_Handler
                0x00000262                LPTMR0_DriverIRQHandler
                0x00000262                DMA_Error_DriverIRQHandler
                0x00000262                SPI1_DriverIRQHandler
                0x00000262                FTM1_DriverIRQHandler
                0x00000262                FTM2_DriverIRQHandler
                0x00000262                PIT2_DriverIRQHandler
                0x00000262                SDHC_DriverIRQHandler
                0x00000262                I2S0_Tx_DriverIRQHandler
                0x00000262                RTC_Seconds_DriverIRQHandler
                0x00000262                DMA6_DriverIRQHandler
                0x00000262                LLWU_DriverIRQHandler
                0x00000262                MCM_DriverIRQHandler
                0x00000262                MCG_DriverIRQHandler
                0x00000262                ENET_1588_Timer_DriverIRQHandler
                0x00000262                I2C2_DriverIRQHandler
                0x00000262                DAC1_DriverIRQHandler
                0x00000262                DMA12_DriverIRQHandler
                0x00000262                CMP1_DriverIRQHandler
                0x00000262                FTM0_DriverIRQHandler
                0x00000262                IntDefaultHandler
                0x00000262                USB0_DriverIRQHandler
                0x00000262                UART5_ERR_DriverIRQHandler
                0x00000262                PORTC_DriverIRQHandler
                0x00000262                DMA11_DriverIRQHandler
                0x00000262                DAC0_DriverIRQHandler
                0x00000262                DMA10_DriverIRQHandler
                0x00000262                CMP2_DriverIRQHandler
                0x00000262                UART2_ERR_DriverIRQHandler
                0x00000262                SPI2_DriverIRQHandler
                0x00000262                LVD_LVW_DriverIRQHandler
                0x00000262                PIT0_DriverIRQHandler
                0x00000262                PORTB_DriverIRQHandler
                0x00000262                DMA5_DriverIRQHandler
                0x00000262                DMA4_DriverIRQHandler
                0x00000262                USBDCD_DriverIRQHandler
                0x00000262                UART3_ERR_DriverIRQHandler
                0x00000262                DMA3_DriverIRQHandler
                0x00000262                DMA8_DriverIRQHandler
                0x00000262                DMA9_DriverIRQHandler
                0x00000262                UART0_ERR_DriverIRQHandler
                0x00000262                CMT_DriverIRQHandler
                0x00000262                Reserved71_DriverIRQHandler
                0x00000262                ADC1_DriverIRQHandler
                0x00000262                PORTA_DriverIRQHandler
                0x00000262                DMA14_DriverIRQHandler
                0x00000262                PIT3_DriverIRQHandler
                0x00000262                PIT1_DriverIRQHandler
                0x00000262                WDOG_EWM_DriverIRQHandler
                0x00000262                PDB0_DriverIRQHandler
                0x00000262                RTC_DriverIRQHandler
                0x00000262                I2S0_Rx_DriverIRQHandler
                0x00000262                Read_Collision_DriverIRQHandler
                0x00000262                SWI_DriverIRQHandler
                0x00000262                UART4_ERR_DriverIRQHandler
                0x00000262                DMA0_DriverIRQHandler
                0x00000262                UART0_LON_DriverIRQHandler
                0x00000262                DMA1_DriverIRQHandler
                0x00000262                I2C1_DriverIRQHandler
                0x00000262                ENET_Receive_DriverIRQHandler
                0x00000262                DMA13_DriverIRQHandler
                0x00000262                ENET_Error_DriverIRQHandler
                0x00000262                DMA15_DriverIRQHandler
                0x00000262                SPI0_DriverIRQHandler
                0x00000262                ADC0_DriverIRQHandler
                0x00000262                CMP0_DriverIRQHandler
                0x00000262                CAN0_DriverIRQHandler
                0x00000262                FTM3_DriverIRQHandler
                0x00000262                RNG_DriverIRQHandler
                0x00000262                UART1_ERR_DriverIRQHandler
                0x00000262                DMA2_DriverIRQHandler
                0x00000262                ENET_Transmit_DriverIRQHandler
                0x00000262                PORTD_DriverIRQHandler
                0x00000262                PORTE_DriverIRQHandler
                0x00000262                FTFE_DriverIRQHandler
                0x00000262                I2C0_DriverIRQHandler
                0x00000262                DMA7_DriverIRQHandler
                0x00000400                . = 0x400
 *fill*         0x00000264      0x19c ff
                0x00000400                PROVIDE (__FLASH_CONFIG_START__ = .)
 *(SORT_BY_ALIGNMENT(.FlashConfig))
 .FlashConfig   0x00000400       0x10 ./startup/startup_mk64f12.o
                0x00000400                Flash_Config
                0x00000410                PROVIDE (__FLASH_CONFIG_END__ = .)
                0x00000001                ASSERT (! ((__FLASH_CONFIG_START__ == __FLASH_CONFIG_END__)), Linker Flash Config Support Enabled, but no .FlashConfig section provided within application)
 *(SORT_BY_ALIGNMENT(.text*))
 .text.SVC_Handler
                0x00000410       0x28 ./amazon-freertos/FreeRTOS/portable/port.o
                0x00000410                SVC_Handler
 *fill*         0x00000438        0x8 ff
 .text.PendSV_Handler
                0x00000440       0x68 ./amazon-freertos/FreeRTOS/portable/port.o
                0x00000440                PendSV_Handler
 .text.DbgConsole_SendData
                0x000004a8       0x58 ./utilities/fsl_debug_console.o
                0x000004a8                DbgConsole_SendData
 .text.DbgConsole_Init
                0x00000500       0xf8 ./utilities/fsl_debug_console.o
                0x00000500                DbgConsole_Init
 .text.DbgConsole_Printf
                0x000005f8       0x64 ./utilities/fsl_debug_console.o
                0x000005f8                DbgConsole_Printf
 .text.main     0x0000065c       0x48 ./source/freertos_sem.o
                0x0000065c                main
 .text.producer_task
                0x000006a4      0x154 ./source/freertos_sem.o
 .text.consumer_task
                0x000007f8       0xb0 ./source/freertos_sem.o
 .text.CLOCK_SetEr32kClock
                0x000008a8       0x30 ./drivers/fsl_clock.o
 .text.CLOCK_SetPllFllSelClock
                0x000008d8       0x3c ./drivers/fsl_clock.o
 .text.CLOCK_GetMcgExtClkFreq
                0x00000914       0x78 ./drivers/fsl_clock.o
 .text.CLOCK_GetFllExtRefClkFreq
                0x0000098c       0xd0 ./drivers/fsl_clock.o
 .text.CLOCK_GetInternalRefClkSelectFreq
                0x00000a5c       0x44 ./drivers/fsl_clock.o
 .text.CLOCK_GetFllRefClkFreq
                0x00000aa0       0x2c ./drivers/fsl_clock.o
 .text.CLOCK_GetOscRangeFromFreq
                0x00000acc       0x3c ./drivers/fsl_clock.o
 .text.CLOCK_GetCoreSysClkFreq
                0x00000b08       0x28 ./drivers/fsl_clock.o
                0x00000b08                CLOCK_GetCoreSysClkFreq
 .text.CLOCK_SetSimConfig
                0x00000b30       0x38 ./drivers/fsl_clock.o
                0x00000b30                CLOCK_SetSimConfig
 .text.CLOCK_GetOutClkFreq
                0x00000b68       0x64 ./drivers/fsl_clock.o
                0x00000b68                CLOCK_GetOutClkFreq
 .text.CLOCK_GetFllFreq
                0x00000bcc       0x7c ./drivers/fsl_clock.o
                0x00000bcc                CLOCK_GetFllFreq
 .text.CLOCK_GetPll0Freq
                0x00000c48       0x68 ./drivers/fsl_clock.o
                0x00000c48                CLOCK_GetPll0Freq
 .text.CLOCK_SetExternalRefClkConfig
                0x00000cb0       0x6c ./drivers/fsl_clock.o
                0x00000cb0                CLOCK_SetExternalRefClkConfig
 .text.CLOCK_SetInternalRefClkConfig
                0x00000d1c      0x104 ./drivers/fsl_clock.o
                0x00000d1c                CLOCK_SetInternalRefClkConfig
 .text.CLOCK_EnablePll0
                0x00000e20       0x84 ./drivers/fsl_clock.o
                0x00000e20                CLOCK_EnablePll0
 .text.CLOCK_InitOsc0
                0x00000ea4       0x8c ./drivers/fsl_clock.o
                0x00000ea4                CLOCK_InitOsc0
 .text.CLOCK_SetPbeMode
                0x00000f30       0xa8 ./drivers/fsl_clock.o
                0x00000f30                CLOCK_SetPbeMode
 .text.CLOCK_BootToPeeMode
                0x00000fd8       0x64 ./drivers/fsl_clock.o
                0x00000fd8                CLOCK_BootToPeeMode
 .text.UART_GetInstance
                0x0000103c       0x54 ./drivers/fsl_uart.o
                0x0000103c                UART_GetInstance
 .text.UART_Init
                0x00001090      0x2d8 ./drivers/fsl_uart.o
                0x00001090                UART_Init
 .text.UART_GetDefaultConfig
                0x00001368       0x68 ./drivers/fsl_uart.o
                0x00001368                UART_GetDefaultConfig
 .text.UART0_DriverIRQHandler
                0x000013d0       0x28 ./drivers/fsl_uart.o
                0x000013d0                UART0_DriverIRQHandler
 .text.UART1_DriverIRQHandler
                0x000013f8       0x28 ./drivers/fsl_uart.o
                0x000013f8                UART1_DriverIRQHandler
 .text.UART2_DriverIRQHandler
                0x00001420       0x28 ./drivers/fsl_uart.o
                0x00001420                UART2_DriverIRQHandler
 .text.UART3_DriverIRQHandler
                0x00001448       0x28 ./drivers/fsl_uart.o
                0x00001448                UART3_DriverIRQHandler
 .text.UART4_DriverIRQHandler
                0x00001470       0x28 ./drivers/fsl_uart.o
                0x00001470                UART4_DriverIRQHandler
 .text.UART5_DriverIRQHandler
                0x00001498       0x28 ./drivers/fsl_uart.o
                0x00001498                UART5_DriverIRQHandler
 .text.SystemInit
                0x000014c0       0x3c ./device/system_MK64F12.o
                0x000014c0                SystemInit
 .text.HAL_UartInit
                0x000014fc      0x108 ./component/uart/uart_adapter.o
                0x000014fc                HAL_UartInit
 .text.HAL_UartSendBlocking
                0x00001604       0x64 ./component/uart/uart_adapter.o
                0x00001604                HAL_UartSendBlocking
 .text.SerialManager_Write
                0x00001668       0x6c ./component/serial_manager/serial_manager.o
 .text.SerialManager_Init
                0x000016d4       0x74 ./component/serial_manager/serial_manager.o
                0x000016d4                SerialManager_Init
 .text.SerialManager_OpenWriteHandle
                0x00001748       0x58 ./component/serial_manager/serial_manager.o
                0x00001748                SerialManager_OpenWriteHandle
 .text.SerialManager_OpenReadHandle
                0x000017a0       0x60 ./component/serial_manager/serial_manager.o
                0x000017a0                SerialManager_OpenReadHandle
 .text.Serial_UartInit
                0x00001800       0x80 ./component/serial_manager/serial_port_uart.o
                0x00001800                Serial_UartInit
 .text.Serial_UartWrite
                0x00001880       0x58 ./component/serial_manager/serial_port_uart.o
                0x00001880                Serial_UartWrite
 .text.CLOCK_SetSimSafeDivs
                0x000018d8       0x20 ./board/clock_config.o
 .text.CLOCK_SetXtal0Freq
                0x000018f8       0x20 ./board/clock_config.o
 .text.CLOCK_CONFIG_SetFllExtRefDiv
                0x00001918       0x3c ./board/clock_config.o
 .text.BOARD_BootClockRUN
                0x00001954       0x60 ./board/clock_config.o
                0x00001954                BOARD_BootClockRUN
 .text.BOARD_InitPins
                0x000019b4       0x48 ./board/pin_mux.o
                0x000019b4                BOARD_InitPins
 .text.vPortSetupTimerInterrupt
                0x000019fc       0x48 ./amazon-freertos/FreeRTOS/portable/fsl_tickless_systick.o
                0x000019fc                vPortSetupTimerInterrupt
 .text.pvPortMalloc
                0x00001a44      0x184 ./amazon-freertos/FreeRTOS/portable/heap_4.o
                0x00001a44                pvPortMalloc
 .text.vPortFree
                0x00001bc8       0xb0 ./amazon-freertos/FreeRTOS/portable/heap_4.o
                0x00001bc8                vPortFree
 .text.prvHeapInit
                0x00001c78       0xc4 ./amazon-freertos/FreeRTOS/portable/heap_4.o
 .text.prvInsertBlockIntoFreeList
                0x00001d3c       0xb4 ./amazon-freertos/FreeRTOS/portable/heap_4.o
 .text.pxPortInitialiseStack
                0x00001df0       0x68 ./amazon-freertos/FreeRTOS/portable/port.o
                0x00001df0                pxPortInitialiseStack
 .text.prvTaskExitError
                0x00001e58       0x54 ./amazon-freertos/FreeRTOS/portable/port.o
 .text.prvPortStartFirstTask
                0x00001eac       0x28 ./amazon-freertos/FreeRTOS/portable/port.o
 .text.xPortStartScheduler
                0x00001ed4      0x13c ./amazon-freertos/FreeRTOS/portable/port.o
                0x00001ed4                xPortStartScheduler
 .text.vPortEnterCritical
                0x00002010       0x5c ./amazon-freertos/FreeRTOS/portable/port.o
                0x00002010                vPortEnterCritical
 .text.vPortExitCritical
                0x0000206c       0x50 ./amazon-freertos/FreeRTOS/portable/port.o
                0x0000206c                vPortExitCritical
 .text.SysTick_Handler
                0x000020bc       0x40 ./amazon-freertos/FreeRTOS/portable/port.o
                0x000020bc                SysTick_Handler
 .text.vPortEnableVFP
                0x000020fc       0x14 ./amazon-freertos/FreeRTOS/portable/port.o
 .text.vPortValidateInterruptPriority
                0x00002110       0x7c ./amazon-freertos/FreeRTOS/portable/port.o
                0x00002110                vPortValidateInterruptPriority
 .text.xQueueGenericReset
                0x0000218c       0xd0 ./amazon-freertos/FreeRTOS/queue.o
                0x0000218c                xQueueGenericReset
 .text.xQueueGenericSend
                0x0000225c      0x1f4 ./amazon-freertos/FreeRTOS/queue.o
                0x0000225c                xQueueGenericSend
 .text.xQueueReceive
                0x00002450      0x1b8 ./amazon-freertos/FreeRTOS/queue.o
                0x00002450                xQueueReceive
 .text.xQueueSemaphoreTake
                0x00002608      0x214 ./amazon-freertos/FreeRTOS/queue.o
                0x00002608                xQueueSemaphoreTake
 .text.vQueueAddToRegistry
                0x0000281c       0x50 ./amazon-freertos/FreeRTOS/queue.o
                0x0000281c                vQueueAddToRegistry
 .text.prvAddNewTaskToReadyList
                0x0000286c       0xdc ./amazon-freertos/FreeRTOS/tasks.o
 .text.vTaskSuspend
                0x00002948      0x124 ./amazon-freertos/FreeRTOS/tasks.o
                0x00002948                vTaskSuspend
 .text.vTaskStartScheduler
                0x00002a6c       0x98 ./amazon-freertos/FreeRTOS/tasks.o
                0x00002a6c                vTaskStartScheduler
 .text.vTaskSuspendAll
                0x00002b04       0x1c ./amazon-freertos/FreeRTOS/tasks.o
                0x00002b04                vTaskSuspendAll
 .text.xTaskResumeAll
                0x00002b20      0x138 ./amazon-freertos/FreeRTOS/tasks.o
                0x00002b20                xTaskResumeAll
 .text.xTaskGetTickCount
                0x00002c58       0x20 ./amazon-freertos/FreeRTOS/tasks.o
                0x00002c58                xTaskGetTickCount
 .text.xTaskIncrementTick
                0x00002c78      0x158 ./amazon-freertos/FreeRTOS/tasks.o
                0x00002c78                xTaskIncrementTick
 .text.vTaskSwitchContext
                0x00002dd0       0xb4 ./amazon-freertos/FreeRTOS/tasks.o
                0x00002dd0                vTaskSwitchContext
 .text.vTaskPlaceOnEventList
                0x00002e84       0x48 ./amazon-freertos/FreeRTOS/tasks.o
                0x00002e84                vTaskPlaceOnEventList
 .text.vTaskPlaceOnEventListRestricted
                0x00002ecc       0x54 ./amazon-freertos/FreeRTOS/tasks.o
                0x00002ecc                vTaskPlaceOnEventListRestricted
 .text.xTaskRemoveFromEventList
                0x00002f20       0xc4 ./amazon-freertos/FreeRTOS/tasks.o
                0x00002f20                xTaskRemoveFromEventList
 .text.vTaskInternalSetTimeOutState
                0x00002fe4       0x2c ./amazon-freertos/FreeRTOS/tasks.o
                0x00002fe4                vTaskInternalSetTimeOutState
 .text.xTaskCheckForTimeOut
                0x00003010       0xc0 ./amazon-freertos/FreeRTOS/tasks.o
                0x00003010                xTaskCheckForTimeOut
 .text.vTaskMissedYield
                0x000030d0       0x18 ./amazon-freertos/FreeRTOS/tasks.o
                0x000030d0                vTaskMissedYield
 .text.prvIdleTask
                0x000030e8       0x30 ./amazon-freertos/FreeRTOS/tasks.o
 .text.prvInitialiseTaskLists
                0x00003118       0x80 ./amazon-freertos/FreeRTOS/tasks.o
 .text.prvCheckTasksWaitingTermination
                0x00003198       0x58 ./amazon-freertos/FreeRTOS/tasks.o
 .text.prvResetNextTaskUnblockTime
                0x000031f0       0x4c ./amazon-freertos/FreeRTOS/tasks.o
 .text.xTaskGetSchedulerState
                0x0000323c       0x3c ./amazon-freertos/FreeRTOS/tasks.o
                0x0000323c                xTaskGetSchedulerState
 .text.xTaskPriorityInherit
                0x00003278      0x10c ./amazon-freertos/FreeRTOS/tasks.o
                0x00003278                xTaskPriorityInherit
 .text.xTaskPriorityDisinherit
                0x00003384      0x108 ./amazon-freertos/FreeRTOS/tasks.o
                0x00003384                xTaskPriorityDisinherit
 .text.vTaskPriorityDisinheritAfterTimeout
                0x0000348c      0x13c ./amazon-freertos/FreeRTOS/tasks.o
                0x0000348c                vTaskPriorityDisinheritAfterTimeout
 .text.pvTaskIncrementMutexHeldCount
                0x000035c8       0x28 ./amazon-freertos/FreeRTOS/tasks.o
                0x000035c8                pvTaskIncrementMutexHeldCount
 .text.prvAddCurrentTaskToDelayedList
                0x000035f0       0xcc ./amazon-freertos/FreeRTOS/tasks.o
 .text.xTimerCreateTimerTask
                0x000036bc       0x64 ./amazon-freertos/FreeRTOS/timers.o
                0x000036bc                xTimerCreateTimerTask
 .text.xTimerGenericCommand
                0x00003720       0x98 ./amazon-freertos/FreeRTOS/timers.o
                0x00003720                xTimerGenericCommand
 .text.prvProcessExpiredTimer
                0x000037b8       0x80 ./amazon-freertos/FreeRTOS/timers.o
 .text.prvProcessTimerOrBlockTask
                0x00003838       0x9c ./amazon-freertos/FreeRTOS/timers.o
 .text.prvGetNextExpireTime
                0x000038d4       0x48 ./amazon-freertos/FreeRTOS/timers.o
 .text.prvSampleTimeNow
                0x0000391c       0x40 ./amazon-freertos/FreeRTOS/timers.o
 .text.prvInsertTimerInActiveList
                0x0000395c       0x84 ./amazon-freertos/FreeRTOS/timers.o
 .text.prvProcessReceivedCommands
                0x000039e0      0x154 ./amazon-freertos/FreeRTOS/timers.o
 .text.prvSwitchTimerLists
                0x00003b34       0xc0 ./amazon-freertos/FreeRTOS/timers.o
 .text.prvCheckForValidListAndQueue
                0x00003bf4       0x6c ./amazon-freertos/FreeRTOS/timers.o
 .text.__assertion_failed
                0x00003c60       0x4c c:/nxp/mcuxpressoide_10.3.0_2200/ide/plugins/com.nxp.mcuxpresso.tools.win32_10.3.0.201811011841/tools/bin/../lib/gcc/arm-none-eabi/7.3.1/../../../../arm-none-eabi/lib/thumb/v7e-m/fpv4-sp/hard\libcr_nohost_nf.a(_cr_assert.o)
                0x00003c60                __assertion_failed
 .text._Cwritebuf
                0x00003cac       0x6c c:/nxp/mcuxpressoide_10.3.0_2200/ide/plugins/com.nxp.mcuxpresso.tools.win32_10.3.0.201811011841/tools/bin/../lib/gcc/arm-none-eabi/7.3.1/../../../../arm-none-eabi/lib/thumb/v7e-m/fpv4-sp/hard\libcr_c.a(_writebuf.o)
                0x00003cac                _Cwritebuf
 .text.malloc   0x00003d18       0xc8 c:/nxp/mcuxpressoide_10.3.0_2200/ide/plugins/com.nxp.mcuxpresso.tools.win32_10.3.0.201811011841/tools/bin/../lib/gcc/arm-none-eabi/7.3.1/../../../../arm-none-eabi/lib/thumb/v7e-m/fpv4-sp/hard\libcr_c.a(alloc.o)
                0x00003d18                malloc
 .text._Csys_alloc
                0x00003de0       0x20 c:/nxp/mcuxpressoide_10.3.0_2200/ide/plugins/com.nxp.mcuxpresso.tools.win32_10.3.0.201811011841/tools/bin/../lib/gcc/arm-none-eabi/7.3.1/../../../../arm-none-eabi/lib/thumb/v7e-m/fpv4-sp/hard\libcr_c.a(alloc.o)
                0x00003de0                _Csys_alloc
 .text.fseek    0x00003e00      0x100 c:/nxp/mcuxpressoide_10.3.0_2200/ide/plugins/com.nxp.mcuxpresso.tools.win32_10.3.0.201811011841/tools/bin/../lib/gcc/arm-none-eabi/7.3.1/../../../../arm-none-eabi/lib/thumb/v7e-m/fpv4-sp/hard\libcr_c.a(fseek.o)
                0x00003e00                fseek
 .text.ftell    0x00003f00       0x44 c:/nxp/mcuxpressoide_10.3.0_2200/ide/plugins/com.nxp.mcuxpresso.tools.win32_10.3.0.201811011841/tools/bin/../lib/gcc/arm-none-eabi/7.3.1/../../../../arm-none-eabi/lib/thumb/v7e-m/fpv4-sp/hard\libcr_c.a(ftell.o)
                0x00003f00                ftell
 .text._initio  0x00003f44       0x78 c:/nxp/mcuxpressoide_10.3.0_2200/ide/plugins/com.nxp.mcuxpresso.tools.win32_10.3.0.201811011841/tools/bin/../lib/gcc/arm-none-eabi/7.3.1/../../../../arm-none-eabi/lib/thumb/v7e-m/fpv4-sp/hard\libcr_c.a(initio.o)
                0x00003f44                _initio
 .text.setvbuf  0x00003fbc       0x40 c:/nxp/mcuxpressoide_10.3.0_2200/ide/plugins/com.nxp.mcuxpresso.tools.win32_10.3.0.201811011841/tools/bin/../lib/gcc/arm-none-eabi/7.3.1/../../../../arm-none-eabi/lib/thumb/v7e-m/fpv4-sp/hard\libcr_c.a(setvbuf.o)
                0x00003fbc                setvbuf
 .text._sbrk    0x00003ffc       0x3c c:/nxp/mcuxpressoide_10.3.0_2200/ide/plugins/com.nxp.mcuxpresso.tools.win32_10.3.0.201811011841/tools/bin/../lib/gcc/arm-none-eabi/7.3.1/../../../../arm-none-eabi/lib/thumb/v7e-m/fpv4-sp/hard\libcr_c.a(_cr_sbrk.o)
                0x00003ffc                _sbrk
 .text.fflush   0x00004038       0x44 c:/nxp/mcuxpressoide_10.3.0_2200/ide/plugins/com.nxp.mcuxpresso.tools.win32_10.3.0.201811011841/tools/bin/../lib/gcc/arm-none-eabi/7.3.1/../../../../arm-none-eabi/lib/thumb/v7e-m/fpv4-sp/hard\libcr_c.a(fflush.o)
                0x00004038                fflush
 .text.__check_heap_overflow
                0x0000407c       0x18 c:/nxp/mcuxpressoide_10.3.0_2200/ide/plugins/com.nxp.mcuxpresso.tools.win32_10.3.0.201811011841/tools/bin/../lib/gcc/arm-none-eabi/7.3.1/../../../../arm-none-eabi/lib/thumb/v7e-m/fpv4-sp/hard\libcr_c.a(_cr_check_heap.o)
                0x0000407c                __check_heap_overflow
 .text.DbgConsole_PrintCallback
                0x00004094       0x64 ./utilities/fsl_debug_console.o
 .text.ConvertRadixNumToString
                0x000040f8      0x114 ./utilities/fsl_str.o
 .text.StrFormatPrintf
                0x0000420c      0x30c ./utilities/fsl_str.o
                0x0000420c                StrFormatPrintf
 .text.DMA0_IRQHandler
                0x00004518        0x8 ./startup/startup_mk64f12.o
                0x00004518                DMA0_IRQHandler
 .text.DMA1_IRQHandler
                0x00004520        0x8 ./startup/startup_mk64f12.o
                0x00004520                DMA1_IRQHandler
 .text.DMA2_IRQHandler
                0x00004528        0x8 ./startup/startup_mk64f12.o
                0x00004528                DMA2_IRQHandler
 .text.DMA3_IRQHandler
                0x00004530        0x8 ./startup/startup_mk64f12.o
                0x00004530                DMA3_IRQHandler
 .text.DMA4_IRQHandler
                0x00004538        0x8 ./startup/startup_mk64f12.o
                0x00004538                DMA4_IRQHandler
 .text.DMA5_IRQHandler
                0x00004540        0x8 ./startup/startup_mk64f12.o
                0x00004540                DMA5_IRQHandler
 .text.DMA6_IRQHandler
                0x00004548        0x8 ./startup/startup_mk64f12.o
                0x00004548                DMA6_IRQHandler
 .text.DMA7_IRQHandler
                0x00004550        0x8 ./startup/startup_mk64f12.o
                0x00004550                DMA7_IRQHandler
 .text.DMA8_IRQHandler
                0x00004558        0x8 ./startup/startup_mk64f12.o
                0x00004558                DMA8_IRQHandler
 .text.DMA9_IRQHandler
                0x00004560        0x8 ./startup/startup_mk64f12.o
                0x00004560                DMA9_IRQHandler
 .text.DMA10_IRQHandler
                0x00004568        0x8 ./startup/startup_mk64f12.o
                0x00004568                DMA10_IRQHandler
 .text.DMA11_IRQHandler
                0x00004570        0x8 ./startup/startup_mk64f12.o
                0x00004570                DMA11_IRQHandler
 .text.DMA12_IRQHandler
                0x00004578        0x8 ./startup/startup_mk64f12.o
                0x00004578                DMA12_IRQHandler
 .text.DMA13_IRQHandler
                0x00004580        0x8 ./startup/startup_mk64f12.o
                0x00004580                DMA13_IRQHandler
 .text.DMA14_IRQHandler
                0x00004588        0x8 ./startup/startup_mk64f12.o
                0x00004588                DMA14_IRQHandler
 .text.DMA15_IRQHandler
                0x00004590        0x8 ./startup/startup_mk64f12.o
                0x00004590                DMA15_IRQHandler
 .text.DMA_Error_IRQHandler
                0x00004598        0x8 ./startup/startup_mk64f12.o
                0x00004598                DMA_Error_IRQHandler
 .text.MCM_IRQHandler
                0x000045a0        0x8 ./startup/startup_mk64f12.o
                0x000045a0                MCM_IRQHandler
 .text.FTFE_IRQHandler
                0x000045a8        0x8 ./startup/startup_mk64f12.o
                0x000045a8                FTFE_IRQHandler
 .text.Read_Collision_IRQHandler
                0x000045b0        0x8 ./startup/startup_mk64f12.o
                0x000045b0                Read_Collision_IRQHandler
 .text.LVD_LVW_IRQHandler
                0x000045b8        0x8 ./startup/startup_mk64f12.o
                0x000045b8                LVD_LVW_IRQHandler
 .text.LLWU_IRQHandler
                0x000045c0        0x8 ./startup/startup_mk64f12.o
                0x000045c0                LLWU_IRQHandler
 .text.WDOG_EWM_IRQHandler
                0x000045c8        0x8 ./startup/startup_mk64f12.o
                0x000045c8                WDOG_EWM_IRQHandler
 .text.RNG_IRQHandler
                0x000045d0        0x8 ./startup/startup_mk64f12.o
                0x000045d0                RNG_IRQHandler
 .text.I2C0_IRQHandler
                0x000045d8        0x8 ./startup/startup_mk64f12.o
                0x000045d8                I2C0_IRQHandler
 .text.I2C1_IRQHandler
                0x000045e0        0x8 ./startup/startup_mk64f12.o
                0x000045e0                I2C1_IRQHandler
 .text.SPI0_IRQHandler
                0x000045e8        0x8 ./startup/startup_mk64f12.o
                0x000045e8                SPI0_IRQHandler
 .text.SPI1_IRQHandler
                0x000045f0        0x8 ./startup/startup_mk64f12.o
                0x000045f0                SPI1_IRQHandler
 .text.I2S0_Tx_IRQHandler
                0x000045f8        0x8 ./startup/startup_mk64f12.o
                0x000045f8                I2S0_Tx_IRQHandler
 .text.I2S0_Rx_IRQHandler
                0x00004600        0x8 ./startup/startup_mk64f12.o
                0x00004600                I2S0_Rx_IRQHandler
 .text.UART0_LON_IRQHandler
                0x00004608        0x8 ./startup/startup_mk64f12.o
                0x00004608                UART0_LON_IRQHandler
 .text.UART0_RX_TX_IRQHandler
                0x00004610        0x8 ./startup/startup_mk64f12.o
                0x00004610                UART0_RX_TX_IRQHandler
 .text.UART0_ERR_IRQHandler
                0x00004618        0x8 ./startup/startup_mk64f12.o
                0x00004618                UART0_ERR_IRQHandler
 .text.UART1_RX_TX_IRQHandler
                0x00004620        0x8 ./startup/startup_mk64f12.o
                0x00004620                UART1_RX_TX_IRQHandler
 .text.UART1_ERR_IRQHandler
                0x00004628        0x8 ./startup/startup_mk64f12.o
                0x00004628                UART1_ERR_IRQHandler
 .text.UART2_RX_TX_IRQHandler
                0x00004630        0x8 ./startup/startup_mk64f12.o
                0x00004630                UART2_RX_TX_IRQHandler
 .text.UART2_ERR_IRQHandler
                0x00004638        0x8 ./startup/startup_mk64f12.o
                0x00004638                UART2_ERR_IRQHandler
 .text.UART3_RX_TX_IRQHandler
                0x00004640        0x8 ./startup/startup_mk64f12.o
                0x00004640                UART3_RX_TX_IRQHandler
 .text.UART3_ERR_IRQHandler
                0x00004648        0x8 ./startup/startup_mk64f12.o
                0x00004648                UART3_ERR_IRQHandler
 .text.ADC0_IRQHandler
                0x00004650        0x8 ./startup/startup_mk64f12.o
                0x00004650                ADC0_IRQHandler
 .text.CMP0_IRQHandler
                0x00004658        0x8 ./startup/startup_mk64f12.o
                0x00004658                CMP0_IRQHandler
 .text.CMP1_IRQHandler
                0x00004660        0x8 ./startup/startup_mk64f12.o
                0x00004660                CMP1_IRQHandler
 .text.FTM0_IRQHandler
                0x00004668        0x8 ./startup/startup_mk64f12.o
                0x00004668                FTM0_IRQHandler
 .text.FTM1_IRQHandler
                0x00004670        0x8 ./startup/startup_mk64f12.o
                0x00004670                FTM1_IRQHandler
 .text.FTM2_IRQHandler
                0x00004678        0x8 ./startup/startup_mk64f12.o
                0x00004678                FTM2_IRQHandler
 .text.CMT_IRQHandler
                0x00004680        0x8 ./startup/startup_mk64f12.o
                0x00004680                CMT_IRQHandler
 .text.RTC_IRQHandler
                0x00004688        0x8 ./startup/startup_mk64f12.o
                0x00004688                RTC_IRQHandler
 .text.RTC_Seconds_IRQHandler
                0x00004690        0x8 ./startup/startup_mk64f12.o
                0x00004690                RTC_Seconds_IRQHandler
 .text.PIT0_IRQHandler
                0x00004698        0x8 ./startup/startup_mk64f12.o
                0x00004698                PIT0_IRQHandler
 .text.PIT1_IRQHandler
                0x000046a0        0x8 ./startup/startup_mk64f12.o
                0x000046a0                PIT1_IRQHandler
 .text.PIT2_IRQHandler
                0x000046a8        0x8 ./startup/startup_mk64f12.o
                0x000046a8                PIT2_IRQHandler
 .text.PIT3_IRQHandler
                0x000046b0        0x8 ./startup/startup_mk64f12.o
                0x000046b0                PIT3_IRQHandler
 .text.PDB0_IRQHandler
                0x000046b8        0x8 ./startup/startup_mk64f12.o
                0x000046b8                PDB0_IRQHandler
 .text.USB0_IRQHandler
                0x000046c0        0x8 ./startup/startup_mk64f12.o
                0x000046c0                USB0_IRQHandler
 .text.USBDCD_IRQHandler
                0x000046c8        0x8 ./startup/startup_mk64f12.o
                0x000046c8                USBDCD_IRQHandler
 .text.Reserved71_IRQHandler
                0x000046d0        0x8 ./startup/startup_mk64f12.o
                0x000046d0                Reserved71_IRQHandler
 .text.DAC0_IRQHandler
                0x000046d8        0x8 ./startup/startup_mk64f12.o
                0x000046d8                DAC0_IRQHandler
 .text.MCG_IRQHandler
                0x000046e0        0x8 ./startup/startup_mk64f12.o
                0x000046e0                MCG_IRQHandler
 .text.LPTMR0_IRQHandler
                0x000046e8        0x8 ./startup/startup_mk64f12.o
                0x000046e8                LPTMR0_IRQHandler
 .text.PORTA_IRQHandler
                0x000046f0        0x8 ./startup/startup_mk64f12.o
                0x000046f0                PORTA_IRQHandler
 .text.PORTB_IRQHandler
                0x000046f8        0x8 ./startup/startup_mk64f12.o
                0x000046f8                PORTB_IRQHandler
 .text.PORTC_IRQHandler
                0x00004700        0x8 ./startup/startup_mk64f12.o
                0x00004700                PORTC_IRQHandler
 .text.PORTD_IRQHandler
                0x00004708        0x8 ./startup/startup_mk64f12.o
                0x00004708                PORTD_IRQHandler
 .text.PORTE_IRQHandler
                0x00004710        0x8 ./startup/startup_mk64f12.o
                0x00004710                PORTE_IRQHandler
 .text.SWI_IRQHandler
                0x00004718        0x8 ./startup/startup_mk64f12.o
                0x00004718                SWI_IRQHandler
 .text.SPI2_IRQHandler
                0x00004720        0x8 ./startup/startup_mk64f12.o
                0x00004720                SPI2_IRQHandler
 .text.UART4_RX_TX_IRQHandler
                0x00004728        0x8 ./startup/startup_mk64f12.o
                0x00004728                UART4_RX_TX_IRQHandler
 .text.UART4_ERR_IRQHandler
                0x00004730        0x8 ./startup/startup_mk64f12.o
                0x00004730                UART4_ERR_IRQHandler
 .text.UART5_RX_TX_IRQHandler
                0x00004738        0x8 ./startup/startup_mk64f12.o
                0x00004738                UART5_RX_TX_IRQHandler
 .text.UART5_ERR_IRQHandler
                0x00004740        0x8 ./startup/startup_mk64f12.o
                0x00004740                UART5_ERR_IRQHandler
 .text.CMP2_IRQHandler
                0x00004748        0x8 ./startup/startup_mk64f12.o
                0x00004748                CMP2_IRQHandler
 .text.FTM3_IRQHandler
                0x00004750        0x8 ./startup/startup_mk64f12.o
                0x00004750                FTM3_IRQHandler
 .text.DAC1_IRQHandler
                0x00004758        0x8 ./startup/startup_mk64f12.o
                0x00004758                DAC1_IRQHandler
 .text.ADC1_IRQHandler
                0x00004760        0x8 ./startup/startup_mk64f12.o
                0x00004760                ADC1_IRQHandler
 .text.I2C2_IRQHandler
                0x00004768        0x8 ./startup/startup_mk64f12.o
                0x00004768                I2C2_IRQHandler
 .text.CAN0_ORed_Message_buffer_IRQHandler
                0x00004770        0x8 ./startup/startup_mk64f12.o
                0x00004770                CAN0_ORed_Message_buffer_IRQHandler
 .text.CAN0_Bus_Off_IRQHandler
                0x00004778        0x8 ./startup/startup_mk64f12.o
                0x00004778                CAN0_Bus_Off_IRQHandler
 .text.CAN0_Error_IRQHandler
                0x00004780        0x8 ./startup/startup_mk64f12.o
                0x00004780                CAN0_Error_IRQHandler
 .text.CAN0_Tx_Warning_IRQHandler
                0x00004788        0x8 ./startup/startup_mk64f12.o
                0x00004788                CAN0_Tx_Warning_IRQHandler
 .text.CAN0_Rx_Warning_IRQHandler
                0x00004790        0x8 ./startup/startup_mk64f12.o
                0x00004790                CAN0_Rx_Warning_IRQHandler
 .text.CAN0_Wake_Up_IRQHandler
                0x00004798        0x8 ./startup/startup_mk64f12.o
                0x00004798                CAN0_Wake_Up_IRQHandler
 .text.SDHC_IRQHandler
                0x000047a0        0x8 ./startup/startup_mk64f12.o
                0x000047a0                SDHC_IRQHandler
 .text.ENET_1588_Timer_IRQHandler
                0x000047a8        0x8 ./startup/startup_mk64f12.o
                0x000047a8                ENET_1588_Timer_IRQHandler
 .text.ENET_Transmit_IRQHandler
                0x000047b0        0x8 ./startup/startup_mk64f12.o
                0x000047b0                ENET_Transmit_IRQHandler
 .text.ENET_Receive_IRQHandler
                0x000047b8        0x8 ./startup/startup_mk64f12.o
                0x000047b8                ENET_Receive_IRQHandler
 .text.ENET_Error_IRQHandler
                0x000047c0        0x8 ./startup/startup_mk64f12.o
                0x000047c0                ENET_Error_IRQHandler
 .text.HardFault_Handler
                0x000047c8       0x2c ./source/semihost_hardfault.o
                0x000047c8                HardFault_Handler
 .text.OSC_SetExtRefClkConfig
                0x000047f4       0x34 ./drivers/fsl_clock.o
 .text.OSC_SetCapLoad
                0x00004828       0x34 ./drivers/fsl_clock.o
 .text.CLOCK_GetPll0RefFreq
                0x0000485c        0xe ./drivers/fsl_clock.o
 .text.CLOCK_EnableClock
                0x0000486a       0x34 ./drivers/fsl_uart.o
 .text.UART_WriteBlocking
                0x0000489e       0x3e ./drivers/fsl_uart.o
                0x0000489e                UART_WriteBlocking
 .text.UART0_RX_TX_DriverIRQHandler
                0x000048dc       0x10 ./drivers/fsl_uart.o
                0x000048dc                UART0_RX_TX_DriverIRQHandler
 .text.UART1_RX_TX_DriverIRQHandler
                0x000048ec       0x10 ./drivers/fsl_uart.o
                0x000048ec                UART1_RX_TX_DriverIRQHandler
 .text.UART2_RX_TX_DriverIRQHandler
                0x000048fc       0x10 ./drivers/fsl_uart.o
                0x000048fc                UART2_RX_TX_DriverIRQHandler
 .text.UART3_RX_TX_DriverIRQHandler
                0x0000490c       0x10 ./drivers/fsl_uart.o
                0x0000490c                UART3_RX_TX_DriverIRQHandler
 .text.UART4_RX_TX_DriverIRQHandler
                0x0000491c       0x10 ./drivers/fsl_uart.o
                0x0000491c                UART4_RX_TX_DriverIRQHandler
 .text.UART5_RX_TX_DriverIRQHandler
                0x0000492c       0x10 ./drivers/fsl_uart.o
                0x0000492c                UART5_RX_TX_DriverIRQHandler
 .text.SystemInitHook
                0x0000493c        0xe ./device/system_MK64F12.o
                0x0000493c                SystemInitHook
 .text.HAL_UartGetStatus
                0x0000494a       0x22 ./component/uart/uart_adapter.o
 .text.SerialManager_StartWriting
                0x0000496c       0x44 ./component/serial_manager/serial_manager.o
 .text.SerialManager_WriteBlocking
                0x000049b0       0x20 ./component/serial_manager/serial_manager.o
                0x000049b0                SerialManager_WriteBlocking
 .text.BOARD_InitDebugConsole
                0x000049d0       0x22 ./board/board.o
                0x000049d0                BOARD_InitDebugConsole
 .text.CLOCK_EnableClock
                0x000049f2       0x34 ./board/pin_mux.o
 .text.PORT_SetPinMux
                0x00004a26       0x3a ./board/pin_mux.o
 .text.vListInitialise
                0x00004a60       0x40 ./amazon-freertos/FreeRTOS/list.o
                0x00004a60                vListInitialise
 .text.vListInitialiseItem
                0x00004aa0       0x1a ./amazon-freertos/FreeRTOS/list.o
                0x00004aa0                vListInitialiseItem
 .text.vListInsertEnd
                0x00004aba       0x48 ./amazon-freertos/FreeRTOS/list.o
                0x00004aba                vListInsertEnd
 .text.vListInsert
                0x00004b02       0x72 ./amazon-freertos/FreeRTOS/list.o
                0x00004b02                vListInsert
 .text.uxListRemove
                0x00004b74       0x54 ./amazon-freertos/FreeRTOS/list.o
                0x00004b74                uxListRemove
 .text.xQueueGenericCreate
                0x00004bc8       0x72 ./amazon-freertos/FreeRTOS/queue.o
                0x00004bc8                xQueueGenericCreate
 .text.prvInitialiseNewQueue
                0x00004c3a       0x46 ./amazon-freertos/FreeRTOS/queue.o
 .text.xQueueGenericSendFromISR
                0x00004c80      0x128 ./amazon-freertos/FreeRTOS/queue.o
                0x00004c80                xQueueGenericSendFromISR
 .text.prvGetDisinheritPriorityAfterTimeout
                0x00004da8       0x30 ./amazon-freertos/FreeRTOS/queue.o
 .text.prvCopyDataToQueue
                0x00004dd8       0xd4 ./amazon-freertos/FreeRTOS/queue.o
 .text.prvCopyDataFromQueue
                0x00004eac       0x4c ./amazon-freertos/FreeRTOS/queue.o
 .text.prvUnlockQueue
                0x00004ef8       0xa4 ./amazon-freertos/FreeRTOS/queue.o
 .text.prvIsQueueEmpty
                0x00004f9c       0x2c ./amazon-freertos/FreeRTOS/queue.o
 .text.prvIsQueueFull
                0x00004fc8       0x30 ./amazon-freertos/FreeRTOS/queue.o
 .text.vQueueWaitForMessageRestricted
                0x00004ff8       0x68 ./amazon-freertos/FreeRTOS/queue.o
                0x00004ff8                vQueueWaitForMessageRestricted
 .text.xTaskCreate
                0x00005060       0x82 ./amazon-freertos/FreeRTOS/tasks.o
                0x00005060                xTaskCreate
 .text.prvInitialiseNewTask
                0x000050e2      0x132 ./amazon-freertos/FreeRTOS/tasks.o
 .text.prvDeleteTCB
                0x00005214       0x20 ./amazon-freertos/FreeRTOS/tasks.o
 .text.prvTimerTask
                0x00005234       0x24 ./amazon-freertos/FreeRTOS/timers.o
 .text.__main   0x00005258        0xe c:/nxp/mcuxpressoide_10.3.0_2200/ide/plugins/com.nxp.mcuxpresso.tools.win32_10.3.0.201811011841/tools/bin/../lib/gcc/arm-none-eabi/7.3.1/../../../../arm-none-eabi/lib/thumb/v7e-m/fpv4-sp/hard\libcr_nohost_nf.a(_cr__main.o)
                0x00005258                __main
 .text.__sys_appexit
                0x00005266        0x2 c:/nxp/mcuxpressoide_10.3.0_2200/ide/plugins/com.nxp.mcuxpresso.tools.win32_10.3.0.201811011841/tools/bin/../lib/gcc/arm-none-eabi/7.3.1/../../../../arm-none-eabi/lib/thumb/v7e-m/fpv4-sp/hard\libcr_nohost_nf.a(__sys_appexit.o)
                0x00005266                __sys_appexit
                0x00005266                __exit
 .text.memcpy   0x00005268        0x4 c:/nxp/mcuxpressoide_10.3.0_2200/ide/plugins/com.nxp.mcuxpresso.tools.win32_10.3.0.201811011841/tools/bin/../lib/gcc/arm-none-eabi/7.3.1/../../../../arm-none-eabi/lib/thumb/v7e-m/fpv4-sp/hard\libcr_c.a(memcpy.o)
                0x00005268                memcpy
 .text.memset   0x0000526c        0x4 c:/nxp/mcuxpressoide_10.3.0_2200/ide/plugins/com.nxp.mcuxpresso.tools.win32_10.3.0.201811011841/tools/bin/../lib/gcc/arm-none-eabi/7.3.1/../../../../arm-none-eabi/lib/thumb/v7e-m/fpv4-sp/hard\libcr_c.a(memset.o)
                0x0000526c                memset
 .text._deferredlazyseek
                0x00005270       0x40 c:/nxp/mcuxpressoide_10.3.0_2200/ide/plugins/com.nxp.mcuxpresso.tools.win32_10.3.0.201811011841/tools/bin/../lib/gcc/arm-none-eabi/7.3.1/../../../../arm-none-eabi/lib/thumb/v7e-m/fpv4-sp/hard\libcr_c.a(_deferredlazyseek.o)
                0x00005270                _deferredlazyseek
 .text.__flsbuf
                0x000052b0      0x140 c:/nxp/mcuxpressoide_10.3.0_2200/ide/plugins/com.nxp.mcuxpresso.tools.win32_10.3.0.201811011841/tools/bin/../lib/gcc/arm-none-eabi/7.3.1/../../../../arm-none-eabi/lib/thumb/v7e-m/fpv4-sp/hard\libcr_c.a(_deferredlazyseek.o)
                0x000052b0                __flsbuf
 .text._fflush  0x000053f0       0x52 c:/nxp/mcuxpressoide_10.3.0_2200/ide/plugins/com.nxp.mcuxpresso.tools.win32_10.3.0.201811011841/tools/bin/../lib/gcc/arm-none-eabi/7.3.1/../../../../arm-none-eabi/lib/thumb/v7e-m/fpv4-sp/hard\libcr_c.a(_fflush.o)
                0x000053f0                _fflush
 .text.free     0x00005442       0x30 c:/nxp/mcuxpressoide_10.3.0_2200/ide/plugins/com.nxp.mcuxpresso.tools.win32_10.3.0.201811011841/tools/bin/../lib/gcc/arm-none-eabi/7.3.1/../../../../arm-none-eabi/lib/thumb/v7e-m/fpv4-sp/hard\libcr_c.a(alloc.o)
                0x00005442                free
 .text.fputs    0x00005472       0x2c c:/nxp/mcuxpressoide_10.3.0_2200/ide/plugins/com.nxp.mcuxpresso.tools.win32_10.3.0.201811011841/tools/bin/../lib/gcc/arm-none-eabi/7.3.1/../../../../arm-none-eabi/lib/thumb/v7e-m/fpv4-sp/hard\libcr_c.a(fputs.o)
                0x00005472                fputs
 .text.strlen   0x0000549e       0x4a c:/nxp/mcuxpressoide_10.3.0_2200/ide/plugins/com.nxp.mcuxpresso.tools.win32_10.3.0.201811011841/tools/bin/../lib/gcc/arm-none-eabi/7.3.1/../../../../arm-none-eabi/lib/thumb/v7e-m/fpv4-sp/hard\libcr_c.a(strlen.o)
                0x0000549e                strlen
 .text._fdopen  0x000054e8       0x68 c:/nxp/mcuxpressoide_10.3.0_2200/ide/plugins/com.nxp.mcuxpresso.tools.win32_10.3.0.201811011841/tools/bin/../lib/gcc/arm-none-eabi/7.3.1/../../../../arm-none-eabi/lib/thumb/v7e-m/fpv4-sp/hard\libcr_c.a(_fdopen.o)
                0x000054e8                _fdopen
 .text.fclose   0x00005550       0x58 c:/nxp/mcuxpressoide_10.3.0_2200/ide/plugins/com.nxp.mcuxpresso.tools.win32_10.3.0.201811011841/tools/bin/../lib/gcc/arm-none-eabi/7.3.1/../../../../arm-none-eabi/lib/thumb/v7e-m/fpv4-sp/hard\libcr_c.a(fclose.o)
                0x00005550                fclose
 .text.remove   0x000055a8       0x14 c:/nxp/mcuxpressoide_10.3.0_2200/ide/plugins/com.nxp.mcuxpresso.tools.win32_10.3.0.201811011841/tools/bin/../lib/gcc/arm-none-eabi/7.3.1/../../../../arm-none-eabi/lib/thumb/v7e-m/fpv4-sp/hard\libcr_c.a(remove.o)
                0x000055a8                remove
 .text._do_fflush
                0x000055bc       0x40 c:/nxp/mcuxpressoide_10.3.0_2200/ide/plugins/com.nxp.mcuxpresso.tools.win32_10.3.0.201811011841/tools/bin/../lib/gcc/arm-none-eabi/7.3.1/../../../../arm-none-eabi/lib/thumb/v7e-m/fpv4-sp/hard\libcr_c.a(_do_fflush.o)
                0x000055bc                _do_fflush
 .text.__aeabi_memcpy
                0x000055fc       0x34 c:/nxp/mcuxpressoide_10.3.0_2200/ide/plugins/com.nxp.mcuxpresso.tools.win32_10.3.0.201811011841/tools/bin/../lib/gcc/arm-none-eabi/7.3.1/thumb/v7e-m/fpv4-sp/hard\libcr_eabihelpers.a(memcpy.o)
                0x000055fc                __aeabi_memcpy
                0x00005606                __aeabi_memcpy8
                0x00005606                __aeabi_memcpy4
 .text.__aeabi_memset_lowlevel
                0x00005630       0x32 c:/nxp/mcuxpressoide_10.3.0_2200/ide/plugins/com.nxp.mcuxpresso.tools.win32_10.3.0.201811011841/tools/bin/../lib/gcc/arm-none-eabi/7.3.1/thumb/v7e-m/fpv4-sp/hard\libcr_eabihelpers.a(memcpy.o)
                0x00005630                __aeabi_lowlevel_memset
 .text.__sys_close
                0x00005662        0x6 c:/nxp/mcuxpressoide_10.3.0_2200/ide/plugins/com.nxp.mcuxpresso.tools.win32_10.3.0.201811011841/tools/bin/../lib/gcc/arm-none-eabi/7.3.1/../../../../arm-none-eabi/lib/thumb/v7e-m/fpv4-sp/hard\libcr_nohost_nf.a(__sys_close.o)
                0x00005662                __sys_close
 .text.__sys_flen
                0x00005668        0x6 c:/nxp/mcuxpressoide_10.3.0_2200/ide/plugins/com.nxp.mcuxpresso.tools.win32_10.3.0.201811011841/tools/bin/../lib/gcc/arm-none-eabi/7.3.1/../../../../arm-none-eabi/lib/thumb/v7e-m/fpv4-sp/hard\libcr_nohost_nf.a(__sys_flen.o)
                0x00005668                __sys_flen
 .text.__sys_istty
                0x0000566e        0x6 c:/nxp/mcuxpressoide_10.3.0_2200/ide/plugins/com.nxp.mcuxpresso.tools.win32_10.3.0.201811011841/tools/bin/../lib/gcc/arm-none-eabi/7.3.1/../../../../arm-none-eabi/lib/thumb/v7e-m/fpv4-sp/hard\libcr_nohost_nf.a(__sys_istty.o)
                0x0000566e                __sys_istty
 .text.__sys_remove
                0x00005674        0x6 c:/nxp/mcuxpressoide_10.3.0_2200/ide/plugins/com.nxp.mcuxpresso.tools.win32_10.3.0.201811011841/tools/bin/../lib/gcc/arm-none-eabi/7.3.1/../../../../arm-none-eabi/lib/thumb/v7e-m/fpv4-sp/hard\libcr_nohost_nf.a(__sys_remove.o)
                0x00005674                __sys_remove
 .text.__sys_seek
                0x0000567a        0x6 c:/nxp/mcuxpressoide_10.3.0_2200/ide/plugins/com.nxp.mcuxpresso.tools.win32_10.3.0.201811011841/tools/bin/../lib/gcc/arm-none-eabi/7.3.1/../../../../arm-none-eabi/lib/thumb/v7e-m/fpv4-sp/hard\libcr_nohost_nf.a(__sys_seek.o)
                0x0000567a                __sys_seek
 .text.__sys_tmpnam
                0x00005680        0x6 c:/nxp/mcuxpressoide_10.3.0_2200/ide/plugins/com.nxp.mcuxpresso.tools.win32_10.3.0.201811011841/tools/bin/../lib/gcc/arm-none-eabi/7.3.1/../../../../arm-none-eabi/lib/thumb/v7e-m/fpv4-sp/hard\libcr_nohost_nf.a(__sys_tmpnam.o)
                0x00005680                __sys_tmpnam
 .text.__sys_write
                0x00005686        0x4 c:/nxp/mcuxpressoide_10.3.0_2200/ide/plugins/com.nxp.mcuxpresso.tools.win32_10.3.0.201811011841/tools/bin/../lib/gcc/arm-none-eabi/7.3.1/../../../../arm-none-eabi/lib/thumb/v7e-m/fpv4-sp/hard\libcr_nohost_nf.a(__sys_write.o)
                0x00005686                __sys_write
 *(SORT_BY_ALIGNMENT(.rodata) SORT_BY_ALIGNMENT(.rodata.*) SORT_BY_ALIGNMENT(.constdata) SORT_BY_ALIGNMENT(.constdata.*))
 *fill*         0x0000568a        0x2 ff
 .rodata        0x0000568c      0x1b7 ./utilities/fsl_debug_console.o
 *fill*         0x00005843        0x1 ff
 .rodata        0x00005844      0x1ab ./source/freertos_sem.o
 *fill*         0x000059ef        0x1 ff
 .rodata        0x000059f0      0x149 ./drivers/fsl_clock.o
 *fill*         0x00005b39        0x3 ff
 .rodata.fllFactorTable.7770
                0x00005b3c       0x10 ./drivers/fsl_clock.o
 .rodata.s_uartBases
                0x00005b4c       0x18 ./drivers/fsl_uart.o
 .rodata.s_uartClock
                0x00005b64       0x18 ./drivers/fsl_uart.o
 .rodata        0x00005b7c      0x514 ./drivers/fsl_uart.o
 .rodata.s_UartAdapterBase
                0x00006090       0x18 ./component/uart/uart_adapter.o
 .rodata        0x000060a8      0x25e ./component/uart/uart_adapter.o
 *fill*         0x00006306        0x2 ff
 .rodata        0x00006308      0x521 ./component/serial_manager/serial_manager.o
 *fill*         0x00006829        0x3 ff
 .rodata        0x0000682c      0x244 ./component/serial_manager/serial_port_uart.o
 .rodata.mcgConfig_BOARD_BootClockRUN
                0x00006a70        0xb ./board/clock_config.o
                0x00006a70                mcgConfig_BOARD_BootClockRUN
 *fill*         0x00006a7b        0x1 ff
 .rodata.simConfig_BOARD_BootClockRUN
                0x00006a7c        0x8 ./board/clock_config.o
                0x00006a7c                simConfig_BOARD_BootClockRUN
 .rodata.oscConfig_BOARD_BootClockRUN
                0x00006a84        0x8 ./board/clock_config.o
                0x00006a84                oscConfig_BOARD_BootClockRUN
 .rodata        0x00006a8c       0x18 ./amazon-freertos/FreeRTOS/tasks.o
                0x00006a94                FreeRTOSDebugConfig
 .rodata        0x00006aa4        0xd ./amazon-freertos/FreeRTOS/timers.o
 *fill*         0x00006ab1        0x3 ff
 .rodata.__num_Ciob_streams
                0x00006ab4        0x4 c:/nxp/mcuxpressoide_10.3.0_2200/ide/plugins/com.nxp.mcuxpresso.tools.win32_10.3.0.201811011841/tools/bin/../lib/gcc/arm-none-eabi/7.3.1/../../../../arm-none-eabi/lib/thumb/v7e-m/fpv4-sp/hard\libcr_nohost_nf.a(__ciob.o)
                0x00006ab4                __num_Ciob_streams
 .rodata.__assertion_failed.str1.1
                0x00006ab8       0x15 c:/nxp/mcuxpressoide_10.3.0_2200/ide/plugins/com.nxp.mcuxpresso.tools.win32_10.3.0.201811011841/tools/bin/../lib/gcc/arm-none-eabi/7.3.1/../../../../arm-none-eabi/lib/thumb/v7e-m/fpv4-sp/hard\libcr_nohost_nf.a(_cr_assert.o)
 .rodata._Csys_alloc.str1.1
                0x00006acd       0x18 c:/nxp/mcuxpressoide_10.3.0_2200/ide/plugins/com.nxp.mcuxpresso.tools.win32_10.3.0.201811011841/tools/bin/../lib/gcc/arm-none-eabi/7.3.1/../../../../arm-none-eabi/lib/thumb/v7e-m/fpv4-sp/hard\libcr_c.a(alloc.o)
 .rodata._initio.str1.1
                0x00006ae5        0x4 c:/nxp/mcuxpressoide_10.3.0_2200/ide/plugins/com.nxp.mcuxpresso.tools.win32_10.3.0.201811011841/tools/bin/../lib/gcc/arm-none-eabi/7.3.1/../../../../arm-none-eabi/lib/thumb/v7e-m/fpv4-sp/hard\libcr_c.a(initio.o)
                0x00006af0                . = ALIGN (0x8)
 *fill*         0x00006ae9        0x7 ff

.glue_7         0x00006af0        0x0
 .glue_7        0x00006af0        0x0 linker stubs

.glue_7t        0x00006af0        0x0
 .glue_7t       0x00006af0        0x0 linker stubs

.vfp11_veneer   0x00006af0        0x0
 .vfp11_veneer  0x00006af0        0x0 linker stubs

.v4_bx          0x00006af0        0x0
 .v4_bx         0x00006af0        0x0 linker stubs

.iplt           0x00006af0        0x0
 .iplt          0x00006af0        0x0 ./utilities/fsl_debug_console.o

.rel.dyn        0x00006af0        0x0
 .rel.iplt      0x00006af0        0x0 ./utilities/fsl_debug_console.o

.ARM.extab
 *(SORT_BY_ALIGNMENT(.ARM.extab*) SORT_BY_ALIGNMENT(.gnu.linkonce.armextab.*))
                0x00006af0                __exidx_start = .

.ARM.exidx
 *(SORT_BY_ALIGNMENT(.ARM.exidx*) SORT_BY_ALIGNMENT(.gnu.linkonce.armexidx.*))
                0x00006af0                __exidx_end = .
                0x00006af0                _etext = .

.m_usb_data
 *(SORT_BY_ALIGNMENT(m_usb_bdt))

.data_RAM2      0x1fff0000        0x0 load address 0x00006af0
 FILL mask 0xff
                [!provide]                PROVIDE (__start_data_RAM2 = .)
 *(SORT_BY_ALIGNMENT(.ramfunc.$RAM2))
 *(SORT_BY_ALIGNMENT(.ramfunc.$SRAM_LOWER))
 *(SORT_BY_ALIGNMENT(.data.$RAM2*))
 *(SORT_BY_ALIGNMENT(.data.$SRAM_LOWER*))
                0x1fff0000                . = ALIGN (0x8)
                [!provide]                PROVIDE (__end_data_RAM2 = .)

.data_RAM3      0x14000000        0x0 load address 0x00006af0
 FILL mask 0xff
                [!provide]                PROVIDE (__start_data_RAM3 = .)
 *(SORT_BY_ALIGNMENT(.ramfunc.$RAM3))
 *(SORT_BY_ALIGNMENT(.ramfunc.$FLEX_RAM))
 *(SORT_BY_ALIGNMENT(.data.$RAM3*))
 *(SORT_BY_ALIGNMENT(.data.$FLEX_RAM*))
                0x14000000                . = ALIGN (0x8)
                [!provide]                PROVIDE (__end_data_RAM3 = .)

.uninit_RESERVED
                0x20000000        0x0
 *(SORT_BY_ALIGNMENT(.bss.$RESERVED*))
                0x20000000                . = ALIGN (0x4)
                0x20000000                _end_uninit_RESERVED = .

.data           0x20000000       0x10 load address 0x00006af0
 FILL mask 0xff
                0x20000000                _data = .
 *(SORT_BY_ALIGNMENT(vtable))
 *(SORT_BY_ALIGNMENT(.ramfunc*))
 *(SORT_BY_ALIGNMENT(.data*))
 .data.s_slowIrcFreq
                0x20000000        0x4 ./drivers/fsl_clock.o
 .data.s_fastIrcFreq
                0x20000004        0x4 ./drivers/fsl_clock.o
 .data.SystemCoreClock
                0x20000008        0x4 ./device/system_MK64F12.o
                0x20000008                SystemCoreClock
 .data.uxCriticalNesting
                0x2000000c        0x4 ./amazon-freertos/FreeRTOS/portable/port.o
                0x20000010                . = ALIGN (0x8)
                0x20000010                _edata = .

.igot.plt       0x20000010        0x0 load address 0x00006b00
 .igot.plt      0x20000010        0x0 ./utilities/fsl_debug_console.o

.bss_RAM2       0x1fff0000        0x0
                [!provide]                PROVIDE (__start_bss_RAM2 = .)
 *(SORT_BY_ALIGNMENT(.bss.$RAM2*))
 *(SORT_BY_ALIGNMENT(.bss.$SRAM_LOWER*))
                0x1fff0000                . = ALIGN ((. != 0x0)?0x8:0x1)
                [!provide]                PROVIDE (__end_bss_RAM2 = .)

.bss_RAM3       0x14000000        0x0
                [!provide]                PROVIDE (__start_bss_RAM3 = .)
 *(SORT_BY_ALIGNMENT(.bss.$RAM3*))
 *(SORT_BY_ALIGNMENT(.bss.$FLEX_RAM*))
                0x14000000                . = ALIGN ((. != 0x0)?0x8:0x1)
                [!provide]                PROVIDE (__end_bss_RAM3 = .)

.bss            0x20000010     0x2ac0
                0x20000010                _bss = .
 *(SORT_BY_ALIGNMENT(.bss*))
 .bss.s_debugConsoleState
                0x20000010       0x1c ./utilities/fsl_debug_console.o
 .bss.g_serialHandle
                0x2000002c        0x4 ./utilities/fsl_debug_console.o
                0x2000002c                g_serialHandle
 .bss.xSemaphore_producer
                0x20000030        0x4 ./source/freertos_sem.o
                0x20000030                xSemaphore_producer
 .bss.xSemaphore_consumer
                0x20000034        0x4 ./source/freertos_sem.o
                0x20000034                xSemaphore_consumer
 .bss.buffer    0x20000038        0x5 ./source/freertos_sem.o
                0x20000038                buffer
 *fill*         0x2000003d        0x3 
 .bss.posP      0x20000040        0x4 ./source/freertos_sem.o
                0x20000040                posP
 .bss.posC      0x20000044        0x4 ./source/freertos_sem.o
                0x20000044                posC
 .bss.g_xtal0Freq
                0x20000048        0x4 ./drivers/fsl_clock.o
                0x20000048                g_xtal0Freq
 .bss.g_xtal32Freq
                0x2000004c        0x4 ./drivers/fsl_clock.o
                0x2000004c                g_xtal32Freq
 .bss.s_uartHandle
                0x20000050       0x18 ./drivers/fsl_uart.o
 .bss.s_uartIsr
                0x20000068        0x4 ./drivers/fsl_uart.o
 .bss.ucHeap    0x2000006c     0x2800 ./amazon-freertos/FreeRTOS/portable/heap_4.o
 .bss.xStart    0x2000286c        0x8 ./amazon-freertos/FreeRTOS/portable/heap_4.o
 .bss.pxEnd     0x20002874        0x4 ./amazon-freertos/FreeRTOS/portable/heap_4.o
 .bss.xFreeBytesRemaining
                0x20002878        0x4 ./amazon-freertos/FreeRTOS/portable/heap_4.o
 .bss.xMinimumEverFreeBytesRemaining
                0x2000287c        0x4 ./amazon-freertos/FreeRTOS/portable/heap_4.o
 .bss.xBlockAllocatedBit
                0x20002880        0x4 ./amazon-freertos/FreeRTOS/portable/heap_4.o
 .bss.ulMaxPRIGROUPValue
                0x20002884        0x4 ./amazon-freertos/FreeRTOS/portable/port.o
 .bss.xQueueRegistry
                0x20002888       0x40 ./amazon-freertos/FreeRTOS/queue.o
                0x20002888                xQueueRegistry
 .bss.pxCurrentTCB
                0x200028c8        0x4 ./amazon-freertos/FreeRTOS/tasks.o
                0x200028c8                pxCurrentTCB
 .bss.pxReadyTasksLists
                0x200028cc       0x64 ./amazon-freertos/FreeRTOS/tasks.o
 .bss.xDelayedTaskList1
                0x20002930       0x14 ./amazon-freertos/FreeRTOS/tasks.o
 .bss.xDelayedTaskList2
                0x20002944       0x14 ./amazon-freertos/FreeRTOS/tasks.o
 .bss.pxDelayedTaskList
                0x20002958        0x4 ./amazon-freertos/FreeRTOS/tasks.o
 .bss.pxOverflowDelayedTaskList
                0x2000295c        0x4 ./amazon-freertos/FreeRTOS/tasks.o
 .bss.xPendingReadyList
                0x20002960       0x14 ./amazon-freertos/FreeRTOS/tasks.o
 .bss.xTasksWaitingTermination
                0x20002974       0x14 ./amazon-freertos/FreeRTOS/tasks.o
 .bss.uxDeletedTasksWaitingCleanUp
                0x20002988        0x4 ./amazon-freertos/FreeRTOS/tasks.o
 .bss.xSuspendedTaskList
                0x2000298c       0x14 ./amazon-freertos/FreeRTOS/tasks.o
 .bss.uxCurrentNumberOfTasks
                0x200029a0        0x4 ./amazon-freertos/FreeRTOS/tasks.o
 .bss.xTickCount
                0x200029a4        0x4 ./amazon-freertos/FreeRTOS/tasks.o
 .bss.uxTopReadyPriority
                0x200029a8        0x4 ./amazon-freertos/FreeRTOS/tasks.o
 .bss.xSchedulerRunning
                0x200029ac        0x4 ./amazon-freertos/FreeRTOS/tasks.o
 .bss.uxPendedTicks
                0x200029b0        0x4 ./amazon-freertos/FreeRTOS/tasks.o
 .bss.xYieldPending
                0x200029b4        0x4 ./amazon-freertos/FreeRTOS/tasks.o
 .bss.xNumOfOverflows
                0x200029b8        0x4 ./amazon-freertos/FreeRTOS/tasks.o
 .bss.uxTaskNumber
                0x200029bc        0x4 ./amazon-freertos/FreeRTOS/tasks.o
 .bss.xNextTaskUnblockTime
                0x200029c0        0x4 ./amazon-freertos/FreeRTOS/tasks.o
 .bss.xIdleTaskHandle
                0x200029c4        0x4 ./amazon-freertos/FreeRTOS/tasks.o
 .bss.uxSchedulerSuspended
                0x200029c8        0x4 ./amazon-freertos/FreeRTOS/tasks.o
 .bss.xActiveTimerList1
                0x200029cc       0x14 ./amazon-freertos/FreeRTOS/timers.o
 .bss.xActiveTimerList2
                0x200029e0       0x14 ./amazon-freertos/FreeRTOS/timers.o
 .bss.pxCurrentTimerList
                0x200029f4        0x4 ./amazon-freertos/FreeRTOS/timers.o
 .bss.pxOverflowTimerList
                0x200029f8        0x4 ./amazon-freertos/FreeRTOS/timers.o
 .bss.xTimerQueue
                0x200029fc        0x4 ./amazon-freertos/FreeRTOS/timers.o
 .bss.xTimerTaskHandle
                0x20002a00        0x4 ./amazon-freertos/FreeRTOS/timers.o
 .bss.xLastTime.5855
                0x20002a04        0x4 ./amazon-freertos/FreeRTOS/timers.o
 .bss.__Ciob    0x20002a08       0xb4 c:/nxp/mcuxpressoide_10.3.0_2200/ide/plugins/com.nxp.mcuxpresso.tools.win32_10.3.0.201811011841/tools/bin/../lib/gcc/arm-none-eabi/7.3.1/../../../../arm-none-eabi/lib/thumb/v7e-m/fpv4-sp/hard\libcr_nohost_nf.a(__ciob.o)
                0x20002a08                __Ciob
 .bss.__end_of_heap
                0x20002abc        0x4 c:/nxp/mcuxpressoide_10.3.0_2200/ide/plugins/com.nxp.mcuxpresso.tools.win32_10.3.0.201811011841/tools/bin/../lib/gcc/arm-none-eabi/7.3.1/../../../../arm-none-eabi/lib/thumb/v7e-m/fpv4-sp/hard\libcr_c.a(__init_alloc.o)
                0x20002abc                __end_of_heap
 .bss.__heaps   0x20002ac0        0x4 c:/nxp/mcuxpressoide_10.3.0_2200/ide/plugins/com.nxp.mcuxpresso.tools.win32_10.3.0.201811011841/tools/bin/../lib/gcc/arm-none-eabi/7.3.1/../../../../arm-none-eabi/lib/thumb/v7e-m/fpv4-sp/hard\libcr_c.a(__init_alloc.o)
                0x20002ac0                __heaps
 .bss.errno     0x20002ac4        0x4 c:/nxp/mcuxpressoide_10.3.0_2200/ide/plugins/com.nxp.mcuxpresso.tools.win32_10.3.0.201811011841/tools/bin/../lib/gcc/arm-none-eabi/7.3.1/../../../../arm-none-eabi/lib/thumb/v7e-m/fpv4-sp/hard\libcr_c.a(errno.o)
                0x20002ac4                errno
 .bss.ucMaxSysCallPriority
                0x20002ac8        0x1 ./amazon-freertos/FreeRTOS/portable/port.o
 *(SORT_BY_ALIGNMENT(COMMON))
                0x20002ad0                . = ALIGN (0x8)
 *fill*         0x20002ac9        0x7 
                0x20002ad0                _ebss = .
                [!provide]                PROVIDE (end = .)

.noinit_RAM2    0x1fff0000        0x0
 *(SORT_BY_ALIGNMENT(.noinit.$RAM2*))
 *(SORT_BY_ALIGNMENT(.noinit.$SRAM_LOWER*))
                0x1fff0000                . = ALIGN (0x8)

.noinit_RAM3    0x14000000        0x0
 *(SORT_BY_ALIGNMENT(.noinit.$RAM3*))
 *(SORT_BY_ALIGNMENT(.noinit.$FLEX_RAM*))
                0x14000000                . = ALIGN (0x8)

.noinit         0x20002ad0        0x0
                0x20002ad0                _noinit = .
 *(SORT_BY_ALIGNMENT(.noinit*))
                0x20002ad0                . = ALIGN (0x8)
                0x20002ad0                _end_noinit = .
                0x00001000                _HeapSize = 0x1000

.heap           0x20002ad0     0x1000
                0x20002ad0                _pvHeapStart = .
                0x20003ad0                . = (. + _HeapSize)
 *fill*         0x20002ad0     0x1000 
                0x20003ad0                . = ALIGN (0x8)
                0x20003ad0                _pvHeapLimit = .
                0x00001000                _StackSize = 0x1000

.heap2stackfill
                0x20003ad0     0x1000
                0x20004ad0                . = (. + _StackSize)
 *fill*         0x20003ad0     0x1000 

.stack          0x2002f000        0x0
                0x2002f000                _vStackBase = .
                0x2002f000                . = ALIGN (0x8)
                0x20030000                _vStackTop = (. + _StackSize)
                0x00000000                _image_start = LOADADDR (.text)
                0x00006b00                _image_end = (LOADADDR (.data) + SIZEOF (.data))
                0x00006b00                _image_size = (_image_end - _image_start)
OUTPUT(frdmk64f_freertos_sem.axf elf32-littlearm)

.debug_info     0x00000000     0xdb03
 .debug_info    0x00000000      0x949 ./utilities/fsl_debug_console.o
 .debug_info    0x00000949      0x539 ./utilities/fsl_str.o
 .debug_info    0x00000e82      0x8b0 ./startup/startup_mk64f12.o
 .debug_info    0x00001732      0x7ab ./source/freertos_sem.o
 .debug_info    0x00001edd       0x3b ./source/semihost_hardfault.o
 .debug_info    0x00001f18     0x1f24 ./drivers/fsl_clock.o
 .debug_info    0x00003e3c     0x1a78 ./drivers/fsl_uart.o
 .debug_info    0x000058b4      0x630 ./device/system_MK64F12.o
 .debug_info    0x00005ee4      0x98c ./component/uart/uart_adapter.o
 .debug_info    0x00006870      0x6fe ./component/serial_manager/serial_manager.o
 .debug_info    0x00006f6e      0x4bd ./component/serial_manager/serial_port_uart.o
 .debug_info    0x0000742b      0x45c ./board/board.o
 .debug_info    0x00007887      0xb2e ./board/clock_config.o
 .debug_info    0x000083b5      0x651 ./board/pin_mux.o
 .debug_info    0x00008a06       0xe5 ./amazon-freertos/FreeRTOS/portable/fsl_tickless_systick.o
 .debug_info    0x00008aeb      0x3ea ./amazon-freertos/FreeRTOS/portable/heap_4.o
 .debug_info    0x00008ed5      0x52e ./amazon-freertos/FreeRTOS/portable/port.o
 .debug_info    0x00009403      0x2c9 ./amazon-freertos/FreeRTOS/list.o
 .debug_info    0x000096cc     0x1690 ./amazon-freertos/FreeRTOS/queue.o
 .debug_info    0x0000ad5c     0x2002 ./amazon-freertos/FreeRTOS/tasks.o
 .debug_info    0x0000cd5e      0xda5 ./amazon-freertos/FreeRTOS/timers.o

.debug_abbrev   0x00000000     0x2497
 .debug_abbrev  0x00000000      0x1cb ./utilities/fsl_debug_console.o
 .debug_abbrev  0x000001cb      0x197 ./utilities/fsl_str.o
 .debug_abbrev  0x00000362      0x15c ./startup/startup_mk64f12.o
 .debug_abbrev  0x000004be      0x171 ./source/freertos_sem.o
 .debug_abbrev  0x0000062f       0x2f ./source/semihost_hardfault.o
 .debug_abbrev  0x0000065e      0x307 ./drivers/fsl_clock.o
 .debug_abbrev  0x00000965      0x303 ./drivers/fsl_uart.o
 .debug_abbrev  0x00000c68      0x154 ./device/system_MK64F12.o
 .debug_abbrev  0x00000dbc      0x1c2 ./component/uart/uart_adapter.o
 .debug_abbrev  0x00000f7e      0x163 ./component/serial_manager/serial_manager.o
 .debug_abbrev  0x000010e1      0x148 ./component/serial_manager/serial_port_uart.o
 .debug_abbrev  0x00001229      0x118 ./board/board.o
 .debug_abbrev  0x00001341      0x1e7 ./board/clock_config.o
 .debug_abbrev  0x00001528      0x199 ./board/pin_mux.o
 .debug_abbrev  0x000016c1       0x92 ./amazon-freertos/FreeRTOS/portable/fsl_tickless_systick.o
 .debug_abbrev  0x00001753      0x1e8 ./amazon-freertos/FreeRTOS/portable/heap_4.o
 .debug_abbrev  0x0000193b      0x24c ./amazon-freertos/FreeRTOS/portable/port.o
 .debug_abbrev  0x00001b87      0x119 ./amazon-freertos/FreeRTOS/list.o
 .debug_abbrev  0x00001ca0      0x2b6 ./amazon-freertos/FreeRTOS/queue.o
 .debug_abbrev  0x00001f56      0x2eb ./amazon-freertos/FreeRTOS/tasks.o
 .debug_abbrev  0x00002241      0x256 ./amazon-freertos/FreeRTOS/timers.o

.debug_aranges  0x00000000      0xe90
 .debug_aranges
                0x00000000       0x78 ./utilities/fsl_debug_console.o
 .debug_aranges
                0x00000078       0x38 ./utilities/fsl_str.o
 .debug_aranges
                0x000000b0      0x330 ./startup/startup_mk64f12.o
 .debug_aranges
                0x000003e0       0x30 ./source/freertos_sem.o
 .debug_aranges
                0x00000410       0x20 ./source/semihost_hardfault.o
 .debug_aranges
                0x00000430      0x1e8 ./drivers/fsl_clock.o
 .debug_aranges
                0x00000618      0x170 ./drivers/fsl_uart.o
 .debug_aranges
                0x00000788       0x30 ./device/system_MK64F12.o
 .debug_aranges
                0x000007b8       0x40 ./component/uart/uart_adapter.o
 .debug_aranges
                0x000007f8       0x88 ./component/serial_manager/serial_manager.o
 .debug_aranges
                0x00000880       0x38 ./component/serial_manager/serial_port_uart.o
 .debug_aranges
                0x000008b8       0x20 ./board/board.o
 .debug_aranges
                0x000008d8       0x50 ./board/clock_config.o
 .debug_aranges
                0x00000928       0x30 ./board/pin_mux.o
 .debug_aranges
                0x00000958       0x20 ./amazon-freertos/FreeRTOS/portable/fsl_tickless_systick.o
 .debug_aranges
                0x00000978       0x50 ./amazon-freertos/FreeRTOS/portable/heap_4.o
 .debug_aranges
                0x000009c8       0x78 ./amazon-freertos/FreeRTOS/portable/port.o
 .debug_aranges
                0x00000a40       0x40 ./amazon-freertos/FreeRTOS/list.o
 .debug_aranges
                0x00000a80      0x130 ./amazon-freertos/FreeRTOS/queue.o
 .debug_aranges
                0x00000bb0      0x208 ./amazon-freertos/FreeRTOS/tasks.o
 .debug_aranges
                0x00000db8       0xd8 ./amazon-freertos/FreeRTOS/timers.o

.debug_ranges   0x00000000      0xd40
 .debug_ranges  0x00000000       0x68 ./utilities/fsl_debug_console.o
 .debug_ranges  0x00000068       0x28 ./utilities/fsl_str.o
 .debug_ranges  0x00000090      0x320 ./startup/startup_mk64f12.o
 .debug_ranges  0x000003b0       0x20 ./source/freertos_sem.o
 .debug_ranges  0x000003d0       0x10 ./source/semihost_hardfault.o
 .debug_ranges  0x000003e0      0x1d8 ./drivers/fsl_clock.o
 .debug_ranges  0x000005b8      0x160 ./drivers/fsl_uart.o
 .debug_ranges  0x00000718       0x20 ./device/system_MK64F12.o
 .debug_ranges  0x00000738       0x30 ./component/uart/uart_adapter.o
 .debug_ranges  0x00000768       0x78 ./component/serial_manager/serial_manager.o
 .debug_ranges  0x000007e0       0x28 ./component/serial_manager/serial_port_uart.o
 .debug_ranges  0x00000808       0x10 ./board/board.o
 .debug_ranges  0x00000818       0x40 ./board/clock_config.o
 .debug_ranges  0x00000858       0x20 ./board/pin_mux.o
 .debug_ranges  0x00000878       0x10 ./amazon-freertos/FreeRTOS/portable/fsl_tickless_systick.o
 .debug_ranges  0x00000888       0x40 ./amazon-freertos/FreeRTOS/portable/heap_4.o
 .debug_ranges  0x000008c8       0x68 ./amazon-freertos/FreeRTOS/portable/port.o
 .debug_ranges  0x00000930       0x30 ./amazon-freertos/FreeRTOS/list.o
 .debug_ranges  0x00000960      0x120 ./amazon-freertos/FreeRTOS/queue.o
 .debug_ranges  0x00000a80      0x1f8 ./amazon-freertos/FreeRTOS/tasks.o
 .debug_ranges  0x00000c78       0xc8 ./amazon-freertos/FreeRTOS/timers.o

.debug_macro    0x00000000     0x2624
 .debug_macro   0x00000000      0x1fb ./utilities/fsl_debug_console.o
 .debug_macro   0x000001fb       0x16 ./utilities/fsl_debug_console.o
 .debug_macro   0x00000211       0x10 ./utilities/fsl_debug_console.o
 .debug_macro   0x00000221       0x28 ./utilities/fsl_debug_console.o
 .debug_macro   0x00000249      0x197 ./utilities/fsl_debug_console.o
 .debug_macro   0x000003e0      0x15a ./utilities/fsl_debug_console.o
 .debug_macro   0x0000053a       0xdd ./utilities/fsl_debug_console.o
 .debug_macro   0x00000617       0x10 ./utilities/fsl_debug_console.o
 .debug_macro   0x00000627       0x1f ./utilities/fsl_debug_console.o
 .debug_macro   0x00000646      0x353 ./utilities/fsl_debug_console.o
 .debug_macro   0x00000999       0xb5 ./utilities/fsl_debug_console.o
 .debug_macro   0x00000a4e       0x8c ./utilities/fsl_debug_console.o
 .debug_macro   0x00000ada       0x86 ./utilities/fsl_debug_console.o
 .debug_macro   0x00000b60       0x7e ./utilities/fsl_debug_console.o
 .debug_macro   0x00000bde       0x54 ./utilities/fsl_debug_console.o
 .debug_macro   0x00000c32       0x16 ./utilities/fsl_debug_console.o
 .debug_macro   0x00000c48       0x34 ./utilities/fsl_debug_console.o
 .debug_macro   0x00000c7c      0x118 ./utilities/fsl_str.o
 .debug_macro   0x00000d94       0xc4 ./utilities/fsl_str.o
 .debug_macro   0x00000e58       0x1c ./utilities/fsl_str.o
 .debug_macro   0x00000e74       0x29 ./startup/startup_mk64f12.o
 .debug_macro   0x00000e9d      0x209 ./source/freertos_sem.o
 .debug_macro   0x000010a6       0x16 ./source/freertos_sem.o
 .debug_macro   0x000010bc       0x91 ./source/freertos_sem.o
 .debug_macro   0x0000114d       0x1c ./source/freertos_sem.o
 .debug_macro   0x00001169       0x1c ./source/freertos_sem.o
 .debug_macro   0x00001185       0x10 ./source/freertos_sem.o
 .debug_macro   0x00001195       0x16 ./source/freertos_sem.o
 .debug_macro   0x000011ab      0x1f1 ./source/freertos_sem.o
 .debug_macro   0x0000139c       0x11 ./source/semihost_hardfault.o
 .debug_macro   0x000013ad      0x1bf ./drivers/fsl_clock.o
 .debug_macro   0x0000156c      0x10f ./drivers/fsl_uart.o
 .debug_macro   0x0000167b       0x98 ./device/system_MK64F12.o
 .debug_macro   0x00001713      0x105 ./component/uart/uart_adapter.o
 .debug_macro   0x00001818       0x10 ./component/uart/uart_adapter.o
 .debug_macro   0x00001828       0x1c ./component/uart/uart_adapter.o
 .debug_macro   0x00001844      0x122 ./component/serial_manager/serial_manager.o
 .debug_macro   0x00001966      0x113 ./component/serial_manager/serial_port_uart.o
 .debug_macro   0x00001a79       0x1c ./component/serial_manager/serial_port_uart.o
 .debug_macro   0x00001a95      0x149 ./board/board.o
 .debug_macro   0x00001bde       0x16 ./board/board.o
 .debug_macro   0x00001bf4      0x13a ./board/clock_config.o
 .debug_macro   0x00001d2e      0x118 ./board/pin_mux.o
 .debug_macro   0x00001e46       0xbc ./amazon-freertos/FreeRTOS/portable/fsl_tickless_systick.o
 .debug_macro   0x00001f02       0x7c ./amazon-freertos/FreeRTOS/portable/fsl_tickless_systick.o
 .debug_macro   0x00001f7e       0xdf ./amazon-freertos/FreeRTOS/portable/heap_4.o
 .debug_macro   0x0000205d      0x134 ./amazon-freertos/FreeRTOS/portable/port.o
 .debug_macro   0x00002191       0xb8 ./amazon-freertos/FreeRTOS/list.o
 .debug_macro   0x00002249      0x121 ./amazon-freertos/FreeRTOS/queue.o
 .debug_macro   0x0000236a      0x199 ./amazon-freertos/FreeRTOS/tasks.o
 .debug_macro   0x00002503       0x10 ./amazon-freertos/FreeRTOS/tasks.o
 .debug_macro   0x00002513       0x16 ./amazon-freertos/FreeRTOS/tasks.o
 .debug_macro   0x00002529       0xfb ./amazon-freertos/FreeRTOS/timers.o

.debug_line     0x00000000     0x725d
 .debug_line    0x00000000      0x5a8 ./utilities/fsl_debug_console.o
 .debug_line    0x000005a8      0x594 ./utilities/fsl_str.o
 .debug_line    0x00000b3c      0x6d4 ./startup/startup_mk64f12.o
 .debug_line    0x00001210      0x49c ./source/freertos_sem.o
 .debug_line    0x000016ac       0x54 ./source/semihost_hardfault.o
 .debug_line    0x00001700      0xa64 ./drivers/fsl_clock.o
 .debug_line    0x00002164      0xa67 ./drivers/fsl_uart.o
 .debug_line    0x00002bcb      0x293 ./device/system_MK64F12.o
 .debug_line    0x00002e5e      0x365 ./component/uart/uart_adapter.o
 .debug_line    0x000031c3      0x4aa ./component/serial_manager/serial_manager.o
 .debug_line    0x0000366d      0x370 ./component/serial_manager/serial_port_uart.o
 .debug_line    0x000039dd      0x319 ./board/board.o
 .debug_line    0x00003cf6      0x326 ./board/clock_config.o
 .debug_line    0x0000401c      0x2c0 ./board/pin_mux.o
 .debug_line    0x000042dc      0x27d ./amazon-freertos/FreeRTOS/portable/fsl_tickless_systick.o
 .debug_line    0x00004559      0x397 ./amazon-freertos/FreeRTOS/portable/heap_4.o
 .debug_line    0x000048f0      0x45d ./amazon-freertos/FreeRTOS/portable/port.o
 .debug_line    0x00004d4d      0x2de ./amazon-freertos/FreeRTOS/list.o
 .debug_line    0x0000502b      0xbff ./amazon-freertos/FreeRTOS/queue.o
 .debug_line    0x00005c2a      0xfe2 ./amazon-freertos/FreeRTOS/tasks.o
 .debug_line    0x00006c0c      0x651 ./amazon-freertos/FreeRTOS/timers.o

.debug_str      0x00000000    0x879f2
 .debug_str     0x00000000    0x7e6fc ./utilities/fsl_debug_console.o
                              0x7e82e (size before relaxing)
 .debug_str     0x0007e6fc      0x692 ./utilities/fsl_str.o
                              0x795de (size before relaxing)
 .debug_str     0x0007ed8e      0x7c2 ./startup/startup_mk64f12.o
                               0x3655 (size before relaxing)
 .debug_str     0x0007f550     0x1a55 ./source/freertos_sem.o
                              0x7f8d3 (size before relaxing)
 .debug_str     0x00080fa5       0x1f ./source/semihost_hardfault.o
                               0x2de6 (size before relaxing)
 .debug_str     0x00080fc4     0x1a7b ./drivers/fsl_clock.o
                              0x7b27a (size before relaxing)
 .debug_str     0x00082a3f     0x123b ./drivers/fsl_uart.o
                              0x7ab6a (size before relaxing)
 .debug_str     0x00083c7a      0x111 ./device/system_MK64F12.o
                              0x77ecd (size before relaxing)
 .debug_str     0x00083d8b      0x30b ./component/uart/uart_adapter.o
                              0x79a70 (size before relaxing)
 .debug_str     0x00084096      0x365 ./component/serial_manager/serial_manager.o
                              0x79471 (size before relaxing)
 .debug_str     0x000843fb       0xfc ./component/serial_manager/serial_port_uart.o
                              0x7951e (size before relaxing)
 .debug_str     0x000844f7       0x37 ./board/board.o
                              0x7a205 (size before relaxing)
 .debug_str     0x0008452e      0x2f1 ./board/clock_config.o
                              0x79ca2 (size before relaxing)
 .debug_str     0x0008481f      0x19f ./board/pin_mux.o
                              0x7923e (size before relaxing)
 .debug_str     0x000849be      0x3d4 ./amazon-freertos/FreeRTOS/portable/fsl_tickless_systick.o
                               0x8131 (size before relaxing)
 .debug_str     0x00084d92      0x2b6 ./amazon-freertos/FreeRTOS/portable/heap_4.o
                               0x8075 (size before relaxing)
 .debug_str     0x00085048      0x580 ./amazon-freertos/FreeRTOS/portable/port.o
                               0x86d8 (size before relaxing)
 .debug_str     0x000855c8      0x135 ./amazon-freertos/FreeRTOS/list.o
                               0x795f (size before relaxing)
 .debug_str     0x000856fd      0x838 ./amazon-freertos/FreeRTOS/queue.o
                               0x8ec3 (size before relaxing)
 .debug_str     0x00085f35     0x155f ./amazon-freertos/FreeRTOS/tasks.o
                               0x9d84 (size before relaxing)
 .debug_str     0x00087494      0x55e ./amazon-freertos/FreeRTOS/timers.o
                               0x938e (size before relaxing)

.comment        0x00000000       0x7f
 .comment       0x00000000       0x7f ./utilities/fsl_debug_console.o
                                 0x80 (size before relaxing)
 .comment       0x0000007f       0x80 ./utilities/fsl_str.o
 .comment       0x0000007f       0x80 ./startup/startup_mk64f12.o
 .comment       0x0000007f       0x80 ./source/freertos_sem.o
 .comment       0x0000007f       0x80 ./source/semihost_hardfault.o
 .comment       0x0000007f       0x80 ./drivers/fsl_clock.o
 .comment       0x0000007f       0x80 ./drivers/fsl_uart.o
 .comment       0x0000007f       0x80 ./device/system_MK64F12.o
 .comment       0x0000007f       0x80 ./component/uart/uart_adapter.o
 .comment       0x0000007f       0x80 ./component/serial_manager/serial_manager.o
 .comment       0x0000007f       0x80 ./component/serial_manager/serial_port_uart.o
 .comment       0x0000007f       0x80 ./board/board.o
 .comment       0x0000007f       0x80 ./board/clock_config.o
 .comment       0x0000007f       0x80 ./board/pin_mux.o
 .comment       0x0000007f       0x80 ./amazon-freertos/FreeRTOS/portable/fsl_tickless_systick.o
 .comment       0x0000007f       0x80 ./amazon-freertos/FreeRTOS/portable/heap_4.o
 .comment       0x0000007f       0x80 ./amazon-freertos/FreeRTOS/portable/port.o
 .comment       0x0000007f       0x80 ./amazon-freertos/FreeRTOS/list.o
 .comment       0x0000007f       0x80 ./amazon-freertos/FreeRTOS/queue.o
 .comment       0x0000007f       0x80 ./amazon-freertos/FreeRTOS/tasks.o
 .comment       0x0000007f       0x80 ./amazon-freertos/FreeRTOS/timers.o
 .comment       0x0000007f       0x80 c:/nxp/mcuxpressoide_10.3.0_2200/ide/plugins/com.nxp.mcuxpresso.tools.win32_10.3.0.201811011841/tools/bin/../lib/gcc/arm-none-eabi/7.3.1/../../../../arm-none-eabi/lib/thumb/v7e-m/fpv4-sp/hard\libcr_nohost_nf.a(_cr__main.o)
 .comment       0x0000007f       0x80 c:/nxp/mcuxpressoide_10.3.0_2200/ide/plugins/com.nxp.mcuxpresso.tools.win32_10.3.0.201811011841/tools/bin/../lib/gcc/arm-none-eabi/7.3.1/../../../../arm-none-eabi/lib/thumb/v7e-m/fpv4-sp/hard\libcr_nohost_nf.a(_cr_assert.o)
 .comment       0x0000007f       0x80 c:/nxp/mcuxpressoide_10.3.0_2200/ide/plugins/com.nxp.mcuxpresso.tools.win32_10.3.0.201811011841/tools/bin/../lib/gcc/arm-none-eabi/7.3.1/../../../../arm-none-eabi/lib/thumb/v7e-m/fpv4-sp/hard\libcr_nohost_nf.a(__ciob.o)
 .comment       0x0000007f       0x80 c:/nxp/mcuxpressoide_10.3.0_2200/ide/plugins/com.nxp.mcuxpresso.tools.win32_10.3.0.201811011841/tools/bin/../lib/gcc/arm-none-eabi/7.3.1/../../../../arm-none-eabi/lib/thumb/v7e-m/fpv4-sp/hard\libcr_nohost_nf.a(__sys_appexit.o)
 .comment       0x0000007f       0x80 c:/nxp/mcuxpressoide_10.3.0_2200/ide/plugins/com.nxp.mcuxpresso.tools.win32_10.3.0.201811011841/tools/bin/../lib/gcc/arm-none-eabi/7.3.1/../../../../arm-none-eabi/lib/thumb/v7e-m/fpv4-sp/hard\libcr_c.a(memcpy.o)
 .comment       0x0000007f       0x80 c:/nxp/mcuxpressoide_10.3.0_2200/ide/plugins/com.nxp.mcuxpresso.tools.win32_10.3.0.201811011841/tools/bin/../lib/gcc/arm-none-eabi/7.3.1/../../../../arm-none-eabi/lib/thumb/v7e-m/fpv4-sp/hard\libcr_c.a(memset.o)
 .comment       0x0000007f       0x80 c:/nxp/mcuxpressoide_10.3.0_2200/ide/plugins/com.nxp.mcuxpresso.tools.win32_10.3.0.201811011841/tools/bin/../lib/gcc/arm-none-eabi/7.3.1/../../../../arm-none-eabi/lib/thumb/v7e-m/fpv4-sp/hard\libcr_c.a(_deferredlazyseek.o)
 .comment       0x0000007f       0x80 c:/nxp/mcuxpressoide_10.3.0_2200/ide/plugins/com.nxp.mcuxpresso.tools.win32_10.3.0.201811011841/tools/bin/../lib/gcc/arm-none-eabi/7.3.1/../../../../arm-none-eabi/lib/thumb/v7e-m/fpv4-sp/hard\libcr_c.a(_fflush.o)
 .comment       0x0000007f       0x80 c:/nxp/mcuxpressoide_10.3.0_2200/ide/plugins/com.nxp.mcuxpresso.tools.win32_10.3.0.201811011841/tools/bin/../lib/gcc/arm-none-eabi/7.3.1/../../../../arm-none-eabi/lib/thumb/v7e-m/fpv4-sp/hard\libcr_c.a(_writebuf.o)
 .comment       0x0000007f       0x80 c:/nxp/mcuxpressoide_10.3.0_2200/ide/plugins/com.nxp.mcuxpresso.tools.win32_10.3.0.201811011841/tools/bin/../lib/gcc/arm-none-eabi/7.3.1/../../../../arm-none-eabi/lib/thumb/v7e-m/fpv4-sp/hard\libcr_c.a(alloc.o)
 .comment       0x0000007f       0x80 c:/nxp/mcuxpressoide_10.3.0_2200/ide/plugins/com.nxp.mcuxpresso.tools.win32_10.3.0.201811011841/tools/bin/../lib/gcc/arm-none-eabi/7.3.1/../../../../arm-none-eabi/lib/thumb/v7e-m/fpv4-sp/hard\libcr_c.a(fputs.o)
 .comment       0x0000007f       0x80 c:/nxp/mcuxpressoide_10.3.0_2200/ide/plugins/com.nxp.mcuxpresso.tools.win32_10.3.0.201811011841/tools/bin/../lib/gcc/arm-none-eabi/7.3.1/../../../../arm-none-eabi/lib/thumb/v7e-m/fpv4-sp/hard\libcr_c.a(fseek.o)
 .comment       0x0000007f       0x80 c:/nxp/mcuxpressoide_10.3.0_2200/ide/plugins/com.nxp.mcuxpresso.tools.win32_10.3.0.201811011841/tools/bin/../lib/gcc/arm-none-eabi/7.3.1/../../../../arm-none-eabi/lib/thumb/v7e-m/fpv4-sp/hard\libcr_c.a(ftell.o)
 .comment       0x0000007f       0x80 c:/nxp/mcuxpressoide_10.3.0_2200/ide/plugins/com.nxp.mcuxpresso.tools.win32_10.3.0.201811011841/tools/bin/../lib/gcc/arm-none-eabi/7.3.1/../../../../arm-none-eabi/lib/thumb/v7e-m/fpv4-sp/hard\libcr_c.a(initio.o)
 .comment       0x0000007f       0x80 c:/nxp/mcuxpressoide_10.3.0_2200/ide/plugins/com.nxp.mcuxpresso.tools.win32_10.3.0.201811011841/tools/bin/../lib/gcc/arm-none-eabi/7.3.1/../../../../arm-none-eabi/lib/thumb/v7e-m/fpv4-sp/hard\libcr_c.a(setvbuf.o)
 .comment       0x0000007f       0x80 c:/nxp/mcuxpressoide_10.3.0_2200/ide/plugins/com.nxp.mcuxpresso.tools.win32_10.3.0.201811011841/tools/bin/../lib/gcc/arm-none-eabi/7.3.1/../../../../arm-none-eabi/lib/thumb/v7e-m/fpv4-sp/hard\libcr_c.a(strlen.o)
 .comment       0x0000007f       0x80 c:/nxp/mcuxpressoide_10.3.0_2200/ide/plugins/com.nxp.mcuxpresso.tools.win32_10.3.0.201811011841/tools/bin/../lib/gcc/arm-none-eabi/7.3.1/../../../../arm-none-eabi/lib/thumb/v7e-m/fpv4-sp/hard\libcr_c.a(__init_alloc.o)
 .comment       0x0000007f       0x80 c:/nxp/mcuxpressoide_10.3.0_2200/ide/plugins/com.nxp.mcuxpresso.tools.win32_10.3.0.201811011841/tools/bin/../lib/gcc/arm-none-eabi/7.3.1/../../../../arm-none-eabi/lib/thumb/v7e-m/fpv4-sp/hard\libcr_c.a(_cr_sbrk.o)
 .comment       0x0000007f       0x80 c:/nxp/mcuxpressoide_10.3.0_2200/ide/plugins/com.nxp.mcuxpresso.tools.win32_10.3.0.201811011841/tools/bin/../lib/gcc/arm-none-eabi/7.3.1/../../../../arm-none-eabi/lib/thumb/v7e-m/fpv4-sp/hard\libcr_c.a(_fdopen.o)
 .comment       0x0000007f       0x80 c:/nxp/mcuxpressoide_10.3.0_2200/ide/plugins/com.nxp.mcuxpresso.tools.win32_10.3.0.201811011841/tools/bin/../lib/gcc/arm-none-eabi/7.3.1/../../../../arm-none-eabi/lib/thumb/v7e-m/fpv4-sp/hard\libcr_c.a(errno.o)
 .comment       0x0000007f       0x80 c:/nxp/mcuxpressoide_10.3.0_2200/ide/plugins/com.nxp.mcuxpresso.tools.win32_10.3.0.201811011841/tools/bin/../lib/gcc/arm-none-eabi/7.3.1/../../../../arm-none-eabi/lib/thumb/v7e-m/fpv4-sp/hard\libcr_c.a(fclose.o)
 .comment       0x0000007f       0x80 c:/nxp/mcuxpressoide_10.3.0_2200/ide/plugins/com.nxp.mcuxpresso.tools.win32_10.3.0.201811011841/tools/bin/../lib/gcc/arm-none-eabi/7.3.1/../../../../arm-none-eabi/lib/thumb/v7e-m/fpv4-sp/hard\libcr_c.a(fflush.o)
 .comment       0x0000007f       0x80 c:/nxp/mcuxpressoide_10.3.0_2200/ide/plugins/com.nxp.mcuxpresso.tools.win32_10.3.0.201811011841/tools/bin/../lib/gcc/arm-none-eabi/7.3.1/../../../../arm-none-eabi/lib/thumb/v7e-m/fpv4-sp/hard\libcr_c.a(remove.o)
 .comment       0x0000007f       0x80 c:/nxp/mcuxpressoide_10.3.0_2200/ide/plugins/com.nxp.mcuxpresso.tools.win32_10.3.0.201811011841/tools/bin/../lib/gcc/arm-none-eabi/7.3.1/../../../../arm-none-eabi/lib/thumb/v7e-m/fpv4-sp/hard\libcr_c.a(_cr_check_heap.o)
 .comment       0x0000007f       0x80 c:/nxp/mcuxpressoide_10.3.0_2200/ide/plugins/com.nxp.mcuxpresso.tools.win32_10.3.0.201811011841/tools/bin/../lib/gcc/arm-none-eabi/7.3.1/../../../../arm-none-eabi/lib/thumb/v7e-m/fpv4-sp/hard\libcr_c.a(_do_fflush.o)
 .comment       0x0000007f       0x80 c:/nxp/mcuxpressoide_10.3.0_2200/ide/plugins/com.nxp.mcuxpresso.tools.win32_10.3.0.201811011841/tools/bin/../lib/gcc/arm-none-eabi/7.3.1/../../../../arm-none-eabi/lib/thumb/v7e-m/fpv4-sp/hard\libcr_nohost_nf.a(__sys_close.o)
 .comment       0x0000007f       0x80 c:/nxp/mcuxpressoide_10.3.0_2200/ide/plugins/com.nxp.mcuxpresso.tools.win32_10.3.0.201811011841/tools/bin/../lib/gcc/arm-none-eabi/7.3.1/../../../../arm-none-eabi/lib/thumb/v7e-m/fpv4-sp/hard\libcr_nohost_nf.a(__sys_flen.o)
 .comment       0x0000007f       0x80 c:/nxp/mcuxpressoide_10.3.0_2200/ide/plugins/com.nxp.mcuxpresso.tools.win32_10.3.0.201811011841/tools/bin/../lib/gcc/arm-none-eabi/7.3.1/../../../../arm-none-eabi/lib/thumb/v7e-m/fpv4-sp/hard\libcr_nohost_nf.a(__sys_istty.o)
 .comment       0x0000007f       0x80 c:/nxp/mcuxpressoide_10.3.0_2200/ide/plugins/com.nxp.mcuxpresso.tools.win32_10.3.0.201811011841/tools/bin/../lib/gcc/arm-none-eabi/7.3.1/../../../../arm-none-eabi/lib/thumb/v7e-m/fpv4-sp/hard\libcr_nohost_nf.a(__sys_remove.o)
 .comment       0x0000007f       0x80 c:/nxp/mcuxpressoide_10.3.0_2200/ide/plugins/com.nxp.mcuxpresso.tools.win32_10.3.0.201811011841/tools/bin/../lib/gcc/arm-none-eabi/7.3.1/../../../../arm-none-eabi/lib/thumb/v7e-m/fpv4-sp/hard\libcr_nohost_nf.a(__sys_seek.o)
 .comment       0x0000007f       0x80 c:/nxp/mcuxpressoide_10.3.0_2200/ide/plugins/com.nxp.mcuxpresso.tools.win32_10.3.0.201811011841/tools/bin/../lib/gcc/arm-none-eabi/7.3.1/../../../../arm-none-eabi/lib/thumb/v7e-m/fpv4-sp/hard\libcr_nohost_nf.a(__sys_tmpnam.o)
 .comment       0x0000007f       0x80 c:/nxp/mcuxpressoide_10.3.0_2200/ide/plugins/com.nxp.mcuxpresso.tools.win32_10.3.0.201811011841/tools/bin/../lib/gcc/arm-none-eabi/7.3.1/../../../../arm-none-eabi/lib/thumb/v7e-m/fpv4-sp/hard\libcr_nohost_nf.a(__sys_write.o)

.ARM.attributes
                0x00000000       0x37
 .ARM.attributes
                0x00000000       0x39 ./utilities/fsl_debug_console.o
 .ARM.attributes
                0x00000039       0x39 ./utilities/fsl_str.o
 .ARM.attributes
                0x00000072       0x39 ./startup/startup_mk64f12.o
 .ARM.attributes
                0x000000ab       0x39 ./source/freertos_sem.o