Archive member included to satisfy reference by file (symbol)

c:/nxp/mcuxpressoide_10.3.0_2200/ide/plugins/com.nxp.mcuxpresso.tools.win32_10.3.0.201811011841/tools/bin/../lib/gcc/arm-none-eabi/7.3.1/../../../../arm-none-eabi/lib/thumb/v7e-m/fpv4-sp/hard\libcr_nohost_nf.a(_cr__main.o)
                              ./startup/startup_mk64f12.o (__main)
c:/nxp/mcuxpressoide_10.3.0_2200/ide/plugins/com.nxp.mcuxpresso.tools.win32_10.3.0.201811011841/tools/bin/../lib/gcc/arm-none-eabi/7.3.1/../../../../arm-none-eabi/lib/thumb/v7e-m/fpv4-sp/hard\libcr_nohost_nf.a(_cr_assert.o)
                              ./utilities/fsl_debug_console.o (__assertion_failed)
c:/nxp/mcuxpressoide_10.3.0_2200/ide/plugins/com.nxp.mcuxpresso.tools.win32_10.3.0.201811011841/tools/bin/../lib/gcc/arm-none-eabi/7.3.1/../../../../arm-none-eabi/lib/thumb/v7e-m/fpv4-sp/hard\libcr_nohost_nf.a(__ciob.o)
                              c:/nxp/mcuxpressoide_10.3.0_2200/ide/plugins/com.nxp.mcuxpresso.tools.win32_10.3.0.201811011841/tools/bin/../lib/gcc/arm-none-eabi/7.3.1/../../../../arm-none-eabi/lib/thumb/v7e-m/fpv4-sp/hard\libcr_nohost_nf.a(_cr_assert.o) (__Ciob)
c:/nxp/mcuxpressoide_10.3.0_2200/ide/plugins/com.nxp.mcuxpresso.tools.win32_10.3.0.201811011841/tools/bin/../lib/gcc/arm-none-eabi/7.3.1/../../../../arm-none-eabi/lib/thumb/v7e-m/fpv4-sp/hard\libcr_nohost_nf.a(__sys_appexit.o)
                              c:/nxp/mcuxpressoide_10.3.0_2200/ide/plugins/com.nxp.mcuxpresso.tools.win32_10.3.0.201811011841/tools/bin/../lib/gcc/arm-none-eabi/7.3.1/../../../../arm-none-eabi/lib/thumb/v7e-m/fpv4-sp/hard\libcr_nohost_nf.a(_cr_assert.o) (__sys_appexit)
c:/nxp/mcuxpressoide_10.3.0_2200/ide/plugins/com.nxp.mcuxpresso.tools.win32_10.3.0.201811011841/tools/bin/../lib/gcc/arm-none-eabi/7.3.1/../../../../arm-none-eabi/lib/thumb/v7e-m/fpv4-sp/hard\libcr_c.a(memcpy.o)
                              ./drivers/fsl_ftfx_cache.o (memcpy)
c:/nxp/mcuxpressoide_10.3.0_2200/ide/plugins/com.nxp.mcuxpresso.tools.win32_10.3.0.201811011841/tools/bin/../lib/gcc/arm-none-eabi/7.3.1/../../../../arm-none-eabi/lib/thumb/v7e-m/fpv4-sp/hard\libcr_c.a(memset.o)
                              ./utilities/fsl_debug_console.o (memset)
c:/nxp/mcuxpressoide_10.3.0_2200/ide/plugins/com.nxp.mcuxpresso.tools.win32_10.3.0.201811011841/tools/bin/../lib/gcc/arm-none-eabi/7.3.1/../../../../arm-none-eabi/lib/thumb/v7e-m/fpv4-sp/hard\libcr_c.a(_deferredlazyseek.o)
                              c:/nxp/mcuxpressoide_10.3.0_2200/ide/plugins/com.nxp.mcuxpresso.tools.win32_10.3.0.201811011841/tools/bin/../lib/gcc/arm-none-eabi/7.3.1/../../../../arm-none-eabi/lib/thumb/v7e-m/fpv4-sp/hard\libcr_nohost_nf.a(_cr_assert.o) (__flsbuf)
c:/nxp/mcuxpressoide_10.3.0_2200/ide/plugins/com.nxp.mcuxpresso.tools.win32_10.3.0.201811011841/tools/bin/../lib/gcc/arm-none-eabi/7.3.1/../../../../arm-none-eabi/lib/thumb/v7e-m/fpv4-sp/hard\libcr_c.a(_fflush.o)
                              c:/nxp/mcuxpressoide_10.3.0_2200/ide/plugins/com.nxp.mcuxpresso.tools.win32_10.3.0.201811011841/tools/bin/../lib/gcc/arm-none-eabi/7.3.1/../../../../arm-none-eabi/lib/thumb/v7e-m/fpv4-sp/hard\libcr_c.a(_deferredlazyseek.o) (_fflush)
c:/nxp/mcuxpressoide_10.3.0_2200/ide/plugins/com.nxp.mcuxpresso.tools.win32_10.3.0.201811011841/tools/bin/../lib/gcc/arm-none-eabi/7.3.1/../../../../arm-none-eabi/lib/thumb/v7e-m/fpv4-sp/hard\libcr_c.a(_writebuf.o)
                              c:/nxp/mcuxpressoide_10.3.0_2200/ide/plugins/com.nxp.mcuxpresso.tools.win32_10.3.0.201811011841/tools/bin/../lib/gcc/arm-none-eabi/7.3.1/../../../../arm-none-eabi/lib/thumb/v7e-m/fpv4-sp/hard\libcr_c.a(_deferredlazyseek.o) (_Cwritebuf)
c:/nxp/mcuxpressoide_10.3.0_2200/ide/plugins/com.nxp.mcuxpresso.tools.win32_10.3.0.201811011841/tools/bin/../lib/gcc/arm-none-eabi/7.3.1/../../../../arm-none-eabi/lib/thumb/v7e-m/fpv4-sp/hard\libcr_c.a(alloc.o)
                              ./drivers/fsl_common.o (malloc)
c:/nxp/mcuxpressoide_10.3.0_2200/ide/plugins/com.nxp.mcuxpresso.tools.win32_10.3.0.201811011841/tools/bin/../lib/gcc/arm-none-eabi/7.3.1/../../../../arm-none-eabi/lib/thumb/v7e-m/fpv4-sp/hard\libcr_c.a(fputs.o)
                              c:/nxp/mcuxpressoide_10.3.0_2200/ide/plugins/com.nxp.mcuxpresso.tools.win32_10.3.0.201811011841/tools/bin/../lib/gcc/arm-none-eabi/7.3.1/../../../../arm-none-eabi/lib/thumb/v7e-m/fpv4-sp/hard\libcr_nohost_nf.a(_cr_assert.o) (fputs)
c:/nxp/mcuxpressoide_10.3.0_2200/ide/plugins/com.nxp.mcuxpresso.tools.win32_10.3.0.201811011841/tools/bin/../lib/gcc/arm-none-eabi/7.3.1/../../../../arm-none-eabi/lib/thumb/v7e-m/fpv4-sp/hard\libcr_c.a(fseek.o)
                              c:/nxp/mcuxpressoide_10.3.0_2200/ide/plugins/com.nxp.mcuxpresso.tools.win32_10.3.0.201811011841/tools/bin/../lib/gcc/arm-none-eabi/7.3.1/../../../../arm-none-eabi/lib/thumb/v7e-m/fpv4-sp/hard\libcr_c.a(_deferredlazyseek.o) (fseek)
[...]
Memory Configuration

Name             Origin             Length             Attributes
PROGRAM_FLASH    0x00000000         0x00100000         xr
SRAM_UPPER       0x20000000         0x00030000         xrw
SRAM_LOWER       0x1fff0000         0x00010000         xrw
FLEX_RAM         0x14000000         0x00001000         xrw
*default*        0x00000000         0xffffffff

Linker script and memory map

LOAD ./utilities/fsl_assert.o
LOAD ./utilities/fsl_debug_console.o
LOAD ./utilities/fsl_str.o
LOAD ./startup/startup_mk64f12.o
LOAD ./source/freertos_sem.o
LOAD ./source/semihost_hardfault.o
LOAD ./drivers/fsl_clock.o
LOAD ./drivers/fsl_common.o
LOAD ./drivers/fsl_ftfx_cache.o
LOAD ./drivers/fsl_ftfx_controller.o
LOAD ./drivers/fsl_ftfx_flash.o
LOAD ./drivers/fsl_ftfx_flexnvm.o
LOAD ./drivers/fsl_gpio.o
LOAD ./drivers/fsl_smc.o
LOAD ./drivers/fsl_uart.o
LOAD ./device/system_MK64F12.o
LOAD ./component/uart/uart_adapter.o
LOAD ./component/serial_manager/serial_manager.o
LOAD ./component/serial_manager/serial_port_uart.o
LOAD ./component/lists/generic_list.o
LOAD ./board/board.o
LOAD ./board/clock_config.o
LOAD ./board/pin_mux.o
LOAD ./amazon-freertos/FreeRTOS/portable/fsl_tickless_systick.o
LOAD ./amazon-freertos/FreeRTOS/portable/heap_4.o
LOAD ./amazon-freertos/FreeRTOS/portable/port.o
LOAD ./amazon-freertos/FreeRTOS/event_groups.o
LOAD ./amazon-freertos/FreeRTOS/list.o
LOAD ./amazon-freertos/FreeRTOS/queue.o
LOAD ./amazon-freertos/FreeRTOS/stream_buffer.o
LOAD ./amazon-freertos/FreeRTOS/tasks.o
LOAD ./amazon-freertos/FreeRTOS/timers.o
START GROUP
LOAD c:/nxp/mcuxpressoide_10.3.0_2200/ide/plugins/com.nxp.mcuxpresso.tools.win32_10.3.0.201811011841/tools/bin/../lib/gcc/arm-none-eabi/7.3.1/../../../../arm-none-eabi/lib/thumb/v7e-m/fpv4-sp/hard\libcr_nohost_nf.a
LOAD c:/nxp/mcuxpressoide_10.3.0_2200/ide/plugins/com.nxp.mcuxpresso.tools.win32_10.3.0.201811011841/tools/bin/../lib/gcc/arm-none-eabi/7.3.1/../../../../arm-none-eabi/lib/thumb/v7e-m/fpv4-sp/hard\libcr_c.a
LOAD c:/nxp/mcuxpressoide_10.3.0_2200/ide/plugins/com.nxp.mcuxpresso.tools.win32_10.3.0.201811011841/tools/bin/../lib/gcc/arm-none-eabi/7.3.1/thumb/v7e-m/fpv4-sp/hard\libcr_eabihelpers.a
END GROUP
                0x00000000                __base_PROGRAM_FLASH = 0x0
                0x00000000                __base_Flash = 0x0
                0x00100000                __top_PROGRAM_FLASH = 0x100000
                0x00100000                __top_Flash = 0x100000
                0x20000000                __base_SRAM_UPPER = 0x20000000
                0x20000000                __base_RAM = 0x20000000
                0x20030000                __top_SRAM_UPPER = 0x20030000
                0x20030000                __top_RAM = 0x20030000
                0x1fff0000                __base_SRAM_LOWER = 0x1fff0000
                0x1fff0000                __base_RAM2 = 0x1fff0000
                0x20000000                __top_SRAM_LOWER = 0x20000000
                0x20000000                __top_RAM2 = 0x20000000
                0x14000000                __base_FLEX_RAM = 0x14000000
                0x14000000                __base_RAM3 = 0x14000000
                0x14001000                __top_FLEX_RAM = 0x14001000
                0x14001000                __top_RAM3 = 0x14001000

.text           0x00000000     0x6a60
 FILL mask 0xff
                0x00000000                __vectors_start__ = ABSOLUTE (.)
 *(SORT_BY_ALIGNMENT(.isr_vector))
 .isr_vector    0x00000000      0x198 ./startup/startup_mk64f12.o
                0x00000000                g_pfnVectors
                0x00000000                __Vectors
                0x00000198                . = ALIGN (0x4)
                0x00000198                __section_table_start = .
                0x00000198                __data_section_table = .
                0x00000198        0x4 LONG 0x6a60 LOADADDR (.data)
                0x0000019c        0x4 LONG 0x20000000 ADDR (.data)
                0x000001a0        0x4 LONG 0x20 SIZEOF (.data)
                0x000001a4        0x4 LONG 0x6a60 LOADADDR (.data_RAM2)
                0x000001a8        0x4 LONG 0x1fff0000 ADDR (.data_RAM2)
                0x000001ac        0x4 LONG 0x0 SIZEOF (.data_RAM2)
                0x000001b0        0x4 LONG 0x6a60 LOADADDR (.data_RAM3)
                0x000001b4        0x4 LONG 0x14000000 ADDR (.data_RAM3)
                0x000001b8        0x4 LONG 0x0 SIZEOF (.data_RAM3)
                0x000001bc                __data_section_table_end = .
                0x000001bc                __bss_section_table = .
                0x000001bc        0x4 LONG 0x20000020 ADDR (.bss)
                0x000001c0        0x4 LONG 0x2ac0 SIZEOF (.bss)
                0x000001c4        0x4 LONG 0x1fff0000 ADDR (.bss_RAM2)
                0x000001c8        0x4 LONG 0x0 SIZEOF (.bss_RAM2)
                0x000001cc        0x4 LONG 0x14000000 ADDR (.bss_RAM3)
                0x000001d0        0x4 LONG 0x0 SIZEOF (.bss_RAM3)
                0x000001d4                __bss_section_table_end = .
                0x000001d4                __section_table_end = .
 *(SORT_BY_ALIGNMENT(.after_vectors*))
 .after_vectors.reset
                0x000001d4       0x4c ./startup/startup_mk64f12.o
                0x000001d4                ResetISR
 .after_vectors.init_data
                0x00000220       0x1e ./startup/startup_mk64f12.o
                0x00000220                data_init
 .after_vectors.init_bss
                0x0000023e       0x12 ./startup/startup_mk64f12.o
                0x0000023e                bss_init
 .after_vectors
                0x00000250       0x14 ./startup/startup_mk64f12.o
                0x00000250                NMI_Handler
                0x00000254                MemManage_Handler
                0x00000256                BusFault_Handler
                0x00000258                UsageFault_Handler
                0x0000025c                DebugMon_Handler
                0x00000262                LPTMR0_DriverIRQHandler
                0x00000262                DMA_Error_DriverIRQHandler
                0x00000262                SPI1_DriverIRQHandler
                0x00000262                FTM1_DriverIRQHandler
                0x00000262                FTM2_DriverIRQHandler
                0x00000262                PIT2_DriverIRQHandler
                0x00000262                SDHC_DriverIRQHandler
                0x00000262                I2S0_Tx_DriverIRQHandler
                0x00000262                RTC_Seconds_DriverIRQHandler
                0x00000262                DMA6_DriverIRQHandler
                0x00000262                LLWU_DriverIRQHandler
                0x00000262                MCM_DriverIRQHandler
                0x00000262                MCG_DriverIRQHandler
                0x00000262                ENET_1588_Timer_DriverIRQHandler
                0x00000262                I2C2_DriverIRQHandler
                0x00000262                DAC1_DriverIRQHandler
                0x00000262                DMA12_DriverIRQHandler
                0x00000262                CMP1_DriverIRQHandler
                0x00000262                FTM0_DriverIRQHandler
                0x00000262                IntDefaultHandler
                0x00000262                USB0_DriverIRQHandler
                0x00000262                UART5_ERR_DriverIRQHandler
                0x00000262                PORTC_DriverIRQHandler
                0x00000262                DMA11_DriverIRQHandler
                0x00000262                DAC0_DriverIRQHandler
                0x00000262                DMA10_DriverIRQHandler
                0x00000262                CMP2_DriverIRQHandler
                0x00000262                UART2_ERR_DriverIRQHandler
                0x00000262                SPI2_DriverIRQHandler
                0x00000262                LVD_LVW_DriverIRQHandler
                0x00000262                PIT0_DriverIRQHandler
                0x00000262                PORTB_DriverIRQHandler
                0x00000262                DMA5_DriverIRQHandler
                0x00000262                DMA4_DriverIRQHandler
                0x00000262                USBDCD_DriverIRQHandler
                0x00000262                UART3_ERR_DriverIRQHandler
                0x00000262                DMA3_DriverIRQHandler
                0x00000262                DMA8_DriverIRQHandler
                0x00000262                DMA9_DriverIRQHandler
                0x00000262                UART0_ERR_DriverIRQHandler
                0x00000262                CMT_DriverIRQHandler
                0x00000262                Reserved71_DriverIRQHandler
                0x00000262                ADC1_DriverIRQHandler
                0x00000262                PORTA_DriverIRQHandler
                0x00000262                DMA14_DriverIRQHandler
                0x00000262                PIT3_DriverIRQHandler
                0x00000262                PIT1_DriverIRQHandler
                0x00000262                WDOG_EWM_DriverIRQHandler
                0x00000262                PDB0_DriverIRQHandler
                0x00000262                RTC_DriverIRQHandler
                0x00000262                I2S0_Rx_DriverIRQHandler
                0x00000262                Read_Collision_DriverIRQHandler
                0x00000262                SWI_DriverIRQHandler
                0x00000262                UART4_ERR_DriverIRQHandler
                0x00000262                DMA0_DriverIRQHandler
                0x00000262                UART0_LON_DriverIRQHandler
                0x00000262                DMA1_DriverIRQHandler
                0x00000262                I2C1_DriverIRQHandler
                0x00000262                ENET_Receive_DriverIRQHandler
                0x00000262                DMA13_DriverIRQHandler
                0x00000262                ENET_Error_DriverIRQHandler
                0x00000262                DMA15_DriverIRQHandler
                0x00000262                SPI0_DriverIRQHandler
                0x00000262                ADC0_DriverIRQHandler
                0x00000262                CMP0_DriverIRQHandler
                0x00000262                CAN0_DriverIRQHandler
                0x00000262                FTM3_DriverIRQHandler
                0x00000262                RNG_DriverIRQHandler
                0x00000262                UART1_ERR_DriverIRQHandler
                0x00000262                DMA2_DriverIRQHandler
                0x00000262                ENET_Transmit_DriverIRQHandler
                0x00000262                PORTD_DriverIRQHandler
                0x00000262                PORTE_DriverIRQHandler
                0x00000262                FTFE_DriverIRQHandler
                0x00000262                I2C0_DriverIRQHandler
                0x00000262                DMA7_DriverIRQHandler
                0x00000400                . = 0x400
 *fill*         0x00000264      0x19c ff
                0x00000400                PROVIDE (__FLASH_CONFIG_START__ = .)
 *(SORT_BY_ALIGNMENT(.FlashConfig))
 .FlashConfig   0x00000400       0x10 ./startup/startup_mk64f12.o
                0x00000400                Flash_Config
                0x00000410                PROVIDE (__FLASH_CONFIG_END__ = .)
                0x00000001                ASSERT (! ((__FLASH_CONFIG_START__ == __FLASH_CONFIG_END__)), Linker Flash Config Support Enabled, but no .FlashConfig section provided within application)
 *(SORT_BY_ALIGNMENT(.text*))
 .text.SVC_Handler
                0x00000410       0x28 ./amazon-freertos/FreeRTOS/portable/port.o
                0x00000410                SVC_Handler
 *fill*         0x00000438        0x8 ff
 .text.PendSV_Handler
                0x00000440       0x68 ./amazon-freertos/FreeRTOS/portable/port.o
                0x00000440                PendSV_Handler
 .text.DbgConsole_SendData
                0x000004a8       0x58 ./utilities/fsl_debug_console.o
                0x000004a8                DbgConsole_SendData
 .text.DbgConsole_Init
                0x00000500       0xf8 ./utilities/fsl_debug_console.o
                0x00000500                DbgConsole_Init
 .text.DbgConsole_Printf
                0x000005f8       0x64 ./utilities/fsl_debug_console.o
                0x000005f8                DbgConsole_Printf
 .text.main     0x0000065c       0x48 ./source/freertos_sem.o
                0x0000065c                main
 .text.producer_task
                0x000006a4      0x128 ./source/freertos_sem.o
 .text.consumer_task
                0x000007cc       0xa0 ./source/freertos_sem.o
 .text.CLOCK_SetEr32kClock
                0x0000086c       0x30 ./drivers/fsl_clock.o
 .text.CLOCK_SetPllFllSelClock
                0x0000089c       0x3c ./drivers/fsl_clock.o
 .text.CLOCK_GetMcgExtClkFreq
                0x000008d8       0x78 ./drivers/fsl_clock.o
 .text.CLOCK_GetFllExtRefClkFreq
                0x00000950       0xd0 ./drivers/fsl_clock.o
 .text.CLOCK_GetInternalRefClkSelectFreq
                0x00000a20       0x44 ./drivers/fsl_clock.o
 .text.CLOCK_GetFllRefClkFreq
                0x00000a64       0x2c ./drivers/fsl_clock.o
 .text.CLOCK_GetOscRangeFromFreq
                0x00000a90       0x3c ./drivers/fsl_clock.o
 .text.CLOCK_GetCoreSysClkFreq
                0x00000acc       0x28 ./drivers/fsl_clock.o
                0x00000acc                CLOCK_GetCoreSysClkFreq
 .text.CLOCK_SetSimConfig
                0x00000af4       0x38 ./drivers/fsl_clock.o
                0x00000af4                CLOCK_SetSimConfig
 .text.CLOCK_GetOutClkFreq
                0x00000b2c       0x64 ./drivers/fsl_clock.o
                0x00000b2c                CLOCK_GetOutClkFreq
 .text.CLOCK_GetFllFreq
                0x00000b90       0x7c ./drivers/fsl_clock.o
                0x00000b90                CLOCK_GetFllFreq
 .text.CLOCK_GetPll0Freq
                0x00000c0c       0x68 ./drivers/fsl_clock.o
                0x00000c0c                CLOCK_GetPll0Freq
 .text.CLOCK_SetExternalRefClkConfig
                0x00000c74       0x6c ./drivers/fsl_clock.o
                0x00000c74                CLOCK_SetExternalRefClkConfig
 .text.CLOCK_SetInternalRefClkConfig
                0x00000ce0      0x104 ./drivers/fsl_clock.o
                0x00000ce0                CLOCK_SetInternalRefClkConfig
 .text.CLOCK_EnablePll0
                0x00000de4       0x84 ./drivers/fsl_clock.o
                0x00000de4                CLOCK_EnablePll0
 .text.CLOCK_InitOsc0
                0x00000e68       0x8c ./drivers/fsl_clock.o
                0x00000e68                CLOCK_InitOsc0
 .text.CLOCK_SetPbeMode
                0x00000ef4       0xa8 ./drivers/fsl_clock.o
                0x00000ef4                CLOCK_SetPbeMode
 .text.CLOCK_BootToPeeMode
                0x00000f9c       0x64 ./drivers/fsl_clock.o
                0x00000f9c                CLOCK_BootToPeeMode
 .text.UART_GetInstance
                0x00001000       0x54 ./drivers/fsl_uart.o
                0x00001000                UART_GetInstance
 .text.UART_Init
                0x00001054      0x2d8 ./drivers/fsl_uart.o
                0x00001054                UART_Init
 .text.UART_GetDefaultConfig
                0x0000132c       0x68 ./drivers/fsl_uart.o
                0x0000132c                UART_GetDefaultConfig
 .text.UART0_DriverIRQHandler
                0x00001394       0x28 ./drivers/fsl_uart.o
                0x00001394                UART0_DriverIRQHandler
 .text.UART1_DriverIRQHandler
                0x000013bc       0x28 ./drivers/fsl_uart.o
                0x000013bc                UART1_DriverIRQHandler
 .text.UART2_DriverIRQHandler
                0x000013e4       0x28 ./drivers/fsl_uart.o
                0x000013e4                UART2_DriverIRQHandler
 .text.UART3_DriverIRQHandler
                0x0000140c       0x28 ./drivers/fsl_uart.o
                0x0000140c                UART3_DriverIRQHandler
 .text.UART4_DriverIRQHandler
                0x00001434       0x28 ./drivers/fsl_uart.o
                0x00001434                UART4_DriverIRQHandler
 .text.UART5_DriverIRQHandler
                0x0000145c       0x28 ./drivers/fsl_uart.o
                0x0000145c                UART5_DriverIRQHandler
 .text.SystemInit
                0x00001484       0x3c ./device/system_MK64F12.o
                0x00001484                SystemInit
 .text.HAL_UartInit
                0x000014c0      0x108 ./component/uart/uart_adapter.o
                0x000014c0                HAL_UartInit
 .text.HAL_UartSendBlocking
                0x000015c8       0x64 ./component/uart/uart_adapter.o
                0x000015c8                HAL_UartSendBlocking
 .text.SerialManager_Write
                0x0000162c       0x6c ./component/serial_manager/serial_manager.o
 .text.SerialManager_Init
                0x00001698       0x74 ./component/serial_manager/serial_manager.o
                0x00001698                SerialManager_Init
 .text.SerialManager_OpenWriteHandle
                0x0000170c       0x58 ./component/serial_manager/serial_manager.o
                0x0000170c                SerialManager_OpenWriteHandle
 .text.SerialManager_OpenReadHandle
                0x00001764       0x60 ./component/serial_manager/serial_manager.o
                0x00001764                SerialManager_OpenReadHandle
 .text.Serial_UartInit
                0x000017c4       0x80 ./component/serial_manager/serial_port_uart.o
                0x000017c4                Serial_UartInit
 .text.Serial_UartWrite
                0x00001844       0x58 ./component/serial_manager/serial_port_uart.o
                0x00001844                Serial_UartWrite
 .text.CLOCK_SetSimSafeDivs
                0x0000189c       0x20 ./board/clock_config.o
 .text.CLOCK_SetXtal0Freq
                0x000018bc       0x20 ./board/clock_config.o
 .text.CLOCK_CONFIG_SetFllExtRefDiv
                0x000018dc       0x3c ./board/clock_config.o
 .text.BOARD_BootClockRUN
                0x00001918       0x60 ./board/clock_config.o
                0x00001918                BOARD_BootClockRUN
 .text.BOARD_InitPins
                0x00001978       0x48 ./board/pin_mux.o
                0x00001978                BOARD_InitPins
 .text.vPortSetupTimerInterrupt
                0x000019c0       0x48 ./amazon-freertos/FreeRTOS/portable/fsl_tickless_systick.o
                0x000019c0                vPortSetupTimerInterrupt
 .text.pvPortMalloc
                0x00001a08      0x184 ./amazon-freertos/FreeRTOS/portable/heap_4.o
                0x00001a08                pvPortMalloc
 .text.vPortFree
                0x00001b8c       0xb0 ./amazon-freertos/FreeRTOS/portable/heap_4.o
                0x00001b8c                vPortFree
 .text.prvHeapInit
                0x00001c3c       0xc4 ./amazon-freertos/FreeRTOS/portable/heap_4.o
 .text.prvInsertBlockIntoFreeList
                0x00001d00       0xb4 ./amazon-freertos/FreeRTOS/portable/heap_4.o
 .text.pxPortInitialiseStack
                0x00001db4       0x68 ./amazon-freertos/FreeRTOS/portable/port.o
                0x00001db4                pxPortInitialiseStack
 .text.prvTaskExitError
                0x00001e1c       0x54 ./amazon-freertos/FreeRTOS/portable/port.o
 .text.prvPortStartFirstTask
                0x00001e70       0x28 ./amazon-freertos/FreeRTOS/portable/port.o
 .text.xPortStartScheduler
                0x00001e98      0x13c ./amazon-freertos/FreeRTOS/portable/port.o
                0x00001e98                xPortStartScheduler
 .text.vPortEnterCritical
                0x00001fd4       0x5c ./amazon-freertos/FreeRTOS/portable/port.o
                0x00001fd4                vPortEnterCritical
 .text.vPortExitCritical
                0x00002030       0x50 ./amazon-freertos/FreeRTOS/portable/port.o
                0x00002030                vPortExitCritical
 .text.SysTick_Handler
                0x00002080       0x40 ./amazon-freertos/FreeRTOS/portable/port.o
                0x00002080                SysTick_Handler
 .text.vPortEnableVFP
                0x000020c0       0x14 ./amazon-freertos/FreeRTOS/portable/port.o
 .text.vPortValidateInterruptPriority
                0x000020d4       0x7c ./amazon-freertos/FreeRTOS/portable/port.o
                0x000020d4                vPortValidateInterruptPriority
 .text.xQueueGenericReset
                0x00002150       0xd0 ./amazon-freertos/FreeRTOS/queue.o
                0x00002150                xQueueGenericReset
 .text.xQueueGenericSend
                0x00002220      0x1f4 ./amazon-freertos/FreeRTOS/queue.o
                0x00002220                xQueueGenericSend
 .text.xQueueReceive
                0x00002414      0x1b8 ./amazon-freertos/FreeRTOS/queue.o
                0x00002414                xQueueReceive
 .text.xQueueSemaphoreTake
                0x000025cc      0x214 ./amazon-freertos/FreeRTOS/queue.o
                0x000025cc                xQueueSemaphoreTake
 .text.vQueueAddToRegistry
                0x000027e0       0x50 ./amazon-freertos/FreeRTOS/queue.o
                0x000027e0                vQueueAddToRegistry
 .text.prvAddNewTaskToReadyList
                0x00002830       0xdc ./amazon-freertos/FreeRTOS/tasks.o
 .text.vTaskSuspend
                0x0000290c      0x124 ./amazon-freertos/FreeRTOS/tasks.o
                0x0000290c                vTaskSuspend
 .text.vTaskStartScheduler
                0x00002a30       0x98 ./amazon-freertos/FreeRTOS/tasks.o
                0x00002a30                vTaskStartScheduler
 .text.vTaskSuspendAll
                0x00002ac8       0x1c ./amazon-freertos/FreeRTOS/tasks.o
                0x00002ac8                vTaskSuspendAll
 .text.xTaskResumeAll
                0x00002ae4      0x138 ./amazon-freertos/FreeRTOS/tasks.o
                0x00002ae4                xTaskResumeAll
 .text.xTaskGetTickCount
                0x00002c1c       0x20 ./amazon-freertos/FreeRTOS/tasks.o
                0x00002c1c                xTaskGetTickCount
 .text.xTaskIncrementTick
                0x00002c3c      0x158 ./amazon-freertos/FreeRTOS/tasks.o
                0x00002c3c                xTaskIncrementTick
 .text.vTaskSwitchContext
                0x00002d94       0xb4 ./amazon-freertos/FreeRTOS/tasks.o
                0x00002d94                vTaskSwitchContext
 .text.vTaskPlaceOnEventList
                0x00002e48       0x48 ./amazon-freertos/FreeRTOS/tasks.o
                0x00002e48                vTaskPlaceOnEventList
 .text.vTaskPlaceOnEventListRestricted
                0x00002e90       0x54 ./amazon-freertos/FreeRTOS/tasks.o
                0x00002e90                vTaskPlaceOnEventListRestricted
 .text.xTaskRemoveFromEventList
                0x00002ee4       0xc4 ./amazon-freertos/FreeRTOS/tasks.o
                0x00002ee4                xTaskRemoveFromEventList
 .text.vTaskInternalSetTimeOutState
                0x00002fa8       0x2c ./amazon-freertos/FreeRTOS/tasks.o
                0x00002fa8                vTaskInternalSetTimeOutState
 .text.xTaskCheckForTimeOut
                0x00002fd4       0xc0 ./amazon-freertos/FreeRTOS/tasks.o
                0x00002fd4                xTaskCheckForTimeOut
 .text.vTaskMissedYield
                0x00003094       0x18 ./amazon-freertos/FreeRTOS/tasks.o
                0x00003094                vTaskMissedYield
 .text.prvIdleTask
                0x000030ac       0x30 ./amazon-freertos/FreeRTOS/tasks.o
 .text.prvInitialiseTaskLists
                0x000030dc       0x80 ./amazon-freertos/FreeRTOS/tasks.o
 .text.prvCheckTasksWaitingTermination
                0x0000315c       0x58 ./amazon-freertos/FreeRTOS/tasks.o
 .text.prvResetNextTaskUnblockTime
                0x000031b4       0x4c ./amazon-freertos/FreeRTOS/tasks.o
 .text.xTaskGetSchedulerState
                0x00003200       0x3c ./amazon-freertos/FreeRTOS/tasks.o
                0x00003200                xTaskGetSchedulerState
 .text.xTaskPriorityInherit
                0x0000323c      0x10c ./amazon-freertos/FreeRTOS/tasks.o
                0x0000323c                xTaskPriorityInherit
 .text.xTaskPriorityDisinherit
                0x00003348      0x108 ./amazon-freertos/FreeRTOS/tasks.o
                0x00003348                xTaskPriorityDisinherit
 .text.vTaskPriorityDisinheritAfterTimeout
                0x00003450      0x13c ./amazon-freertos/FreeRTOS/tasks.o
                0x00003450                vTaskPriorityDisinheritAfterTimeout
 .text.pvTaskIncrementMutexHeldCount
                0x0000358c       0x28 ./amazon-freertos/FreeRTOS/tasks.o
                0x0000358c                pvTaskIncrementMutexHeldCount
 .text.prvAddCurrentTaskToDelayedList
                0x000035b4       0xcc ./amazon-freertos/FreeRTOS/tasks.o
 .text.xTimerCreateTimerTask
                0x00003680       0x64 ./amazon-freertos/FreeRTOS/timers.o
                0x00003680                xTimerCreateTimerTask
 .text.xTimerGenericCommand
                0x000036e4       0x98 ./amazon-freertos/FreeRTOS/timers.o
                0x000036e4                xTimerGenericCommand
 .text.prvProcessExpiredTimer
                0x0000377c       0x80 ./amazon-freertos/FreeRTOS/timers.o
 .text.prvProcessTimerOrBlockTask
                0x000037fc       0x9c ./amazon-freertos/FreeRTOS/timers.o
 .text.prvGetNextExpireTime
                0x00003898       0x48 ./amazon-freertos/FreeRTOS/timers.o
 .text.prvSampleTimeNow
                0x000038e0       0x40 ./amazon-freertos/FreeRTOS/timers.o
 .text.prvInsertTimerInActiveList
                0x00003920       0x84 ./amazon-freertos/FreeRTOS/timers.o
 .text.prvProcessReceivedCommands
                0x000039a4      0x154 ./amazon-freertos/FreeRTOS/timers.o
 .text.prvSwitchTimerLists
                0x00003af8       0xc0 ./amazon-freertos/FreeRTOS/timers.o
 .text.prvCheckForValidListAndQueue
                0x00003bb8       0x6c ./amazon-freertos/FreeRTOS/timers.o
 .text.__assertion_failed
                0x00003c24       0x4c c:/nxp/mcuxpressoide_10.3.0_2200/ide/plugins/com.nxp.mcuxpresso.tools.win32_10.3.0.201811011841/tools/bin/../lib/gcc/arm-none-eabi/7.3.1/../../../../arm-none-eabi/lib/thumb/v7e-m/fpv4-sp/hard\libcr_nohost_nf.a(_cr_assert.o)
                0x00003c24                __assertion_failed
 .text._Cwritebuf
                0x00003c70       0x6c c:/nxp/mcuxpressoide_10.3.0_2200/ide/plugins/com.nxp.mcuxpresso.tools.win32_10.3.0.201811011841/tools/bin/../lib/gcc/arm-none-eabi/7.3.1/../../../../arm-none-eabi/lib/thumb/v7e-m/fpv4-sp/hard\libcr_c.a(_writebuf.o)
                0x00003c70                _Cwritebuf
 .text.malloc   0x00003cdc       0xc8 c:/nxp/mcuxpressoide_10.3.0_2200/ide/plugins/com.nxp.mcuxpresso.tools.win32_10.3.0.201811011841/tools/bin/../lib/gcc/arm-none-eabi/7.3.1/../../../../arm-none-eabi/lib/thumb/v7e-m/fpv4-sp/hard\libcr_c.a(alloc.o)
                0x00003cdc                malloc
 .text._Csys_alloc
                0x00003da4       0x20 c:/nxp/mcuxpressoide_10.3.0_2200/ide/plugins/com.nxp.mcuxpresso.tools.win32_10.3.0.201811011841/tools/bin/../lib/gcc/arm-none-eabi/7.3.1/../../../../arm-none-eabi/lib/thumb/v7e-m/fpv4-sp/hard\libcr_c.a(alloc.o)
                0x00003da4                _Csys_alloc
 .text.fseek    0x00003dc4      0x100 c:/nxp/mcuxpressoide_10.3.0_2200/ide/plugins/com.nxp.mcuxpresso.tools.win32_10.3.0.201811011841/tools/bin/../lib/gcc/arm-none-eabi/7.3.1/../../../../arm-none-eabi/lib/thumb/v7e-m/fpv4-sp/hard\libcr_c.a(fseek.o)
                0x00003dc4                fseek
 .text.ftell    0x00003ec4       0x44 c:/nxp/mcuxpressoide_10.3.0_2200/ide/plugins/com.nxp.mcuxpresso.tools.win32_10.3.0.201811011841/tools/bin/../lib/gcc/arm-none-eabi/7.3.1/../../../../arm-none-eabi/lib/thumb/v7e-m/fpv4-sp/hard\libcr_c.a(ftell.o)
                0x00003ec4                ftell
 .text._initio  0x00003f08       0x78 c:/nxp/mcuxpressoide_10.3.0_2200/ide/plugins/com.nxp.mcuxpresso.tools.win32_10.3.0.201811011841/tools/bin/../lib/gcc/arm-none-eabi/7.3.1/../../../../arm-none-eabi/lib/thumb/v7e-m/fpv4-sp/hard\libcr_c.a(initio.o)
                0x00003f08                _initio
 .text.setvbuf  0x00003f80       0x40 c:/nxp/mcuxpressoide_10.3.0_2200/ide/plugins/com.nxp.mcuxpresso.tools.win32_10.3.0.201811011841/tools/bin/../lib/gcc/arm-none-eabi/7.3.1/../../../../arm-none-eabi/lib/thumb/v7e-m/fpv4-sp/hard\libcr_c.a(setvbuf.o)
                0x00003f80                setvbuf
 .text._sbrk    0x00003fc0       0x3c c:/nxp/mcuxpressoide_10.3.0_2200/ide/plugins/com.nxp.mcuxpresso.tools.win32_10.3.0.201811011841/tools/bin/../lib/gcc/arm-none-eabi/7.3.1/../../../../arm-none-eabi/lib/thumb/v7e-m/fpv4-sp/hard\libcr_c.a(_cr_sbrk.o)
                0x00003fc0                _sbrk
 .text.fflush   0x00003ffc       0x44 c:/nxp/mcuxpressoide_10.3.0_2200/ide/plugins/com.nxp.mcuxpresso.tools.win32_10.3.0.201811011841/tools/bin/../lib/gcc/arm-none-eabi/7.3.1/../../../../arm-none-eabi/lib/thumb/v7e-m/fpv4-sp/hard\libcr_c.a(fflush.o)
                0x00003ffc                fflush
 .text.__check_heap_overflow
                0x00004040       0x18 c:/nxp/mcuxpressoide_10.3.0_2200/ide/plugins/com.nxp.mcuxpresso.tools.win32_10.3.0.201811011841/tools/bin/../lib/gcc/arm-none-eabi/7.3.1/../../../../arm-none-eabi/lib/thumb/v7e-m/fpv4-sp/hard\libcr_c.a(_cr_check_heap.o)
                0x00004040                __check_heap_overflow
 .text.DbgConsole_PrintCallback
                0x00004058       0x64 ./utilities/fsl_debug_console.o
 .text.ConvertRadixNumToString
                0x000040bc      0x114 ./utilities/fsl_str.o
 .text.StrFormatPrintf
                0x000041d0      0x30c ./utilities/fsl_str.o
                0x000041d0                StrFormatPrintf
 .text.DMA0_IRQHandler
                0x000044dc        0x8 ./startup/startup_mk64f12.o
                0x000044dc                DMA0_IRQHandler
 .text.DMA1_IRQHandler
                0x000044e4        0x8 ./startup/startup_mk64f12.o
                0x000044e4                DMA1_IRQHandler
 .text.DMA2_IRQHandler
                0x000044ec        0x8 ./startup/startup_mk64f12.o
                0x000044ec                DMA2_IRQHandler
 .text.DMA3_IRQHandler
                0x000044f4        0x8 ./startup/startup_mk64f12.o
                0x000044f4                DMA3_IRQHandler
 .text.DMA4_IRQHandler
                0x000044fc        0x8 ./startup/startup_mk64f12.o
                0x000044fc                DMA4_IRQHandler
 .text.DMA5_IRQHandler
                0x00004504        0x8 ./startup/startup_mk64f12.o
                0x00004504                DMA5_IRQHandler
 .text.DMA6_IRQHandler
                0x0000450c        0x8 ./startup/startup_mk64f12.o
                0x0000450c                DMA6_IRQHandler
 .text.DMA7_IRQHandler
                0x00004514        0x8 ./startup/startup_mk64f12.o
                0x00004514                DMA7_IRQHandler
 .text.DMA8_IRQHandler
                0x0000451c        0x8 ./startup/startup_mk64f12.o
                0x0000451c                DMA8_IRQHandler
 .text.DMA9_IRQHandler
                0x00004524        0x8 ./startup/startup_mk64f12.o
                0x00004524                DMA9_IRQHandler
 .text.DMA10_IRQHandler
                0x0000452c        0x8 ./startup/startup_mk64f12.o
                0x0000452c                DMA10_IRQHandler
 .text.DMA11_IRQHandler
                0x00004534        0x8 ./startup/startup_mk64f12.o
                0x00004534                DMA11_IRQHandler
 .text.DMA12_IRQHandler
                0x0000453c        0x8 ./startup/startup_mk64f12.o
                0x0000453c                DMA12_IRQHandler
 .text.DMA13_IRQHandler
                0x00004544        0x8 ./startup/startup_mk64f12.o
                0x00004544                DMA13_IRQHandler
 .text.DMA14_IRQHandler
                0x0000454c        0x8 ./startup/startup_mk64f12.o
                0x0000454c                DMA14_IRQHandler
 .text.DMA15_IRQHandler
                0x00004554        0x8 ./startup/startup_mk64f12.o
                0x00004554                DMA15_IRQHandler
 .text.DMA_Error_IRQHandler
                0x0000455c        0x8 ./startup/startup_mk64f12.o
                0x0000455c                DMA_Error_IRQHandler
 .text.MCM_IRQHandler
                0x00004564        0x8 ./startup/startup_mk64f12.o
                0x00004564                MCM_IRQHandler
 .text.FTFE_IRQHandler
                0x0000456c        0x8 ./startup/startup_mk64f12.o
                0x0000456c                FTFE_IRQHandler
 .text.Read_Collision_IRQHandler
                0x00004574        0x8 ./startup/startup_mk64f12.o
                0x00004574                Read_Collision_IRQHandler
 .text.LVD_LVW_IRQHandler
                0x0000457c        0x8 ./startup/startup_mk64f12.o
                0x0000457c                LVD_LVW_IRQHandler
 .text.LLWU_IRQHandler
                0x00004584        0x8 ./startup/startup_mk64f12.o
                0x00004584                LLWU_IRQHandler
 .text.WDOG_EWM_IRQHandler
                0x0000458c        0x8 ./startup/startup_mk64f12.o
                0x0000458c                WDOG_EWM_IRQHandler
 .text.RNG_IRQHandler
                0x00004594        0x8 ./startup/startup_mk64f12.o
                0x00004594                RNG_IRQHandler
 .text.I2C0_IRQHandler
                0x0000459c        0x8 ./startup/startup_mk64f12.o
                0x0000459c                I2C0_IRQHandler
 .text.I2C1_IRQHandler
                0x000045a4        0x8 ./startup/startup_mk64f12.o
                0x000045a4                I2C1_IRQHandler
 .text.SPI0_IRQHandler
                0x000045ac        0x8 ./startup/startup_mk64f12.o
                0x000045ac                SPI0_IRQHandler
 .text.SPI1_IRQHandler
                0x000045b4        0x8 ./startup/startup_mk64f12.o
                0x000045b4                SPI1_IRQHandler
 .text.I2S0_Tx_IRQHandler
                0x000045bc        0x8 ./startup/startup_mk64f12.o
                0x000045bc                I2S0_Tx_IRQHandler
 .text.I2S0_Rx_IRQHandler
                0x000045c4        0x8 ./startup/startup_mk64f12.o
                0x000045c4                I2S0_Rx_IRQHandler
 .text.UART0_LON_IRQHandler
                0x000045cc        0x8 ./startup/startup_mk64f12.o
                0x000045cc                UART0_LON_IRQHandler
 .text.UART0_RX_TX_IRQHandler
                0x000045d4        0x8 ./startup/startup_mk64f12.o
                0x000045d4                UART0_RX_TX_IRQHandler
 .text.UART0_ERR_IRQHandler
                0x000045dc        0x8 ./startup/startup_mk64f12.o
                0x000045dc                UART0_ERR_IRQHandler
 .text.UART1_RX_TX_IRQHandler
                0x000045e4        0x8 ./startup/startup_mk64f12.o
                0x000045e4                UART1_RX_TX_IRQHandler
 .text.UART1_ERR_IRQHandler
                0x000045ec        0x8 ./startup/startup_mk64f12.o
                0x000045ec                UART1_ERR_IRQHandler
 .text.UART2_RX_TX_IRQHandler
                0x000045f4        0x8 ./startup/startup_mk64f12.o
                0x000045f4                UART2_RX_TX_IRQHandler
 .text.UART2_ERR_IRQHandler
                0x000045fc        0x8 ./startup/startup_mk64f12.o
                0x000045fc                UART2_ERR_IRQHandler
 .text.UART3_RX_TX_IRQHandler
                0x00004604        0x8 ./startup/startup_mk64f12.o
                0x00004604                UART3_RX_TX_IRQHandler
 .text.UART3_ERR_IRQHandler
                0x0000460c        0x8 ./startup/startup_mk64f12.o
                0x0000460c                UART3_ERR_IRQHandler
 .text.ADC0_IRQHandler
                0x00004614        0x8 ./startup/startup_mk64f12.o
                0x00004614                ADC0_IRQHandler
 .text.CMP0_IRQHandler
                0x0000461c        0x8 ./startup/startup_mk64f12.o
                0x0000461c                CMP0_IRQHandler
 .text.CMP1_IRQHandler
                0x00004624        0x8 ./startup/startup_mk64f12.o
                0x00004624                CMP1_IRQHandler
 .text.FTM0_IRQHandler
                0x0000462c        0x8 ./startup/startup_mk64f12.o
                0x0000462c                FTM0_IRQHandler
 .text.FTM1_IRQHandler
                0x00004634        0x8 ./startup/startup_mk64f12.o
                0x00004634                FTM1_IRQHandler
 .text.FTM2_IRQHandler
                0x0000463c        0x8 ./startup/startup_mk64f12.o
                0x0000463c                FTM2_IRQHandler
 .text.CMT_IRQHandler
                0x00004644        0x8 ./startup/startup_mk64f12.o
                0x00004644                CMT_IRQHandler
 .text.RTC_IRQHandler
                0x0000464c        0x8 ./startup/startup_mk64f12.o
                0x0000464c                RTC_IRQHandler
 .text.RTC_Seconds_IRQHandler
                0x00004654        0x8 ./startup/startup_mk64f12.o
                0x00004654                RTC_Seconds_IRQHandler
 .text.PIT0_IRQHandler
                0x0000465c        0x8 ./startup/startup_mk64f12.o
                0x0000465c                PIT0_IRQHandler
 .text.PIT1_IRQHandler
                0x00004664        0x8 ./startup/startup_mk64f12.o
                0x00004664                PIT1_IRQHandler
 .text.PIT2_IRQHandler
                0x0000466c        0x8 ./startup/startup_mk64f12.o
                0x0000466c                PIT2_IRQHandler
 .text.PIT3_IRQHandler
                0x00004674        0x8 ./startup/startup_mk64f12.o
                0x00004674                PIT3_IRQHandler
 .text.PDB0_IRQHandler
                0x0000467c        0x8 ./startup/startup_mk64f12.o
                0x0000467c                PDB0_IRQHandler
 .text.USB0_IRQHandler
                0x00004684        0x8 ./startup/startup_mk64f12.o
                0x00004684                USB0_IRQHandler
 .text.USBDCD_IRQHandler
                0x0000468c        0x8 ./startup/startup_mk64f12.o
                0x0000468c                USBDCD_IRQHandler
 .text.Reserved71_IRQHandler
                0x00004694        0x8 ./startup/startup_mk64f12.o
                0x00004694                Reserved71_IRQHandler
 .text.DAC0_IRQHandler
                0x0000469c        0x8 ./startup/startup_mk64f12.o
                0x0000469c                DAC0_IRQHandler
 .text.MCG_IRQHandler
                0x000046a4        0x8 ./startup/startup_mk64f12.o
                0x000046a4                MCG_IRQHandler
 .text.LPTMR0_IRQHandler
                0x000046ac        0x8 ./startup/startup_mk64f12.o
                0x000046ac                LPTMR0_IRQHandler
 .text.PORTA_IRQHandler
                0x000046b4        0x8 ./startup/startup_mk64f12.o
                0x000046b4                PORTA_IRQHandler
 .text.PORTB_IRQHandler
                0x000046bc        0x8 ./startup/startup_mk64f12.o
                0x000046bc                PORTB_IRQHandler
 .text.PORTC_IRQHandler
                0x000046c4        0x8 ./startup/startup_mk64f12.o
                0x000046c4                PORTC_IRQHandler
 .text.PORTD_IRQHandler
                0x000046cc        0x8 ./startup/startup_mk64f12.o
                0x000046cc                PORTD_IRQHandler
 .text.PORTE_IRQHandler
                0x000046d4        0x8 ./startup/startup_mk64f12.o
                0x000046d4                PORTE_IRQHandler
 .text.SWI_IRQHandler
                0x000046dc        0x8 ./startup/startup_mk64f12.o
                0x000046dc                SWI_IRQHandler
 .text.SPI2_IRQHandler
                0x000046e4        0x8 ./startup/startup_mk64f12.o
                0x000046e4                SPI2_IRQHandler
 .text.UART4_RX_TX_IRQHandler
                0x000046ec        0x8 ./startup/startup_mk64f12.o
                0x000046ec                UART4_RX_TX_IRQHandler
 .text.UART4_ERR_IRQHandler
                0x000046f4        0x8 ./startup/startup_mk64f12.o
                0x000046f4                UART4_ERR_IRQHandler
 .text.UART5_RX_TX_IRQHandler
                0x000046fc        0x8 ./startup/startup_mk64f12.o
                0x000046fc                UART5_RX_TX_IRQHandler
 .text.UART5_ERR_IRQHandler
                0x00004704        0x8 ./startup/startup_mk64f12.o
                0x00004704                UART5_ERR_IRQHandler
 .text.CMP2_IRQHandler
                0x0000470c        0x8 ./startup/startup_mk64f12.o
                0x0000470c                CMP2_IRQHandler
 .text.FTM3_IRQHandler
                0x00004714        0x8 ./startup/startup_mk64f12.o
                0x00004714                FTM3_IRQHandler
 .text.DAC1_IRQHandler
                0x0000471c        0x8 ./startup/startup_mk64f12.o
                0x0000471c                DAC1_IRQHandler
 .text.ADC1_IRQHandler
                0x00004724        0x8 ./startup/startup_mk64f12.o
                0x00004724                ADC1_IRQHandler
 .text.I2C2_IRQHandler
                0x0000472c        0x8 ./startup/startup_mk64f12.o
                0x0000472c                I2C2_IRQHandler
 .text.CAN0_ORed_Message_buffer_IRQHandler
                0x00004734        0x8 ./startup/startup_mk64f12.o
                0x00004734                CAN0_ORed_Message_buffer_IRQHandler
 .text.CAN0_Bus_Off_IRQHandler
                0x0000473c        0x8 ./startup/startup_mk64f12.o
                0x0000473c                CAN0_Bus_Off_IRQHandler
 .text.CAN0_Error_IRQHandler
                0x00004744        0x8 ./startup/startup_mk64f12.o
                0x00004744                CAN0_Error_IRQHandler
 .text.CAN0_Tx_Warning_IRQHandler
                0x0000474c        0x8 ./startup/startup_mk64f12.o
                0x0000474c                CAN0_Tx_Warning_IRQHandler
 .text.CAN0_Rx_Warning_IRQHandler
                0x00004754        0x8 ./startup/startup_mk64f12.o
                0x00004754                CAN0_Rx_Warning_IRQHandler
 .text.CAN0_Wake_Up_IRQHandler
                0x0000475c        0x8 ./startup/startup_mk64f12.o
                0x0000475c                CAN0_Wake_Up_IRQHandler
 .text.SDHC_IRQHandler
                0x00004764        0x8 ./startup/startup_mk64f12.o
                0x00004764                SDHC_IRQHandler
 .text.ENET_1588_Timer_IRQHandler
                0x0000476c        0x8 ./startup/startup_mk64f12.o
                0x0000476c                ENET_1588_Timer_IRQHandler
 .text.ENET_Transmit_IRQHandler
                0x00004774        0x8 ./startup/startup_mk64f12.o
                0x00004774                ENET_Transmit_IRQHandler
 .text.ENET_Receive_IRQHandler
                0x0000477c        0x8 ./startup/startup_mk64f12.o
                0x0000477c                ENET_Receive_IRQHandler
 .text.ENET_Error_IRQHandler
                0x00004784        0x8 ./startup/startup_mk64f12.o
                0x00004784                ENET_Error_IRQHandler
 .text.HardFault_Handler
                0x0000478c       0x2c ./source/semihost_hardfault.o
                0x0000478c                HardFault_Handler
 .text.OSC_SetExtRefClkConfig
                0x000047b8       0x34 ./drivers/fsl_clock.o
 .text.OSC_SetCapLoad
                0x000047ec       0x34 ./drivers/fsl_clock.o
 .text.CLOCK_GetPll0RefFreq
                0x00004820        0xe ./drivers/fsl_clock.o
 .text.CLOCK_EnableClock
                0x0000482e       0x34 ./drivers/fsl_uart.o
 .text.UART_WriteBlocking
                0x00004862       0x3e ./drivers/fsl_uart.o
                0x00004862                UART_WriteBlocking
 .text.UART0_RX_TX_DriverIRQHandler
                0x000048a0       0x10 ./drivers/fsl_uart.o
                0x000048a0                UART0_RX_TX_DriverIRQHandler
 .text.UART1_RX_TX_DriverIRQHandler
                0x000048b0       0x10 ./drivers/fsl_uart.o
                0x000048b0                UART1_RX_TX_DriverIRQHandler
 .text.UART2_RX_TX_DriverIRQHandler
                0x000048c0       0x10 ./drivers/fsl_uart.o
                0x000048c0                UART2_RX_TX_DriverIRQHandler
 .text.UART3_RX_TX_DriverIRQHandler
                0x000048d0       0x10 ./drivers/fsl_uart.o
                0x000048d0                UART3_RX_TX_DriverIRQHandler
 .text.UART4_RX_TX_DriverIRQHandler
                0x000048e0       0x10 ./drivers/fsl_uart.o
                0x000048e0                UART4_RX_TX_DriverIRQHandler
 .text.UART5_RX_TX_DriverIRQHandler
                0x000048f0       0x10 ./drivers/fsl_uart.o
                0x000048f0                UART5_RX_TX_DriverIRQHandler
 .text.SystemInitHook
                0x00004900        0xe ./device/system_MK64F12.o
                0x00004900                SystemInitHook
 .text.HAL_UartGetStatus
                0x0000490e       0x22 ./component/uart/uart_adapter.o
 .text.SerialManager_StartWriting
                0x00004930       0x44 ./component/serial_manager/serial_manager.o
 .text.SerialManager_WriteBlocking
                0x00004974       0x20 ./component/serial_manager/serial_manager.o
                0x00004974                SerialManager_WriteBlocking
 .text.BOARD_InitDebugConsole
                0x00004994       0x22 ./board/board.o
                0x00004994                BOARD_InitDebugConsole
 .text.CLOCK_EnableClock
                0x000049b6       0x34 ./board/pin_mux.o
 .text.PORT_SetPinMux
                0x000049ea       0x3a ./board/pin_mux.o
 .text.vListInitialise
                0x00004a24       0x40 ./amazon-freertos/FreeRTOS/list.o
                0x00004a24                vListInitialise
 .text.vListInitialiseItem
                0x00004a64       0x1a ./amazon-freertos/FreeRTOS/list.o
                0x00004a64                vListInitialiseItem
 .text.vListInsertEnd
                0x00004a7e       0x48 ./amazon-freertos/FreeRTOS/list.o
                0x00004a7e                vListInsertEnd
 .text.vListInsert
                0x00004ac6       0x72 ./amazon-freertos/FreeRTOS/list.o
                0x00004ac6                vListInsert
 .text.uxListRemove
                0x00004b38       0x54 ./amazon-freertos/FreeRTOS/list.o
                0x00004b38                uxListRemove
 .text.xQueueGenericCreate
                0x00004b8c       0x72 ./amazon-freertos/FreeRTOS/queue.o
                0x00004b8c                xQueueGenericCreate
 .text.prvInitialiseNewQueue
                0x00004bfe       0x46 ./amazon-freertos/FreeRTOS/queue.o
 .text.xQueueGenericSendFromISR
                0x00004c44      0x128 ./amazon-freertos/FreeRTOS/queue.o
                0x00004c44                xQueueGenericSendFromISR
 .text.prvGetDisinheritPriorityAfterTimeout
                0x00004d6c       0x30 ./amazon-freertos/FreeRTOS/queue.o
 .text.prvCopyDataToQueue
                0x00004d9c       0xd4 ./amazon-freertos/FreeRTOS/queue.o
 .text.prvCopyDataFromQueue
                0x00004e70       0x4c ./amazon-freertos/FreeRTOS/queue.o
 .text.prvUnlockQueue
                0x00004ebc       0xa4 ./amazon-freertos/FreeRTOS/queue.o
 .text.prvIsQueueEmpty
                0x00004f60       0x2c ./amazon-freertos/FreeRTOS/queue.o
 .text.prvIsQueueFull
                0x00004f8c       0x30 ./amazon-freertos/FreeRTOS/queue.o
 .text.vQueueWaitForMessageRestricted
                0x00004fbc       0x68 ./amazon-freertos/FreeRTOS/queue.o
                0x00004fbc                vQueueWaitForMessageRestricted
 .text.xTaskCreate
                0x00005024       0x82 ./amazon-freertos/FreeRTOS/tasks.o
                0x00005024                xTaskCreate
 .text.prvInitialiseNewTask
                0x000050a6      0x132 ./amazon-freertos/FreeRTOS/tasks.o
 .text.prvDeleteTCB
                0x000051d8       0x20 ./amazon-freertos/FreeRTOS/tasks.o
 .text.prvTimerTask
                0x000051f8       0x24 ./amazon-freertos/FreeRTOS/timers.o
 .text.__main   0x0000521c        0xe c:/nxp/mcuxpressoide_10.3.0_2200/ide/plugins/com.nxp.mcuxpresso.tools.win32_10.3.0.201811011841/tools/bin/../lib/gcc/arm-none-eabi/7.3.1/../../../../arm-none-eabi/lib/thumb/v7e-m/fpv4-sp/hard\libcr_nohost_nf.a(_cr__main.o)
                0x0000521c                __main
 .text.__sys_appexit
                0x0000522a        0x2 c:/nxp/mcuxpressoide_10.3.0_2200/ide/plugins/com.nxp.mcuxpresso.tools.win32_10.3.0.201811011841/tools/bin/../lib/gcc/arm-none-eabi/7.3.1/../../../../arm-none-eabi/lib/thumb/v7e-m/fpv4-sp/hard\libcr_nohost_nf.a(__sys_appexit.o)
                0x0000522a                __sys_appexit
                0x0000522a                __exit
 .text.memcpy   0x0000522c        0x4 c:/nxp/mcuxpressoide_10.3.0_2200/ide/plugins/com.nxp.mcuxpresso.tools.win32_10.3.0.201811011841/tools/bin/../lib/gcc/arm-none-eabi/7.3.1/../../../../arm-none-eabi/lib/thumb/v7e-m/fpv4-sp/hard\libcr_c.a(memcpy.o)
                0x0000522c                memcpy
 .text.memset   0x00005230        0x4 c:/nxp/mcuxpressoide_10.3.0_2200/ide/plugins/com.nxp.mcuxpresso.tools.win32_10.3.0.201811011841/tools/bin/../lib/gcc/arm-none-eabi/7.3.1/../../../../arm-none-eabi/lib/thumb/v7e-m/fpv4-sp/hard\libcr_c.a(memset.o)
                0x00005230                memset
 .text._deferredlazyseek
                0x00005234       0x40 c:/nxp/mcuxpressoide_10.3.0_2200/ide/plugins/com.nxp.mcuxpresso.tools.win32_10.3.0.201811011841/tools/bin/../lib/gcc/arm-none-eabi/7.3.1/../../../../arm-none-eabi/lib/thumb/v7e-m/fpv4-sp/hard\libcr_c.a(_deferredlazyseek.o)
                0x00005234                _deferredlazyseek
 .text.__flsbuf
                0x00005274      0x140 c:/nxp/mcuxpressoide_10.3.0_2200/ide/plugins/com.nxp.mcuxpresso.tools.win32_10.3.0.201811011841/tools/bin/../lib/gcc/arm-none-eabi/7.3.1/../../../../arm-none-eabi/lib/thumb/v7e-m/fpv4-sp/hard\libcr_c.a(_deferredlazyseek.o)
                0x00005274                __flsbuf
 .text._fflush  0x000053b4       0x52 c:/nxp/mcuxpressoide_10.3.0_2200/ide/plugins/com.nxp.mcuxpresso.tools.win32_10.3.0.201811011841/tools/bin/../lib/gcc/arm-none-eabi/7.3.1/../../../../arm-none-eabi/lib/thumb/v7e-m/fpv4-sp/hard\libcr_c.a(_fflush.o)
                0x000053b4                _fflush
 .text.free     0x00005406       0x30 c:/nxp/mcuxpressoide_10.3.0_2200/ide/plugins/com.nxp.mcuxpresso.tools.win32_10.3.0.201811011841/tools/bin/../lib/gcc/arm-none-eabi/7.3.1/../../../../arm-none-eabi/lib/thumb/v7e-m/fpv4-sp/hard\libcr_c.a(alloc.o)
                0x00005406                free
 .text.fputs    0x00005436       0x2c c:/nxp/mcuxpressoide_10.3.0_2200/ide/plugins/com.nxp.mcuxpresso.tools.win32_10.3.0.201811011841/tools/bin/../lib/gcc/arm-none-eabi/7.3.1/../../../../arm-none-eabi/lib/thumb/v7e-m/fpv4-sp/hard\libcr_c.a(fputs.o)
                0x00005436                fputs
 .text.strlen   0x00005462       0x4a c:/nxp/mcuxpressoide_10.3.0_2200/ide/plugins/com.nxp.mcuxpresso.tools.win32_10.3.0.201811011841/tools/bin/../lib/gcc/arm-none-eabi/7.3.1/../../../../arm-none-eabi/lib/thumb/v7e-m/fpv4-sp/hard\libcr_c.a(strlen.o)
                0x00005462                strlen
 .text._fdopen  0x000054ac       0x68 c:/nxp/mcuxpressoide_10.3.0_2200/ide/plugins/com.nxp.mcuxpresso.tools.win32_10.3.0.201811011841/tools/bin/../lib/gcc/arm-none-eabi/7.3.1/../../../../arm-none-eabi/lib/thumb/v7e-m/fpv4-sp/hard\libcr_c.a(_fdopen.o)
                0x000054ac                _fdopen
 .text.fclose   0x00005514       0x58 c:/nxp/mcuxpressoide_10.3.0_2200/ide/plugins/com.nxp.mcuxpresso.tools.win32_10.3.0.201811011841/tools/bin/../lib/gcc/arm-none-eabi/7.3.1/../../../../arm-none-eabi/lib/thumb/v7e-m/fpv4-sp/hard\libcr_c.a(fclose.o)
                0x00005514                fclose
 .text.remove   0x0000556c       0x14 c:/nxp/mcuxpressoide_10.3.0_2200/ide/plugins/com.nxp.mcuxpresso.tools.win32_10.3.0.201811011841/tools/bin/../lib/gcc/arm-none-eabi/7.3.1/../../../../arm-none-eabi/lib/thumb/v7e-m/fpv4-sp/hard\libcr_c.a(remove.o)
                0x0000556c                remove
 .text._do_fflush
                0x00005580       0x40 c:/nxp/mcuxpressoide_10.3.0_2200/ide/plugins/com.nxp.mcuxpresso.tools.win32_10.3.0.201811011841/tools/bin/../lib/gcc/arm-none-eabi/7.3.1/../../../../arm-none-eabi/lib/thumb/v7e-m/fpv4-sp/hard\libcr_c.a(_do_fflush.o)
                0x00005580                _do_fflush
 .text.__aeabi_memcpy
                0x000055c0       0x34 c:/nxp/mcuxpressoide_10.3.0_2200/ide/plugins/com.nxp.mcuxpresso.tools.win32_10.3.0.201811011841/tools/bin/../lib/gcc/arm-none-eabi/7.3.1/thumb/v7e-m/fpv4-sp/hard\libcr_eabihelpers.a(memcpy.o)
                0x000055c0                __aeabi_memcpy
                0x000055ca                __aeabi_memcpy8
                0x000055ca                __aeabi_memcpy4
 .text.__aeabi_memset_lowlevel
                0x000055f4       0x32 c:/nxp/mcuxpressoide_10.3.0_2200/ide/plugins/com.nxp.mcuxpresso.tools.win32_10.3.0.201811011841/tools/bin/../lib/gcc/arm-none-eabi/7.3.1/thumb/v7e-m/fpv4-sp/hard\libcr_eabihelpers.a(memcpy.o)
                0x000055f4                __aeabi_lowlevel_memset
 .text.__sys_close
                0x00005626        0x6 c:/nxp/mcuxpressoide_10.3.0_2200/ide/plugins/com.nxp.mcuxpresso.tools.win32_10.3.0.201811011841/tools/bin/../lib/gcc/arm-none-eabi/7.3.1/../../../../arm-none-eabi/lib/thumb/v7e-m/fpv4-sp/hard\libcr_nohost_nf.a(__sys_close.o)
                0x00005626                __sys_close
 .text.__sys_flen
                0x0000562c        0x6 c:/nxp/mcuxpressoide_10.3.0_2200/ide/plugins/com.nxp.mcuxpresso.tools.win32_10.3.0.201811011841/tools/bin/../lib/gcc/arm-none-eabi/7.3.1/../../../../arm-none-eabi/lib/thumb/v7e-m/fpv4-sp/hard\libcr_nohost_nf.a(__sys_flen.o)
                0x0000562c                __sys_flen
 .text.__sys_istty
                0x00005632        0x6 c:/nxp/mcuxpressoide_10.3.0_2200/ide/plugins/com.nxp.mcuxpresso.tools.win32_10.3.0.201811011841/tools/bin/../lib/gcc/arm-none-eabi/7.3.1/../../../../arm-none-eabi/lib/thumb/v7e-m/fpv4-sp/hard\libcr_nohost_nf.a(__sys_istty.o)
                0x00005632                __sys_istty
 .text.__sys_remove
                0x00005638        0x6 c:/nxp/mcuxpressoide_10.3.0_2200/ide/plugins/com.nxp.mcuxpresso.tools.win32_10.3.0.201811011841/tools/bin/../lib/gcc/arm-none-eabi/7.3.1/../../../../arm-none-eabi/lib/thumb/v7e-m/fpv4-sp/hard\libcr_nohost_nf.a(__sys_remove.o)
                0x00005638                __sys_remove
 .text.__sys_seek
                0x0000563e        0x6 c:/nxp/mcuxpressoide_10.3.0_2200/ide/plugins/com.nxp.mcuxpresso.tools.win32_10.3.0.201811011841/tools/bin/../lib/gcc/arm-none-eabi/7.3.1/../../../../arm-none-eabi/lib/thumb/v7e-m/fpv4-sp/hard\libcr_nohost_nf.a(__sys_seek.o)
                0x0000563e                __sys_seek
 .text.__sys_tmpnam
                0x00005644        0x6 c:/nxp/mcuxpressoide_10.3.0_2200/ide/plugins/com.nxp.mcuxpresso.tools.win32_10.3.0.201811011841/tools/bin/../lib/gcc/arm-none-eabi/7.3.1/../../../../arm-none-eabi/lib/thumb/v7e-m/fpv4-sp/hard\libcr_nohost_nf.a(__sys_tmpnam.o)
                0x00005644                __sys_tmpnam
 .text.__sys_write
                0x0000564a        0x4 c:/nxp/mcuxpressoide_10.3.0_2200/ide/plugins/com.nxp.mcuxpresso.tools.win32_10.3.0.201811011841/tools/bin/../lib/gcc/arm-none-eabi/7.3.1/../../../../arm-none-eabi/lib/thumb/v7e-m/fpv4-sp/hard\libcr_nohost_nf.a(__sys_write.o)
                0x0000564a                __sys_write
 *(SORT_BY_ALIGNMENT(.rodata) SORT_BY_ALIGNMENT(.rodata.*) SORT_BY_ALIGNMENT(.constdata) SORT_BY_ALIGNMENT(.constdata.*))
 *fill*         0x0000564e        0x2 ff
 .rodata        0x00005650      0x1b7 ./utilities/fsl_debug_console.o
 *fill*         0x00005807        0x1 ff
 .rodata        0x00005808      0x15b ./source/freertos_sem.o
 *fill*         0x00005963        0x1 ff
 .rodata        0x00005964      0x149 ./drivers/fsl_clock.o
 *fill*         0x00005aad        0x3 ff
 .rodata.fllFactorTable.7770
                0x00005ab0       0x10 ./drivers/fsl_clock.o
 .rodata.s_uartBases
                0x00005ac0       0x18 ./drivers/fsl_uart.o
 .rodata.s_uartClock
                0x00005ad8       0x18 ./drivers/fsl_uart.o
 .rodata        0x00005af0      0x514 ./drivers/fsl_uart.o
 .rodata.s_UartAdapterBase
                0x00006004       0x18 ./component/uart/uart_adapter.o
 .rodata        0x0000601c      0x25e ./component/uart/uart_adapter.o
 *fill*         0x0000627a        0x2 ff
 .rodata        0x0000627c      0x521 ./component/serial_manager/serial_manager.o
 *fill*         0x0000679d        0x3 ff
 .rodata        0x000067a0      0x244 ./component/serial_manager/serial_port_uart.o
 .rodata.mcgConfig_BOARD_BootClockRUN
                0x000069e4        0xb ./board/clock_config.o
                0x000069e4                mcgConfig_BOARD_BootClockRUN
 *fill*         0x000069ef        0x1 ff
 .rodata.simConfig_BOARD_BootClockRUN
                0x000069f0        0x8 ./board/clock_config.o
                0x000069f0                simConfig_BOARD_BootClockRUN
 .rodata.oscConfig_BOARD_BootClockRUN
                0x000069f8        0x8 ./board/clock_config.o
                0x000069f8                oscConfig_BOARD_BootClockRUN
 .rodata        0x00006a00       0x18 ./amazon-freertos/FreeRTOS/tasks.o
                0x00006a08                FreeRTOSDebugConfig
 .rodata        0x00006a18        0xd ./amazon-freertos/FreeRTOS/timers.o
 *fill*         0x00006a25        0x3 ff
 .rodata.__num_Ciob_streams
                0x00006a28        0x4 c:/nxp/mcuxpressoide_10.3.0_2200/ide/plugins/com.nxp.mcuxpresso.tools.win32_10.3.0.201811011841/tools/bin/../lib/gcc/arm-none-eabi/7.3.1/../../../../arm-none-eabi/lib/thumb/v7e-m/fpv4-sp/hard\libcr_nohost_nf.a(__ciob.o)
                0x00006a28                __num_Ciob_streams
 .rodata.__assertion_failed.str1.1
                0x00006a2c       0x15 c:/nxp/mcuxpressoide_10.3.0_2200/ide/plugins/com.nxp.mcuxpresso.tools.win32_10.3.0.201811011841/tools/bin/../lib/gcc/arm-none-eabi/7.3.1/../../../../arm-none-eabi/lib/thumb/v7e-m/fpv4-sp/hard\libcr_nohost_nf.a(_cr_assert.o)
 .rodata._Csys_alloc.str1.1
                0x00006a41       0x18 c:/nxp/mcuxpressoide_10.3.0_2200/ide/plugins/com.nxp.mcuxpresso.tools.win32_10.3.0.201811011841/tools/bin/../lib/gcc/arm-none-eabi/7.3.1/../../../../arm-none-eabi/lib/thumb/v7e-m/fpv4-sp/hard\libcr_c.a(alloc.o)
 .rodata._initio.str1.1
                0x00006a59        0x4 c:/nxp/mcuxpressoide_10.3.0_2200/ide/plugins/com.nxp.mcuxpresso.tools.win32_10.3.0.201811011841/tools/bin/../lib/gcc/arm-none-eabi/7.3.1/../../../../arm-none-eabi/lib/thumb/v7e-m/fpv4-sp/hard\libcr_c.a(initio.o)
                0x00006a60                . = ALIGN (0x8)
 *fill*         0x00006a5d        0x3 ff

.glue_7         0x00006a60        0x0
 .glue_7        0x00006a60        0x0 linker stubs

.glue_7t        0x00006a60        0x0
 .glue_7t       0x00006a60        0x0 linker stubs

.vfp11_veneer   0x00006a60        0x0
 .vfp11_veneer  0x00006a60        0x0 linker stubs

.v4_bx          0x00006a60        0x0
 .v4_bx         0x00006a60        0x0 linker stubs

.iplt           0x00006a60        0x0
 .iplt          0x00006a60        0x0 ./utilities/fsl_debug_console.o

.rel.dyn        0x00006a60        0x0
 .rel.iplt      0x00006a60        0x0 ./utilities/fsl_debug_console.o

.ARM.extab
 *(SORT_BY_ALIGNMENT(.ARM.extab*) SORT_BY_ALIGNMENT(.gnu.linkonce.armextab.*))
                0x00006a60                __exidx_start = .

.ARM.exidx
 *(SORT_BY_ALIGNMENT(.ARM.exidx*) SORT_BY_ALIGNMENT(.gnu.linkonce.armexidx.*))
                0x00006a60                __exidx_end = .
                0x00006a60                _etext = .

.m_usb_data
 *(SORT_BY_ALIGNMENT(m_usb_bdt))

.data_RAM2      0x1fff0000        0x0 load address 0x00006a60
 FILL mask 0xff
                [!provide]                PROVIDE (__start_data_RAM2 = .)
 *(SORT_BY_ALIGNMENT(.ramfunc.$RAM2))
 *(SORT_BY_ALIGNMENT(.ramfunc.$SRAM_LOWER))
 *(SORT_BY_ALIGNMENT(.data.$RAM2*))
 *(SORT_BY_ALIGNMENT(.data.$SRAM_LOWER*))
                0x1fff0000                . = ALIGN (0x8)
                [!provide]                PROVIDE (__end_data_RAM2 = .)

.data_RAM3      0x14000000        0x0 load address 0x00006a60
 FILL mask 0xff
                [!provide]                PROVIDE (__start_data_RAM3 = .)
 *(SORT_BY_ALIGNMENT(.ramfunc.$RAM3))
 *(SORT_BY_ALIGNMENT(.ramfunc.$FLEX_RAM))
 *(SORT_BY_ALIGNMENT(.data.$RAM3*))
 *(SORT_BY_ALIGNMENT(.data.$FLEX_RAM*))
                0x14000000                . = ALIGN (0x8)
                [!provide]                PROVIDE (__end_data_RAM3 = .)

.uninit_RESERVED
                0x20000000        0x0
 *(SORT_BY_ALIGNMENT(.bss.$RESERVED*))
                0x20000000                . = ALIGN (0x4)
                0x20000000                _end_uninit_RESERVED = .

.data           0x20000000       0x20 load address 0x00006a60
 FILL mask 0xff
                0x20000000                _data = .
 *(SORT_BY_ALIGNMENT(vtable))
 *(SORT_BY_ALIGNMENT(.ramfunc*))
 *(SORT_BY_ALIGNMENT(.data*))
 .data.phrase   0x20000000        0xc ./source/freertos_sem.o
                0x20000000                phrase
 .data.s_slowIrcFreq
                0x2000000c        0x4 ./drivers/fsl_clock.o
 .data.s_fastIrcFreq
                0x20000010        0x4 ./drivers/fsl_clock.o
 .data.SystemCoreClock
                0x20000014        0x4 ./device/system_MK64F12.o
                0x20000014                SystemCoreClock
 .data.uxCriticalNesting
                0x20000018        0x4 ./amazon-freertos/FreeRTOS/portable/port.o
                0x20000020                . = ALIGN (0x8)
 *fill*         0x2000001c        0x4 ff
                0x20000020                _edata = .

.igot.plt       0x20000020        0x0 load address 0x00006a80
 .igot.plt      0x20000020        0x0 ./utilities/fsl_debug_console.o

.bss_RAM2       0x1fff0000        0x0
                [!provide]                PROVIDE (__start_bss_RAM2 = .)
 *(SORT_BY_ALIGNMENT(.bss.$RAM2*))
 *(SORT_BY_ALIGNMENT(.bss.$SRAM_LOWER*))
                0x1fff0000                . = ALIGN ((. != 0x0)?0x8:0x1)
                [!provide]                PROVIDE (__end_bss_RAM2 = .)

.bss_RAM3       0x14000000        0x0
                [!provide]                PROVIDE (__start_bss_RAM3 = .)
 *(SORT_BY_ALIGNMENT(.bss.$RAM3*))
 *(SORT_BY_ALIGNMENT(.bss.$FLEX_RAM*))
                0x14000000                . = ALIGN ((. != 0x0)?0x8:0x1)
                [!provide]                PROVIDE (__end_bss_RAM3 = .)

.bss            0x20000020     0x2ac0
                0x20000020                _bss = .
 *(SORT_BY_ALIGNMENT(.bss*))
 .bss.s_debugConsoleState
                0x20000020       0x1c ./utilities/fsl_debug_console.o
 .bss.g_serialHandle
                0x2000003c        0x4 ./utilities/fsl_debug_console.o
                0x2000003c                g_serialHandle
 .bss.xSemaphore_producer
                0x20000040        0x4 ./source/freertos_sem.o
                0x20000040                xSemaphore_producer
 .bss.xSemaphore_consumer
                0x20000044        0x4 ./source/freertos_sem.o
                0x20000044                xSemaphore_consumer
 .bss.buffer    0x20000048        0xb ./source/freertos_sem.o
                0x20000048                buffer
 *fill*         0x20000053        0x1 
 .bss.posP      0x20000054        0x4 ./source/freertos_sem.o
                0x20000054                posP
 .bss.posC      0x20000058        0x4 ./source/freertos_sem.o
                0x20000058                posC
 .bss.g_xtal0Freq
                0x2000005c        0x4 ./drivers/fsl_clock.o
                0x2000005c                g_xtal0Freq
 .bss.g_xtal32Freq
                0x20000060        0x4 ./drivers/fsl_clock.o
                0x20000060                g_xtal32Freq
 .bss.s_uartHandle
                0x20000064       0x18 ./drivers/fsl_uart.o
 .bss.s_uartIsr
                0x2000007c        0x4 ./drivers/fsl_uart.o
 .bss.ucHeap    0x20000080     0x2800 ./amazon-freertos/FreeRTOS/portable/heap_4.o
 .bss.xStart    0x20002880        0x8 ./amazon-freertos/FreeRTOS/portable/heap_4.o
 .bss.pxEnd     0x20002888        0x4 ./amazon-freertos/FreeRTOS/portable/heap_4.o
 .bss.xFreeBytesRemaining
                0x2000288c        0x4 ./amazon-freertos/FreeRTOS/portable/heap_4.o
 .bss.xMinimumEverFreeBytesRemaining
                0x20002890        0x4 ./amazon-freertos/FreeRTOS/portable/heap_4.o
 .bss.xBlockAllocatedBit
                0x20002894        0x4 ./amazon-freertos/FreeRTOS/portable/heap_4.o
 .bss.ulMaxPRIGROUPValue
                0x20002898        0x4 ./amazon-freertos/FreeRTOS/portable/port.o
 .bss.xQueueRegistry
                0x2000289c       0x40 ./amazon-freertos/FreeRTOS/queue.o
                0x2000289c                xQueueRegistry
 .bss.pxCurrentTCB
                0x200028dc        0x4 ./amazon-freertos/FreeRTOS/tasks.o
                0x200028dc                pxCurrentTCB
 .bss.pxReadyTasksLists
                0x200028e0       0x64 ./amazon-freertos/FreeRTOS/tasks.o
 .bss.xDelayedTaskList1
                0x20002944       0x14 ./amazon-freertos/FreeRTOS/tasks.o
 .bss.xDelayedTaskList2
                0x20002958       0x14 ./amazon-freertos/FreeRTOS/tasks.o
 .bss.pxDelayedTaskList
                0x2000296c        0x4 ./amazon-freertos/FreeRTOS/tasks.o
 .bss.pxOverflowDelayedTaskList
                0x20002970        0x4 ./amazon-freertos/FreeRTOS/tasks.o
 .bss.xPendingReadyList
                0x20002974       0x14 ./amazon-freertos/FreeRTOS/tasks.o
 .bss.xTasksWaitingTermination
                0x20002988       0x14 ./amazon-freertos/FreeRTOS/tasks.o
 .bss.uxDeletedTasksWaitingCleanUp
                0x2000299c        0x4 ./amazon-freertos/FreeRTOS/tasks.o
 .bss.xSuspendedTaskList
                0x200029a0       0x14 ./amazon-freertos/FreeRTOS/tasks.o
 .bss.uxCurrentNumberOfTasks
                0x200029b4        0x4 ./amazon-freertos/FreeRTOS/tasks.o
 .bss.xTickCount
                0x200029b8        0x4 ./amazon-freertos/FreeRTOS/tasks.o
 .bss.uxTopReadyPriority
                0x200029bc        0x4 ./amazon-freertos/FreeRTOS/tasks.o
 .bss.xSchedulerRunning
                0x200029c0        0x4 ./amazon-freertos/FreeRTOS/tasks.o
 .bss.uxPendedTicks
                0x200029c4        0x4 ./amazon-freertos/FreeRTOS/tasks.o
 .bss.xYieldPending
                0x200029c8        0x4 ./amazon-freertos/FreeRTOS/tasks.o
 .bss.xNumOfOverflows
                0x200029cc        0x4 ./amazon-freertos/FreeRTOS/tasks.o
 .bss.uxTaskNumber
                0x200029d0        0x4 ./amazon-freertos/FreeRTOS/tasks.o
 .bss.xNextTaskUnblockTime
                0x200029d4        0x4 ./amazon-freertos/FreeRTOS/tasks.o
 .bss.xIdleTaskHandle
                0x200029d8        0x4 ./amazon-freertos/FreeRTOS/tasks.o
 .bss.uxSchedulerSuspended
                0x200029dc        0x4 ./amazon-freertos/FreeRTOS/tasks.o
 .bss.xActiveTimerList1
                0x200029e0       0x14 ./amazon-freertos/FreeRTOS/timers.o
 .bss.xActiveTimerList2
                0x200029f4       0x14 ./amazon-freertos/FreeRTOS/timers.o
 .bss.pxCurrentTimerList
                0x20002a08        0x4 ./amazon-freertos/FreeRTOS/timers.o
 .bss.pxOverflowTimerList
                0x20002a0c        0x4 ./amazon-freertos/FreeRTOS/timers.o
 .bss.xTimerQueue
                0x20002a10        0x4 ./amazon-freertos/FreeRTOS/timers.o
 .bss.xTimerTaskHandle
                0x20002a14        0x4 ./amazon-freertos/FreeRTOS/timers.o
 .bss.xLastTime.5855
                0x20002a18        0x4 ./amazon-freertos/FreeRTOS/timers.o
 .bss.__Ciob    0x20002a1c       0xb4 c:/nxp/mcuxpressoide_10.3.0_2200/ide/plugins/com.nxp.mcuxpresso.tools.win32_10.3.0.201811011841/tools/bin/../lib/gcc/arm-none-eabi/7.3.1/../../../../arm-none-eabi/lib/thumb/v7e-m/fpv4-sp/hard\libcr_nohost_nf.a(__ciob.o)
                0x20002a1c                __Ciob
 .bss.__end_of_heap
                0x20002ad0        0x4 c:/nxp/mcuxpressoide_10.3.0_2200/ide/plugins/com.nxp.mcuxpresso.tools.win32_10.3.0.201811011841/tools/bin/../lib/gcc/arm-none-eabi/7.3.1/../../../../arm-none-eabi/lib/thumb/v7e-m/fpv4-sp/hard\libcr_c.a(__init_alloc.o)
                0x20002ad0                __end_of_heap
 .bss.__heaps   0x20002ad4        0x4 c:/nxp/mcuxpressoide_10.3.0_2200/ide/plugins/com.nxp.mcuxpresso.tools.win32_10.3.0.201811011841/tools/bin/../lib/gcc/arm-none-eabi/7.3.1/../../../../arm-none-eabi/lib/thumb/v7e-m/fpv4-sp/hard\libcr_c.a(__init_alloc.o)
                0x20002ad4                __heaps
 .bss.errno     0x20002ad8        0x4 c:/nxp/mcuxpressoide_10.3.0_2200/ide/plugins/com.nxp.mcuxpresso.tools.win32_10.3.0.201811011841/tools/bin/../lib/gcc/arm-none-eabi/7.3.1/../../../../arm-none-eabi/lib/thumb/v7e-m/fpv4-sp/hard\libcr_c.a(errno.o)
                0x20002ad8                errno
 .bss.ucMaxSysCallPriority
                0x20002adc        0x1 ./amazon-freertos/FreeRTOS/portable/port.o
 *(SORT_BY_ALIGNMENT(COMMON))
                0x20002ae0                . = ALIGN (0x8)
 *fill*         0x20002add        0x3 
                0x20002ae0                _ebss = .
                [!provide]                PROVIDE (end = .)

.noinit_RAM2    0x1fff0000        0x0
 *(SORT_BY_ALIGNMENT(.noinit.$RAM2*))
 *(SORT_BY_ALIGNMENT(.noinit.$SRAM_LOWER*))
                0x1fff0000                . = ALIGN (0x8)

.noinit_RAM3    0x14000000        0x0
 *(SORT_BY_ALIGNMENT(.noinit.$RAM3*))
 *(SORT_BY_ALIGNMENT(.noinit.$FLEX_RAM*))
                0x14000000                . = ALIGN (0x8)

.noinit         0x20002ae0        0x0
                0x20002ae0                _noinit = .
 *(SORT_BY_ALIGNMENT(.noinit*))
                0x20002ae0                . = ALIGN (0x8)
                0x20002ae0                _end_noinit = .
                0x00001000                _HeapSize = 0x1000

.heap           0x20002ae0     0x1000
                0x20002ae0                _pvHeapStart = .
                0x20003ae0                . = (. + _HeapSize)
 *fill*         0x20002ae0     0x1000 
                0x20003ae0                . = ALIGN (0x8)
                0x20003ae0                _pvHeapLimit = .
                0x00001000                _StackSize = 0x1000

.heap2stackfill
                0x20003ae0     0x1000
                0x20004ae0                . = (. + _StackSize)
 *fill*         0x20003ae0     0x1000 

.stack          0x2002f000        0x0
                0x2002f000                _vStackBase = .
                0x2002f000                . = ALIGN (0x8)
                0x20030000                _vStackTop = (. + _StackSize)
                0x00000000                _image_start = LOADADDR (.text)
                0x00006a80                _image_end = (LOADADDR (.data) + SIZEOF (.data))
                0x00006a80                _image_size = (_image_end - _image_start)
OUTPUT(frdmk64f_freertos_sem.axf elf32-littlearm)

.debug_info     0x00000000     0xdb24
 .debug_info    0x00000000      0x949 ./utilities/fsl_debug_console.o
 .debug_info    0x00000949      0x539 ./utilities/fsl_str.o
 .debug_info    0x00000e82      0x8b0 ./startup/startup_mk64f12.o
 .debug_info    0x00001732      0x7cc ./source/freertos_sem.o
 .debug_info    0x00001efe       0x3b ./source/semihost_hardfault.o
 .debug_info    0x00001f39     0x1f24 ./drivers/fsl_clock.o
 .debug_info    0x00003e5d     0x1a78 ./drivers/fsl_uart.o
 .debug_info    0x000058d5      0x630 ./device/system_MK64F12.o
 .debug_info    0x00005f05      0x98c ./component/uart/uart_adapter.o
 .debug_info    0x00006891      0x6fe ./component/serial_manager/serial_manager.o
 .debug_info    0x00006f8f      0x4bd ./component/serial_manager/serial_port_uart.o
 .debug_info    0x0000744c      0x45c ./board/board.o
 .debug_info    0x000078a8      0xb2e ./board/clock_config.o
 .debug_info    0x000083d6      0x651 ./board/pin_mux.o
 .debug_info    0x00008a27       0xe5 ./amazon-freertos/FreeRTOS/portable/fsl_tickless_systick.o
 .debug_info    0x00008b0c      0x3ea ./amazon-freertos/FreeRTOS/portable/heap_4.o
 .debug_info    0x00008ef6      0x52e ./amazon-freertos/FreeRTOS/portable/port.o
 .debug_info    0x00009424      0x2c9 ./amazon-freertos/FreeRTOS/list.o
 .debug_info    0x000096ed     0x1690 ./amazon-freertos/FreeRTOS/queue.o
 .debug_info    0x0000ad7d     0x2002 ./amazon-freertos/FreeRTOS/tasks.o
 .debug_info    0x0000cd7f      0xda5 ./amazon-freertos/FreeRTOS/timers.o

.debug_abbrev   0x00000000     0x2497
 .debug_abbrev  0x00000000      0x1cb ./utilities/fsl_debug_console.o
 .debug_abbrev  0x000001cb      0x197 ./utilities/fsl_str.o
 .debug_abbrev  0x00000362      0x15c ./startup/startup_mk64f12.o
 .debug_abbrev  0x000004be      0x171 ./source/freertos_sem.o
 .debug_abbrev  0x0000062f       0x2f ./source/semihost_hardfault.o
 .debug_abbrev  0x0000065e      0x307 ./drivers/fsl_clock.o
 .debug_abbrev  0x00000965      0x303 ./drivers/fsl_uart.o
 .debug_abbrev  0x00000c68      0x154 ./device/system_MK64F12.o
 .debug_abbrev  0x00000dbc      0x1c2 ./component/uart/uart_adapter.o
 .debug_abbrev  0x00000f7e      0x163 ./component/serial_manager/serial_manager.o
 .debug_abbrev  0x000010e1      0x148 ./component/serial_manager/serial_port_uart.o
 .debug_abbrev  0x00001229      0x118 ./board/board.o
 .debug_abbrev  0x00001341      0x1e7 ./board/clock_config.o
 .debug_abbrev  0x00001528      0x199 ./board/pin_mux.o
 .debug_abbrev  0x000016c1       0x92 ./amazon-freertos/FreeRTOS/portable/fsl_tickless_systick.o
 .debug_abbrev  0x00001753      0x1e8 ./amazon-freertos/FreeRTOS/portable/heap_4.o
 .debug_abbrev  0x0000193b      0x24c ./amazon-freertos/FreeRTOS/portable/port.o
 .debug_abbrev  0x00001b87      0x119 ./amazon-freertos/FreeRTOS/list.o
 .debug_abbrev  0x00001ca0      0x2b6 ./amazon-freertos/FreeRTOS/queue.o
 .debug_abbrev  0x00001f56      0x2eb ./amazon-freertos/FreeRTOS/tasks.o
 .debug_abbrev  0x00002241      0x256 ./amazon-freertos/FreeRTOS/timers.o

.debug_aranges  0x00000000      0xe90
 .debug_aranges
                0x00000000       0x78 ./utilities/fsl_debug_console.o
 .debug_aranges
                0x00000078       0x38 ./utilities/fsl_str.o
 .debug_aranges
                0x000000b0      0x330 ./startup/startup_mk64f12.o
 .debug_aranges
                0x000003e0       0x30 ./source/freertos_sem.o
 .debug_aranges
                0x00000410       0x20 ./source/semihost_hardfault.o
 .debug_aranges
                0x00000430      0x1e8 ./drivers/fsl_clock.o
 .debug_aranges
                0x00000618      0x170 ./drivers/fsl_uart.o
 .debug_aranges
                0x00000788       0x30 ./device/system_MK64F12.o
 .debug_aranges
                0x000007b8       0x40 ./component/uart/uart_adapter.o
 .debug_aranges
                0x000007f8       0x88 ./component/serial_manager/serial_manager.o
 .debug_aranges
                0x00000880       0x38 ./component/serial_manager/serial_port_uart.o
 .debug_aranges
                0x000008b8       0x20 ./board/board.o
 .debug_aranges
                0x000008d8       0x50 ./board/clock_config.o
 .debug_aranges
                0x00000928       0x30 ./board/pin_mux.o
 .debug_aranges
                0x00000958       0x20 ./amazon-freertos/FreeRTOS/portable/fsl_tickless_systick.o
 .debug_aranges
                0x00000978       0x50 ./amazon-freertos/FreeRTOS/portable/heap_4.o
 .debug_aranges
                0x000009c8       0x78 ./amazon-freertos/FreeRTOS/portable/port.o
 .debug_aranges
                0x00000a40       0x40 ./amazon-freertos/FreeRTOS/list.o
 .debug_aranges
                0x00000a80      0x130 ./amazon-freertos/FreeRTOS/queue.o
 .debug_aranges
                0x00000bb0      0x208 ./amazon-freertos/FreeRTOS/tasks.o
 .debug_aranges
                0x00000db8       0xd8 ./amazon-freertos/FreeRTOS/timers.o

.debug_ranges   0x00000000      0xd40
 .debug_ranges  0x00000000       0x68 ./utilities/fsl_debug_console.o
 .debug_ranges  0x00000068       0x28 ./utilities/fsl_str.o
 .debug_ranges  0x00000090      0x320 ./startup/startup_mk64f12.o
 .debug_ranges  0x000003b0       0x20 ./source/freertos_sem.o
 .debug_ranges  0x000003d0       0x10 ./source/semihost_hardfault.o
 .debug_ranges  0x000003e0      0x1d8 ./drivers/fsl_clock.o
 .debug_ranges  0x000005b8      0x160 ./drivers/fsl_uart.o
 .debug_ranges  0x00000718       0x20 ./device/system_MK64F12.o
 .debug_ranges  0x00000738       0x30 ./component/uart/uart_adapter.o
 .debug_ranges  0x00000768       0x78 ./component/serial_manager/serial_manager.o
 .debug_ranges  0x000007e0       0x28 ./component/serial_manager/serial_port_uart.o
 .debug_ranges  0x00000808       0x10 ./board/board.o
 .debug_ranges  0x00000818       0x40 ./board/clock_config.o
 .debug_ranges  0x00000858       0x20 ./board/pin_mux.o
 .debug_ranges  0x00000878       0x10 ./amazon-freertos/FreeRTOS/portable/fsl_tickless_systick.o
 .debug_ranges  0x00000888       0x40 ./amazon-freertos/FreeRTOS/portable/heap_4.o
 .debug_ranges  0x000008c8       0x68 ./amazon-freertos/FreeRTOS/portable/port.o
 .debug_ranges  0x00000930       0x30 ./amazon-freertos/FreeRTOS/list.o
 .debug_ranges  0x00000960      0x120 ./amazon-freertos/FreeRTOS/queue.o
 .debug_ranges  0x00000a80      0x1f8 ./amazon-freertos/FreeRTOS/tasks.o
 .debug_ranges  0x00000c78       0xc8 ./amazon-freertos/FreeRTOS/timers.o

.debug_macro    0x00000000     0x2624
 .debug_macro   0x00000000      0x1fb ./utilities/fsl_debug_console.o
 .debug_macro   0x000001fb       0x16 ./utilities/fsl_debug_console.o
 .debug_macro   0x00000211       0x10 ./utilities/fsl_debug_console.o
 .debug_macro   0x00000221       0x28 ./utilities/fsl_debug_console.o
 .debug_macro   0x00000249      0x197 ./utilities/fsl_debug_console.o
 .debug_macro   0x000003e0      0x15a ./utilities/fsl_debug_console.o
 .debug_macro   0x0000053a       0xdd ./utilities/fsl_debug_console.o
 .debug_macro   0x00000617       0x10 ./utilities/fsl_debug_console.o
 .debug_macro   0x00000627       0x1f ./utilities/fsl_debug_console.o
 .debug_macro   0x00000646      0x353 ./utilities/fsl_debug_console.o
 .debug_macro   0x00000999       0xb5 ./utilities/fsl_debug_console.o
 .debug_macro   0x00000a4e       0x8c ./utilities/fsl_debug_console.o
 .debug_macro   0x00000ada       0x86 ./utilities/fsl_debug_console.o
 .debug_macro   0x00000b60       0x7e ./utilities/fsl_debug_console.o
 .debug_macro   0x00000bde       0x54 ./utilities/fsl_debug_console.o
 .debug_macro   0x00000c32       0x16 ./utilities/fsl_debug_console.o
 .debug_macro   0x00000c48       0x34 ./utilities/fsl_debug_console.o
 .debug_macro   0x00000c7c      0x118 ./utilities/fsl_str.o
 .debug_macro   0x00000d94       0xc4 ./utilities/fsl_str.o
 .debug_macro   0x00000e58       0x1c ./utilities/fsl_str.o
 .debug_macro   0x00000e74       0x29 ./startup/startup_mk64f12.o
 .debug_macro   0x00000e9d      0x209 ./source/freertos_sem.o
 .debug_macro   0x000010a6       0x16 ./source/freertos_sem.o
 .debug_macro   0x000010bc       0x91 ./source/freertos_sem.o
 .debug_macro   0x0000114d       0x1c ./source/freertos_sem.o
 .debug_macro   0x00001169       0x1c ./source/freertos_sem.o
 .debug_macro   0x00001185       0x10 ./source/freertos_sem.o
 .debug_macro   0x00001195       0x16 ./source/freertos_sem.o
 .debug_macro   0x000011ab      0x1f1 ./source/freertos_sem.o
 .debug_macro   0x0000139c       0x11 ./source/semihost_hardfault.o
 .debug_macro   0x000013ad      0x1bf ./drivers/fsl_clock.o
 .debug_macro   0x0000156c      0x10f ./drivers/fsl_uart.o
 .debug_macro   0x0000167b       0x98 ./device/system_MK64F12.o
 .debug_macro   0x00001713      0x105 ./component/uart/uart_adapter.o
 .debug_macro   0x00001818       0x10 ./component/uart/uart_adapter.o
 .debug_macro   0x00001828       0x1c ./component/uart/uart_adapter.o
 .debug_macro   0x00001844      0x122 ./component/serial_manager/serial_manager.o
 .debug_macro   0x00001966      0x113 ./component/serial_manager/serial_port_uart.o
 .debug_macro   0x00001a79       0x1c ./component/serial_manager/serial_port_uart.o
 .debug_macro   0x00001a95      0x149 ./board/board.o
 .debug_macro   0x00001bde       0x16 ./board/board.o
 .debug_macro   0x00001bf4      0x13a ./board/clock_config.o
 .debug_macro   0x00001d2e      0x118 ./board/pin_mux.o
 .debug_macro   0x00001e46       0xbc ./amazon-freertos/FreeRTOS/portable/fsl_tickless_systick.o
 .debug_macro   0x00001f02       0x7c ./amazon-freertos/FreeRTOS/portable/fsl_tickless_systick.o
 .debug_macro   0x00001f7e       0xdf ./amazon-freertos/FreeRTOS/portable/heap_4.o
 .debug_macro   0x0000205d      0x134 ./amazon-freertos/FreeRTOS/portable/port.o
 .debug_macro   0x00002191       0xb8 ./amazon-freertos/FreeRTOS/list.o
 .debug_macro   0x00002249      0x121 ./amazon-freertos/FreeRTOS/queue.o
 .debug_macro   0x0000236a      0x199 ./amazon-freertos/FreeRTOS/tasks.o
 .debug_macro   0x00002503       0x10 ./amazon-freertos/FreeRTOS/tasks.o
 .debug_macro   0x00002513       0x16 ./amazon-freertos/FreeRTOS/tasks.o
 .debug_macro   0x00002529       0xfb ./amazon-freertos/FreeRTOS/timers.o

.debug_line     0x00000000     0x7259
 .debug_line    0x00000000      0x5a8 ./utilities/fsl_debug_console.o
 .debug_line    0x000005a8      0x594 ./utilities/fsl_str.o
 .debug_line    0x00000b3c      0x6d4 ./startup/startup_mk64f12.o
 .debug_line    0x00001210      0x498 ./source/freertos_sem.o
 .debug_line    0x000016a8       0x54 ./source/semihost_hardfault.o
 .debug_line    0x000016fc      0xa64 ./drivers/fsl_clock.o
 .debug_line    0x00002160      0xa67 ./drivers/fsl_uart.o
 .debug_line    0x00002bc7      0x293 ./device/system_MK64F12.o
 .debug_line    0x00002e5a      0x365 ./component/uart/uart_adapter.o
 .debug_line    0x000031bf      0x4aa ./component/serial_manager/serial_manager.o
 .debug_line    0x00003669      0x370 ./component/serial_manager/serial_port_uart.o
 .debug_line    0x000039d9      0x319 ./board/board.o
 .debug_line    0x00003cf2      0x326 ./board/clock_config.o
 .debug_line    0x00004018      0x2c0 ./board/pin_mux.o
 .debug_line    0x000042d8      0x27d ./amazon-freertos/FreeRTOS/portable/fsl_tickless_systick.o
 .debug_line    0x00004555      0x397 ./amazon-freertos/FreeRTOS/portable/heap_4.o
 .debug_line    0x000048ec      0x45d ./amazon-freertos/FreeRTOS/portable/port.o
 .debug_line    0x00004d49      0x2de ./amazon-freertos/FreeRTOS/list.o
 .debug_line    0x00005027      0xbff ./amazon-freertos/FreeRTOS/queue.o
 .debug_line    0x00005c26      0xfe2 ./amazon-freertos/FreeRTOS/tasks.o
 .debug_line    0x00006c08      0x651 ./amazon-freertos/FreeRTOS/timers.o

.debug_str      0x00000000    0x879fc
 .debug_str     0x00000000    0x7e6fc ./utilities/fsl_debug_console.o
                              0x7e82e (size before relaxing)
 .debug_str     0x0007e6fc      0x692 ./utilities/fsl_str.o
                              0x795de (size before relaxing)
 .debug_str     0x0007ed8e      0x7c2 ./startup/startup_mk64f12.o
                               0x3655 (size before relaxing)
 .debug_str     0x0007f550     0x1a5f ./source/freertos_sem.o
                              0x7f8dd (size before relaxing)
 .debug_str     0x00080faf       0x1f ./source/semihost_hardfault.o
                               0x2de6 (size before relaxing)
 .debug_str     0x00080fce     0x1a7b ./drivers/fsl_clock.o
                              0x7b27a (size before relaxing)
 .debug_str     0x00082a49     0x123b ./drivers/fsl_uart.o
                              0x7ab6a (size before relaxing)
 .debug_str     0x00083c84      0x111 ./device/system_MK64F12.o
                              0x77ecd (size before relaxing)
 .debug_str     0x00083d95      0x30b ./component/uart/uart_adapter.o
                              0x79a70 (size before relaxing)
 .debug_str     0x000840a0      0x365 ./component/serial_manager/serial_manager.o
                              0x79471 (size before relaxing)
 .debug_str     0x00084405       0xfc ./component/serial_manager/serial_port_uart.o
                              0x7951e (size before relaxing)
 .debug_str     0x00084501       0x37 ./board/board.o
                              0x7a205 (size before relaxing)
 .debug_str     0x00084538      0x2f1 ./board/clock_config.o
                              0x79ca2 (size before relaxing)
 .debug_str     0x00084829      0x19f ./board/pin_mux.o
                              0x7923e (size before relaxing)
 .debug_str     0x000849c8      0x3d4 ./amazon-freertos/FreeRTOS/portable/fsl_tickless_systick.o
                               0x8131 (size before relaxing)
 .debug_str     0x00084d9c      0x2b6 ./amazon-freertos/FreeRTOS/portable/heap_4.o
                               0x8075 (size before relaxing)
 .debug_str     0x00085052      0x580 ./amazon-freertos/FreeRTOS/portable/port.o
                               0x86d8 (size before relaxing)
 .debug_str     0x000855d2      0x135 ./amazon-freertos/FreeRTOS/list.o
                               0x795f (size before relaxing)
 .debug_str     0x00085707      0x838 ./amazon-freertos/FreeRTOS/queue.o
                               0x8ec3 (size before relaxing)
 .debug_str     0x00085f3f     0x155f ./amazon-freertos/FreeRTOS/tasks.o
                               0x9d84 (size before relaxing)
 .debug_str     0x0008749e      0x55e ./amazon-freertos/FreeRTOS/timers.o
                               0x938e (size before relaxing)

.comment        0x00000000       0x7f
 .comment       0x00000000       0x7f ./utilities/fsl_debug_console.o
                                 0x80 (size before relaxing)
 .comment       0x0000007f       0x80 ./utilities/fsl_str.o
 .comment       0x0000007f       0x80 ./startup/startup_mk64f12.o
 .comment       0x0000007f       0x80 ./source/freertos_sem.o
 .comment       0x0000007f       0x80 ./source/semihost_hardfault.o
 .comment       0x0000007f       0x80 ./drivers/fsl_clock.o
 .comment       0x0000007f       0x80 ./drivers/fsl_uart.o
 .comment       0x0000007f       0x80 ./device/system_MK64F12.o
 .comment       0x0000007f       0x80 ./component/uart/uart_adapter.o
 .comment       0x0000007f       0x80 ./component/serial_manager/serial_manager.o
 .comment       0x0000007f       0x80 ./component/serial_manager/serial_port_uart.o
 .comment       0x0000007f       0x80 ./board/board.o
 .comment       0x0000007f       0x80 ./board/clock_config.o
 .comment       0x0000007f       0x80 ./board/pin_mux.o
 .comment       0x0000007f       0x80 ./amazon-freertos/FreeRTOS/portable/fsl_tickless_systick.o
 .comment       0x0000007f       0x80 ./amazon-freertos/FreeRTOS/portable/heap_4.o
 .comment       0x0000007f       0x80 ./amazon-freertos/FreeRTOS/portable/port.o
 .comment       0x0000007f       0x80 ./amazon-freertos/FreeRTOS/list.o
 .comment       0x0000007f       0x80 ./amazon-freertos/FreeRTOS/queue.o
 .comment       0x0000007f       0x80 ./amazon-freertos/FreeRTOS/tasks.o
 .comment       0x0000007f       0x80 ./amazon-freertos/FreeRTOS/timers.o
 .comment       0x0000007f       0x80 c:/nxp/mcuxpressoide_10.3.0_2200/ide/plugins/com.nxp.mcuxpresso.tools.win32_10.3.0.201811011841/tools/bin/../lib/gcc/arm-none-eabi/7.3.1/../../../../arm-none-eabi/lib/thumb/v7e-m/fpv4-sp/hard\libcr_nohost_nf.a(_cr__main.o)
 .comment       0x0000007f       0x80 c:/nxp/mcuxpressoide_10.3.0_2200/ide/plugins/com.nxp.mcuxpresso.tools.win32_10.3.0.201811011841/tools/bin/../lib/gcc/arm-none-eabi/7.3.1/../../../../arm-none-eabi/lib/thumb/v7e-m/fpv4-sp/hard\libcr_nohost_nf.a(_cr_assert.o)
 .comment       0x0000007f       0x80 c:/nxp/mcuxpressoide_10.3.0_2200/ide/plugins/com.nxp.mcuxpresso.tools.win32_10.3.0.201811011841/tools/bin/../lib/gcc/arm-none-eabi/7.3.1/../../../../arm-none-eabi/lib/thumb/v7e-m/fpv4-sp/hard\libcr_nohost_nf.a(__ciob.o)
 .comment       0x0000007f       0x80 c:/nxp/mcuxpressoide_10.3.0_2200/ide/plugins/com.nxp.mcuxpresso.tools.win32_10.3.0.201811011841/tools/bin/../lib/gcc/arm-none-eabi/7.3.1/../../../../arm-none-eabi/lib/thumb/v7e-m/fpv4-sp/hard\libcr_nohost_nf.a(__sys_appexit.o)
 .comment       0x0000007f       0x80 c:/nxp/mcuxpressoide_10.3.0_2200/ide/plugins/com.nxp.mcuxpresso.tools.win32_10.3.0.201811011841/tools/bin/../lib/gcc/arm-none-eabi/7.3.1/../../../../arm-none-eabi/lib/thumb/v7e-m/fpv4-sp/hard\libcr_c.a(memcpy.o)
 .comment       0x0000007f       0x80 c:/nxp/mcuxpressoide_10.3.0_2200/ide/plugins/com.nxp.mcuxpresso.tools.win32_10.3.0.201811011841/tools/bin/../lib/gcc/arm-none-eabi/7.3.1/../../../../arm-none-eabi/lib/thumb/v7e-m/fpv4-sp/hard\libcr_c.a(memset.o)
 .comment       0x0000007f       0x80 c:/nxp/mcuxpressoide_10.3.0_2200/ide/plugins/com.nxp.mcuxpresso.tools.win32_10.3.0.201811011841/tools/bin/../lib/gcc/arm-none-eabi/7.3.1/../../../../arm-none-eabi/lib/thumb/v7e-m/fpv4-sp/hard\libcr_c.a(_deferredlazyseek.o)
 .comment       0x0000007f       0x80 c:/nxp/mcuxpressoide_10.3.0_2200/ide/plugins/com.nxp.mcuxpresso.tools.win32_10.3.0.201811011841/tools/bin/../lib/gcc/arm-none-eabi/7.3.1/../../../../arm-none-eabi/lib/thumb/v7e-m/fpv4-sp/hard\libcr_c.a(_fflush.o)
 .comment       0x0000007f       0x80 c:/nxp/mcuxpressoide_10.3.0_2200/ide/plugins/com.nxp.mcuxpresso.tools.win32_10.3.0.201811011841/tools/bin/../lib/gcc/arm-none-eabi/7.3.1/../../../../arm-none-eabi/lib/thumb/v7e-m/fpv4-sp/hard\libcr_c.a(_writebuf.o)
 .comment       0x0000007f       0x80 c:/nxp/mcuxpressoide_10.3.0_2200/ide/plugins/com.nxp.mcuxpresso.tools.win32_10.3.0.201811011841/tools/bin/../lib/gcc/arm-none-eabi/7.3.1/../../../../arm-none-eabi/lib/thumb/v7e-m/fpv4-sp/hard\libcr_c.a(alloc.o)
 .comment       0x0000007f       0x80 c:/nxp/mcuxpressoide_10.3.0_2200/ide/plugins/com.nxp.mcuxpresso.tools.win32_10.3.0.201811011841/tools/bin/../lib/gcc/arm-none-eabi/7.3.1/../../../../arm-none-eabi/lib/thumb/v7e-m/fpv4-sp/hard\libcr_c.a(fputs.o)
 .comment       0x0000007f       0x80 c:/nxp/mcuxpressoide_10.3.0_2200/ide/plugins/com.nxp.mcuxpresso.tools.win32_10.3.0.201811011841/tools/bin/../lib/gcc/arm-none-eabi/7.3.1/../../../../arm-none-eabi/lib/thumb/v7e-m/fpv4-sp/hard\libcr_c.a(fseek.o)
 .comment       0x0000007f       0x80 c:/nxp/mcuxpressoide_10.3.0_2200/ide/plugins/com.nxp.mcuxpresso.tools.win32_10.3.0.201811011841/tools/bin/../lib/gcc/arm-none-eabi/7.3.1/../../../../arm-none-eabi/lib/thumb/v7e-m/fpv4-sp/hard\libcr_c.a(ftell.o)
 .comment       0x0000007f       0x80 c:/nxp/mcuxpressoide_10.3.0_2200/ide/plugins/com.nxp.mcuxpresso.tools.win32_10.3.0.201811011841/tools/bin/../lib/gcc/arm-none-eabi/7.3.1/../../../../arm-none-eabi/lib/thumb/v7e-m/fpv4-sp/hard\libcr_c.a(initio.o)
 .comment       0x0000007f       0x80 c:/nxp/mcuxpressoide_10.3.0_2200/ide/plugins/com.nxp.mcuxpresso.tools.win32_10.3.0.201811011841/tools/bin/../lib/gcc/arm-none-eabi/7.3.1/../../../../arm-none-eabi/lib/thumb/v7e-m/fpv4-sp/hard\libcr_c.a(setvbuf.o)
 .comment       0x0000007f       0x80 c:/nxp/mcuxpressoide_10.3.0_2200/ide/plugins/com.nxp.mcuxpresso.tools.win32_10.3.0.201811011841/tools/bin/../lib/gcc/arm-none-eabi/7.3.1/../../../../arm-none-eabi/lib/thumb/v7e-m/fpv4-sp/hard\libcr_c.a(strlen.o)
 .comment       0x0000007f       0x80 c:/nxp/mcuxpressoide_10.3.0_2200/ide/plugins/com.nxp.mcuxpresso.tools.win32_10.3.0.201811011841/tools/bin/../lib/gcc/arm-none-eabi/7.3.1/../../../../arm-none-eabi/lib/thumb/v7e-m/fpv4-sp/hard\libcr_c.a(__init_alloc.o)
 .comment       0x0000007f       0x80 c:/nxp/mcuxpressoide_10.3.0_2200/ide/plugins/com.nxp.mcuxpresso.tools.win32_10.3.0.201811011841/tools/bin/../lib/gcc/arm-none-eabi/7.3.1/../../../../arm-none-eabi/lib/thumb/v7e-m/fpv4-sp/hard\libcr_c.a(_cr_sbrk.o)
 .comment       0x0000007f       0x80 c:/nxp/mcuxpressoide_10.3.0_2200/ide/plugins/com.nxp.mcuxpresso.tools.win32_10.3.0.201811011841/tools/bin/../lib/gcc/arm-none-eabi/7.3.1/../../../../arm-none-eabi/lib/thumb/v7e-m/fpv4-sp/hard\libcr_c.a(_fdopen.o)
 .comment       0x0000007f       0x80 c:/nxp/mcuxpressoide_10.3.0_2200/ide/plugins/com.nxp.mcuxpresso.tools.win32_10.3.0.201811011841/tools/bin/../lib/gcc/arm-none-eabi/7.3.1/../../../../arm-none-eabi/lib/thumb/v7e-m/fpv4-sp/hard\libcr_c.a(errno.o)
 .comment       0x0000007f       0x80 c:/nxp/mcuxpressoide_10.3.0_2200/ide/plugins/com.nxp.mcuxpresso.tools.win32_10.3.0.201811011841/tools/bin/../lib/gcc/arm-none-eabi/7.3.1/../../../../arm-none-eabi/lib/thumb/v7e-m/fpv4-sp/hard\libcr_c.a(fclose.o)
 .comment       0x0000007f       0x80 c:/nxp/mcuxpressoide_10.3.0_2200/ide/plugins/com.nxp.mcuxpresso.tools.win32_10.3.0.201811011841/tools/bin/../lib/gcc/arm-none-eabi/7.3.1/../../../../arm-none-eabi/lib/thumb/v7e-m/fpv4-sp/hard\libcr_c.a(fflush.o)
 .comment       0x0000007f       0x80 c:/nxp/mcuxpressoide_10.3.0_2200/ide/plugins/com.nxp.mcuxpresso.tools.win32_10.3.0.201811011841/tools/bin/../lib/gcc/arm-none-eabi/7.3.1/../../../../arm-none-eabi/lib/thumb/v7e-m/fpv4-sp/hard\libcr_c.a(remove.o)
 .comment       0x0000007f       0x80 c:/nxp/mcuxpressoide_10.3.0_2200/ide/plugins/com.nxp.mcuxpresso.tools.win32_10.3.0.201811011841/tools/bin/../lib/gcc/arm-none-eabi/7.3.1/../../../../arm-none-eabi/lib/thumb/v7e-m/fpv4-sp/hard\libcr_c.a(_cr_check_heap.o)
 .comment       0x0000007f       0x80 c:/nxp/mcuxpressoide_10.3.0_2200/ide/plugins/com.nxp.mcuxpresso.tools.win32_10.3.0.201811011841/tools/bin/../lib/gcc/arm-none-eabi/7.3.1/../../../../arm-none-eabi/lib/thumb/v7e-m/fpv4-sp/hard\libcr_c.a(_do_fflush.o)
 .comment       0x0000007f       0x80 c:/nxp/mcuxpressoide_10.3.0_2200/ide/plugins/com.nxp.mcuxpresso.tools.win32_10.3.0.201811011841/tools/bin/../lib/gcc/arm-none-eabi/7.3.1/../../../../arm-none-eabi/lib/thumb/v7e-m/fpv4-sp/hard\libcr_nohost_nf.a(__sys_close.o)
 .comment       0x0000007f       0x80 c:/nxp/mcuxpressoide_10.3.0_2200/ide/plugins/com.nxp.mcuxpresso.tools.win32_10.3.0.201811011841/tools/bin/../lib/gcc/arm-none-eabi/7.3.1/../../../../arm-none-eabi/lib/thumb/v7e-m/fpv4-sp/hard\libcr_nohost_nf.a(__sys_flen.o)
 .comment       0x0000007f       0x80 c:/nxp/mcuxpressoide_10.3.0_2200/ide/plugins/com.nxp.mcuxpresso.tools.win32_10.3.0.201811011841/tools/bin/../lib/gcc/arm-none-eabi/7.3.1/../../../../arm-none-eabi/lib/thumb/v7e-m/fpv4-sp/hard\libcr_nohost_nf.a(__sys_istty.o)
 .comment       0x0000007f       0x80 c:/nxp/mcuxpressoide_10.3.0_2200/ide/plugins/com.nxp.mcuxpresso.tools.win32_10.3.0.201811011841/tools/bin/../lib/gcc/arm-none-eabi/7.3.1/../../../../arm-none-eabi/lib/thumb/v7e-m/fpv4-sp/hard\libcr_nohost_nf.a(__sys_remove.o)
 .comment       0x0000007f       0x80 c:/nxp/mcuxpressoide_10.3.0_2200/ide/plugins/com.nxp.mcuxpresso.tools.win32_10.3.0.201811011841/tools/bin/../lib/gcc/arm-none-eabi/7.3.1/../../../../arm-none-eabi/lib/thumb/v7e-m/fpv4-sp/hard\libcr_nohost_nf.a(__sys_seek.o)
 .comment       0x0000007f       0x80 c:/nxp/mcuxpressoide_10.3.0_2200/ide/plugins/com.nxp.mcuxpresso.tools.win32_10.3.0.201811011841/tools/bin/../lib/gcc/arm-none-eabi/7.3.1/../../../../arm-none-eabi/lib/thumb/v7e-m/fpv4-sp/hard\libcr_nohost_nf.a(__sys_tmpnam.o)
 .comment       0x0000007f       0x80 c:/nxp/mcuxpressoide_10.3.0_2200/ide/plugins/com.nxp.mcuxpresso.tools.win32_10.3.0.201811011841/tools/bin/../lib/gcc/arm-none-eabi/7.3.1/../../../../arm-none-eabi/lib/thumb/v7e-m/fpv4-sp/hard\libcr_nohost_nf.a(__sys_write.o)

.ARM.attributes
                0x00000000       0x37
 .ARM.attributes
                0x00000000       0x39 ./utilities/fsl_debug_console.o
 .ARM.attributes
                0x00000039       0x39 ./utilities/fsl_str.o